Oct 26 07:37:14 chefnode2 anacron[13704]: Job `cron.daily' terminated
Oct 26 07:37:14 chefnode2 anacron[13704]: Normal exit (1 job run)
Oct 26 07:38:01 chefnode2 CRON[13855]: (root) CMD (/usr/sbin/diskmon)
Oct 26 07:39:01 chefnode2 CRON[13859]: (root) CMD (/usr/sbin/diskmon)
Oct 26 07:40:01 chefnode2 CRON[13863]: (root) CMD (/usr/sbin/diskmon)
Oct 26 07:41:01 chefnode2 CRON[13867]: (root) CMD (/usr/sbin/diskmon)
Oct 26 07:42:01 chefnode2 CRON[13871]: (root) CMD (/usr/sbin/diskmon)
Oct 26 07:43:01 chefnode2 CRON[13875]: (root) CMD (/usr/sbin/diskmon)
Oct 26 07:44:01 chefnode2 CRON[13879]: (root) CMD (/usr/sbin/diskmon)
Oct 26 07:45:01 chefnode2 CRON[13883]: (root) CMD (/usr/sbin/diskmon)
Oct 26 07:46:01 chefnode2 CRON[13887]: (root) CMD (/usr/sbin/diskmon)
Oct 26 07:47:01 chefnode2 CRON[13891]: (root) CMD (/usr/sbin/diskmon)
Oct 26 07:48:01 chefnode2 CRON[13895]: (root) CMD (/usr/sbin/diskmon)
Oct 26 07:49:01 chefnode2 CRON[13899]: (root) CMD (/usr/sbin/diskmon)
Oct 26 07:50:01 chefnode2 CRON[13903]: (root) CMD (/usr/sbin/diskmon)
Oct 26 07:51:01 chefnode2 CRON[13907]: (root) CMD (/usr/sbin/diskmon)
Oct 26 07:52:01 chefnode2 CRON[13911]: (root) CMD (/usr/sbin/diskmon)
Oct 26 07:53:01 chefnode2 CRON[13916]: (root) CMD (/usr/sbin/diskmon)
Oct 26 07:54:01 chefnode2 CRON[13920]: (root) CMD (/usr/sbin/diskmon)
Oct 26 07:55:01 chefnode2 CRON[13924]: (root) CMD (/usr/sbin/diskmon)
Oct 26 07:56:01 chefnode2 CRON[13928]: (root) CMD (/usr/sbin/diskmon)
Oct 26 07:57:01 chefnode2 CRON[13932]: (root) CMD (/usr/sbin/diskmon)
Oct 26 07:58:02 chefnode2 CRON[13936]: (root) CMD (/usr/sbin/diskmon)
Oct 26 07:59:01 chefnode2 CRON[13940]: (root) CMD (/usr/sbin/diskmon)
Oct 26 08:00:01 chefnode2 CRON[13944]: (root) CMD (/usr/sbin/diskmon)
Oct 26 08:01:01 chefnode2 CRON[13948]: (root) CMD (/usr/sbin/diskmon)
Oct 26 08:02:01 chefnode2 CRON[13952]: (root) CMD (/usr/sbin/diskmon)
Oct 26 08:03:01 chefnode2 CRON[13956]: (root) CMD (/usr/sbin/diskmon)
Oct 26 08:04:01 chefnode2 CRON[13960]: (root) CMD (/usr/sbin/diskmon)
Oct 26 08:05:01 chefnode2 CRON[13964]: (root) CMD (/usr/sbin/diskmon)
Oct 26 08:06:01 chefnode2 CRON[13968]: (root) CMD (/usr/sbin/diskmon)
Oct 26 08:07:01 chefnode2 CRON[13972]: (root) CMD (/usr/sbin/diskmon)
Oct 26 08:08:01 chefnode2 CRON[13976]: (root) CMD (/usr/sbin/diskmon)
Oct 26 08:08:29 chefnode2 dhclient: DHCPREQUEST of 10.0.2.15 on eth0 to 10.0.2.2 port 67 (xid=0x68defc0e)
Oct 26 08:08:29 chefnode2 dhclient: DHCPACK of 10.0.2.15 from 10.0.2.2
Oct 26 08:08:29 chefnode2 dhclient: bound to 10.0.2.15 -- renewal in 42554 seconds.
Oct 26 08:09:01 chefnode2 CRON[13992]: (root) CMD (/usr/sbin/diskmon)
Oct 26 08:10:01 chefnode2 CRON[13996]: (root) CMD (/usr/sbin/diskmon)
Oct 26 08:11:01 chefnode2 CRON[14000]: (root) CMD (/usr/sbin/diskmon)
Oct 26 08:12:01 chefnode2 CRON[14004]: (root) CMD (/usr/sbin/diskmon)
Oct 26 08:13:01 chefnode2 CRON[14008]: (root) CMD (/usr/sbin/diskmon)
Oct 26 08:14:01 chefnode2 CRON[14012]: (root) CMD (/usr/sbin/diskmon)
Oct 26 08:15:01 chefnode2 CRON[14016]: (root) CMD (/usr/sbin/diskmon)
Oct 26 08:16:01 chefnode2 CRON[14020]: (root) CMD (/usr/sbin/diskmon)
Oct 26 08:17:01 chefnode2 CRON[14025]: (root) CMD (/usr/sbin/diskmon)
Oct 26 08:17:01 chefnode2 CRON[14026]: (root) CMD (   cd / && run-parts --report /etc/cron.hourly)
Oct 26 08:18:01 chefnode2 CRON[14031]: (root) CMD (/usr/sbin/diskmon)
Oct 26 08:19:01 chefnode2 CRON[14036]: (root) CMD (/usr/sbin/diskmon)
Oct 26 08:20:01 chefnode2 CRON[14040]: (root) CMD (/usr/sbin/diskmon)
Oct 26 08:21:01 chefnode2 CRON[14044]: (root) CMD (/usr/sbin/diskmon)
Oct 26 08:22:01 chefnode2 CRON[14048]: (root) CMD (/usr/sbin/diskmon)
Oct 26 08:23:01 chefnode2 CRON[14052]: (root) CMD (/usr/sbin/diskmon)
Oct 26 08:24:01 chefnode2 CRON[14056]: (root) CMD (/usr/sbin/diskmon)
Oct 26 08:25:01 chefnode2 CRON[14060]: (root) CMD (/usr/sbin/diskmon)
Oct 26 08:26:01 chefnode2 CRON[14064]: (root) CMD (/usr/sbin/diskmon)
Oct 26 08:27:01 chefnode2 CRON[14068]: (root) CMD (/usr/sbin/diskmon)
Oct 26 08:28:01 chefnode2 CRON[14072]: (root) CMD (/usr/sbin/diskmon)
Oct 26 08:29:01 chefnode2 CRON[14076]: (root) CMD (/usr/sbin/diskmon)
Oct 26 08:30:01 chefnode2 CRON[14080]: (root) CMD (/usr/sbin/diskmon)
Oct 26 08:31:01 chefnode2 CRON[14084]: (root) CMD (/usr/sbin/diskmon)
Oct 26 08:32:01 chefnode2 CRON[14088]: (root) CMD (/usr/sbin/diskmon)
Oct 26 08:33:01 chefnode2 CRON[14092]: (root) CMD (/usr/sbin/diskmon)
Oct 26 08:34:01 chefnode2 CRON[14096]: (root) CMD (/usr/sbin/diskmon)
Oct 26 08:35:01 chefnode2 CRON[14100]: (root) CMD (/usr/sbin/diskmon)
Oct 26 08:36:01 chefnode2 CRON[14104]: (root) CMD (/usr/sbin/diskmon)
Oct 26 08:37:01 chefnode2 CRON[14108]: (root) CMD (/usr/sbin/diskmon)
Oct 26 08:38:01 chefnode2 CRON[14112]: (root) CMD (/usr/sbin/diskmon)
Oct 26 08:39:01 chefnode2 CRON[14116]: (root) CMD (/usr/sbin/diskmon)
Oct 26 08:40:01 chefnode2 CRON[14120]: (root) CMD (/usr/sbin/diskmon)
Oct 26 08:41:01 chefnode2 CRON[14124]: (root) CMD (/usr/sbin/diskmon)
Oct 26 08:42:01 chefnode2 CRON[14128]: (root) CMD (/usr/sbin/diskmon)
Oct 26 08:43:01 chefnode2 CRON[14132]: (root) CMD (/usr/sbin/diskmon)
Oct 26 08:44:01 chefnode2 CRON[14136]: (root) CMD (/usr/sbin/diskmon)
Oct 26 08:45:01 chefnode2 CRON[14140]: (root) CMD (/usr/sbin/diskmon)
Oct 26 08:46:01 chefnode2 CRON[14144]: (root) CMD (/usr/sbin/diskmon)
Oct 26 08:47:01 chefnode2 CRON[14148]: (root) CMD (/usr/sbin/diskmon)
Oct 26 08:48:01 chefnode2 CRON[14152]: (root) CMD (/usr/sbin/diskmon)
Oct 26 08:49:01 chefnode2 CRON[14156]: (root) CMD (/usr/sbin/diskmon)
Oct 26 08:50:01 chefnode2 CRON[14160]: (root) CMD (/usr/sbin/diskmon)
Oct 26 08:51:01 chefnode2 CRON[14164]: (root) CMD (/usr/sbin/diskmon)
Oct 26 08:52:01 chefnode2 CRON[14168]: (root) CMD (/usr/sbin/diskmon)
Oct 26 08:53:01 chefnode2 CRON[14172]: (root) CMD (/usr/sbin/diskmon)
Oct 26 08:54:01 chefnode2 CRON[14176]: (root) CMD (/usr/sbin/diskmon)
Oct 26 08:55:01 chefnode2 CRON[14180]: (root) CMD (/usr/sbin/diskmon)
Oct 26 08:56:01 chefnode2 CRON[14184]: (root) CMD (/usr/sbin/diskmon)
Oct 26 08:57:01 chefnode2 CRON[14188]: (root) CMD (/usr/sbin/diskmon)
Oct 26 08:58:01 chefnode2 CRON[14192]: (root) CMD (/usr/sbin/diskmon)
Oct 26 08:59:01 chefnode2 CRON[14196]: (root) CMD (/usr/sbin/diskmon)
Oct 26 09:00:01 chefnode2 CRON[14200]: (root) CMD (/usr/sbin/diskmon)
Oct 26 09:01:01 chefnode2 CRON[14204]: (root) CMD (/usr/sbin/diskmon)
Oct 26 09:02:01 chefnode2 CRON[14208]: (root) CMD (/usr/sbin/diskmon)
Oct 26 09:03:01 chefnode2 CRON[14212]: (root) CMD (/usr/sbin/diskmon)
Oct 26 09:04:01 chefnode2 CRON[14216]: (root) CMD (/usr/sbin/diskmon)
Oct 26 09:05:01 chefnode2 CRON[14220]: (root) CMD (/usr/sbin/diskmon)
Oct 26 09:06:01 chefnode2 CRON[14224]: (root) CMD (/usr/sbin/diskmon)
Oct 26 09:07:01 chefnode2 CRON[14228]: (root) CMD (/usr/sbin/diskmon)
Oct 26 09:08:01 chefnode2 CRON[14232]: (root) CMD (/usr/sbin/diskmon)
Oct 26 09:09:01 chefnode2 CRON[14236]: (root) CMD (/usr/sbin/diskmon)
Oct 26 09:10:01 chefnode2 CRON[14240]: (root) CMD (/usr/sbin/diskmon)
Oct 26 09:11:01 chefnode2 CRON[14244]: (root) CMD (/usr/sbin/diskmon)
Oct 26 09:12:01 chefnode2 CRON[14248]: (root) CMD (/usr/sbin/diskmon)
Oct 26 09:13:01 chefnode2 CRON[14252]: (root) CMD (/usr/sbin/diskmon)
Oct 26 09:14:01 chefnode2 CRON[14256]: (root) CMD (/usr/sbin/diskmon)
Oct 26 09:15:01 chefnode2 CRON[14260]: (root) CMD (/usr/sbin/diskmon)
Oct 26 09:16:01 chefnode2 CRON[14264]: (root) CMD (/usr/sbin/diskmon)
Oct 26 09:17:01 chefnode2 CRON[14269]: (root) CMD (   cd / && run-parts --report /etc/cron.hourly)
Oct 26 09:17:01 chefnode2 CRON[14270]: (root) CMD (/usr/sbin/diskmon)
Oct 26 09:18:01 chefnode2 CRON[14275]: (root) CMD (/usr/sbin/diskmon)
Oct 26 09:19:02 chefnode2 CRON[14279]: (root) CMD (/usr/sbin/diskmon)
Oct 26 09:20:01 chefnode2 CRON[14283]: (root) CMD (/usr/sbin/diskmon)
Oct 26 09:21:01 chefnode2 CRON[14287]: (root) CMD (/usr/sbin/diskmon)
Oct 26 09:22:01 chefnode2 CRON[14291]: (root) CMD (/usr/sbin/diskmon)
Oct 26 09:23:01 chefnode2 CRON[14295]: (root) CMD (/usr/sbin/diskmon)
Oct 26 09:24:01 chefnode2 CRON[14299]: (root) CMD (/usr/sbin/diskmon)
Oct 26 09:25:01 chefnode2 CRON[14303]: (root) CMD (/usr/sbin/diskmon)
Oct 26 09:26:01 chefnode2 CRON[14307]: (root) CMD (/usr/sbin/diskmon)
Oct 26 09:27:01 chefnode2 CRON[14311]: (root) CMD (/usr/sbin/diskmon)
Oct 26 09:28:01 chefnode2 CRON[14315]: (root) CMD (/usr/sbin/diskmon)
Oct 26 09:29:01 chefnode2 CRON[14319]: (root) CMD (/usr/sbin/diskmon)
Oct 26 09:30:01 chefnode2 CRON[14323]: (root) CMD (/usr/sbin/diskmon)
Oct 26 09:31:01 chefnode2 CRON[14327]: (root) CMD (/usr/sbin/diskmon)
Oct 26 09:32:01 chefnode2 CRON[14331]: (root) CMD (/usr/sbin/diskmon)
Oct 26 09:33:01 chefnode2 CRON[14335]: (root) CMD (/usr/sbin/diskmon)
Oct 26 09:34:01 chefnode2 CRON[14339]: (root) CMD (/usr/sbin/diskmon)
Oct 26 09:35:01 chefnode2 CRON[14343]: (root) CMD (/usr/sbin/diskmon)
Oct 26 09:36:01 chefnode2 CRON[14347]: (root) CMD (/usr/sbin/diskmon)
Oct 26 09:37:01 chefnode2 CRON[14351]: (root) CMD (/usr/sbin/diskmon)
Oct 26 09:38:01 chefnode2 CRON[14355]: (root) CMD (/usr/sbin/diskmon)
Oct 26 09:39:01 chefnode2 CRON[14359]: (root) CMD (/usr/sbin/diskmon)
Oct 26 09:40:01 chefnode2 CRON[14363]: (root) CMD (/usr/sbin/diskmon)
Oct 26 09:41:01 chefnode2 CRON[14367]: (root) CMD (/usr/sbin/diskmon)
Oct 26 09:42:01 chefnode2 CRON[14371]: (root) CMD (/usr/sbin/diskmon)
Oct 26 09:43:01 chefnode2 CRON[14375]: (root) CMD (/usr/sbin/diskmon)
Oct 26 09:44:01 chefnode2 CRON[14379]: (root) CMD (/usr/sbin/diskmon)
Oct 26 09:45:01 chefnode2 CRON[14383]: (root) CMD (/usr/sbin/diskmon)
Oct 26 09:46:01 chefnode2 CRON[14387]: (root) CMD (/usr/sbin/diskmon)
Oct 26 09:47:01 chefnode2 CRON[14391]: (root) CMD (/usr/sbin/diskmon)
Oct 26 09:48:01 chefnode2 CRON[14395]: (root) CMD (/usr/sbin/diskmon)
Oct 26 09:49:01 chefnode2 CRON[14399]: (root) CMD (/usr/sbin/diskmon)
Oct 26 09:50:01 chefnode2 CRON[14403]: (root) CMD (/usr/sbin/diskmon)
Oct 26 09:51:01 chefnode2 CRON[14407]: (root) CMD (/usr/sbin/diskmon)
Oct 26 09:52:01 chefnode2 CRON[14411]: (root) CMD (/usr/sbin/diskmon)
Oct 26 09:53:01 chefnode2 CRON[14415]: (root) CMD (/usr/sbin/diskmon)
Oct 26 09:54:01 chefnode2 CRON[14419]: (root) CMD (/usr/sbin/diskmon)
Oct 26 09:55:01 chefnode2 CRON[14428]: (root) CMD (/usr/sbin/diskmon)
Oct 26 09:56:01 chefnode2 CRON[14432]: (root) CMD (/usr/sbin/diskmon)
Oct 26 09:57:01 chefnode2 CRON[14436]: (root) CMD (/usr/sbin/diskmon)
Oct 26 09:58:01 chefnode2 CRON[14440]: (root) CMD (/usr/sbin/diskmon)
Oct 26 09:59:01 chefnode2 CRON[14444]: (root) CMD (/usr/sbin/diskmon)
Oct 26 10:00:01 chefnode2 CRON[14448]: (root) CMD (/usr/sbin/diskmon)
Oct 26 10:01:01 chefnode2 CRON[14452]: (root) CMD (/usr/sbin/diskmon)
Oct 26 10:02:01 chefnode2 CRON[14456]: (root) CMD (/usr/sbin/diskmon)
Oct 26 10:03:01 chefnode2 CRON[14460]: (root) CMD (/usr/sbin/diskmon)
Oct 26 10:04:01 chefnode2 CRON[14464]: (root) CMD (/usr/sbin/diskmon)
Oct 26 10:05:01 chefnode2 CRON[14468]: (root) CMD (/usr/sbin/diskmon)
Oct 26 10:06:01 chefnode2 CRON[14472]: (root) CMD (/usr/sbin/diskmon)
Oct 26 10:07:01 chefnode2 CRON[14476]: (root) CMD (/usr/sbin/diskmon)
Oct 26 10:08:01 chefnode2 CRON[14480]: (root) CMD (/usr/sbin/diskmon)
Oct 26 10:09:01 chefnode2 CRON[14484]: (root) CMD (/usr/sbin/diskmon)
Oct 26 10:10:01 chefnode2 CRON[14488]: (root) CMD (/usr/sbin/diskmon)
Oct 26 10:11:01 chefnode2 CRON[14492]: (root) CMD (/usr/sbin/diskmon)
Oct 26 10:12:01 chefnode2 CRON[14496]: (root) CMD (/usr/sbin/diskmon)
Oct 26 10:13:01 chefnode2 CRON[14500]: (root) CMD (/usr/sbin/diskmon)
Oct 26 10:14:01 chefnode2 CRON[14504]: (root) CMD (/usr/sbin/diskmon)
Oct 26 10:15:01 chefnode2 CRON[14508]: (root) CMD (/usr/sbin/diskmon)
Oct 26 10:16:01 chefnode2 CRON[14512]: (root) CMD (/usr/sbin/diskmon)
Oct 26 10:17:01 chefnode2 CRON[14517]: (root) CMD (/usr/sbin/diskmon)
Oct 26 10:17:01 chefnode2 CRON[14518]: (root) CMD (   cd / && run-parts --report /etc/cron.hourly)
Oct 26 10:18:01 chefnode2 CRON[14523]: (root) CMD (/usr/sbin/diskmon)
Oct 26 10:19:01 chefnode2 CRON[14527]: (root) CMD (/usr/sbin/diskmon)
Oct 26 10:20:01 chefnode2 CRON[14531]: (root) CMD (/usr/sbin/diskmon)
Oct 26 10:21:01 chefnode2 CRON[14535]: (root) CMD (/usr/sbin/diskmon)
Oct 26 10:22:01 chefnode2 CRON[14539]: (root) CMD (/usr/sbin/diskmon)
Oct 26 10:23:01 chefnode2 CRON[14543]: (root) CMD (/usr/sbin/diskmon)
Oct 26 10:24:01 chefnode2 CRON[14547]: (root) CMD (/usr/sbin/diskmon)
Oct 26 10:25:01 chefnode2 CRON[14551]: (root) CMD (/usr/sbin/diskmon)
Oct 26 10:26:01 chefnode2 CRON[14555]: (root) CMD (/usr/sbin/diskmon)
Oct 26 10:27:01 chefnode2 CRON[14559]: (root) CMD (/usr/sbin/diskmon)
Oct 26 10:28:01 chefnode2 CRON[14563]: (root) CMD (/usr/sbin/diskmon)
Oct 26 10:29:01 chefnode2 CRON[14567]: (root) CMD (/usr/sbin/diskmon)
Oct 26 10:30:01 chefnode2 CRON[14571]: (root) CMD (/usr/sbin/diskmon)
Oct 26 10:31:01 chefnode2 CRON[14575]: (root) CMD (/usr/sbin/diskmon)
Oct 26 10:32:01 chefnode2 CRON[14579]: (root) CMD (/usr/sbin/diskmon)
Oct 26 10:33:01 chefnode2 CRON[14583]: (root) CMD (/usr/sbin/diskmon)
Oct 26 10:34:01 chefnode2 CRON[14587]: (root) CMD (/usr/sbin/diskmon)
Oct 26 10:35:01 chefnode2 CRON[14591]: (root) CMD (/usr/sbin/diskmon)
Oct 26 10:36:01 chefnode2 CRON[14595]: (root) CMD (/usr/sbin/diskmon)
Oct 26 10:37:01 chefnode2 CRON[14599]: (root) CMD (/usr/sbin/diskmon)
Oct 26 10:38:01 chefnode2 CRON[14603]: (root) CMD (/usr/sbin/diskmon)
Oct 26 10:39:01 chefnode2 CRON[14607]: (root) CMD (/usr/sbin/diskmon)
Oct 26 10:40:01 chefnode2 CRON[14611]: (root) CMD (/usr/sbin/diskmon)
Oct 26 10:41:01 chefnode2 CRON[14615]: (root) CMD (/usr/sbin/diskmon)
Oct 26 10:42:01 chefnode2 CRON[14619]: (root) CMD (/usr/sbin/diskmon)
Oct 26 10:43:01 chefnode2 CRON[14623]: (root) CMD (/usr/sbin/diskmon)
Oct 26 10:44:01 chefnode2 CRON[14627]: (root) CMD (/usr/sbin/diskmon)
Oct 26 10:45:01 chefnode2 CRON[14631]: (root) CMD (/usr/sbin/diskmon)
Oct 26 10:46:01 chefnode2 CRON[14635]: (root) CMD (/usr/sbin/diskmon)
Oct 26 10:47:01 chefnode2 CRON[14639]: (root) CMD (/usr/sbin/diskmon)
Oct 26 10:48:01 chefnode2 CRON[14643]: (root) CMD (/usr/sbin/diskmon)
Oct 26 10:49:01 chefnode2 CRON[14647]: (root) CMD (/usr/sbin/diskmon)
Oct 26 10:50:01 chefnode2 CRON[14651]: (root) CMD (/usr/sbin/diskmon)
Oct 26 10:51:01 chefnode2 CRON[14655]: (root) CMD (/usr/sbin/diskmon)
Oct 26 10:52:01 chefnode2 CRON[14659]: (root) CMD (/usr/sbin/diskmon)
Oct 26 10:53:02 chefnode2 CRON[14663]: (root) CMD (/usr/sbin/diskmon)
Oct 26 10:54:01 chefnode2 CRON[14667]: (root) CMD (/usr/sbin/diskmon)
Oct 26 10:55:01 chefnode2 CRON[14671]: (root) CMD (/usr/sbin/diskmon)
Oct 26 10:56:01 chefnode2 CRON[14675]: (root) CMD (/usr/sbin/diskmon)
Oct 26 10:57:01 chefnode2 CRON[14679]: (root) CMD (/usr/sbin/diskmon)
Oct 26 10:58:01 chefnode2 CRON[14683]: (root) CMD (/usr/sbin/diskmon)
Oct 26 10:59:01 chefnode2 CRON[14687]: (root) CMD (/usr/sbin/diskmon)
Oct 26 11:00:01 chefnode2 CRON[14691]: (root) CMD (/usr/sbin/diskmon)
Oct 26 11:01:01 chefnode2 CRON[14695]: (root) CMD (/usr/sbin/diskmon)
Oct 26 11:02:01 chefnode2 CRON[14699]: (root) CMD (/usr/sbin/diskmon)
Oct 26 11:03:01 chefnode2 CRON[14703]: (root) CMD (/usr/sbin/diskmon)
Oct 26 11:04:01 chefnode2 CRON[14707]: (root) CMD (/usr/sbin/diskmon)
Oct 26 11:05:01 chefnode2 CRON[14711]: (root) CMD (/usr/sbin/diskmon)
Oct 26 11:06:01 chefnode2 CRON[14715]: (root) CMD (/usr/sbin/diskmon)
Oct 26 11:07:01 chefnode2 CRON[14719]: (root) CMD (/usr/sbin/diskmon)
Oct 26 11:08:01 chefnode2 CRON[14723]: (root) CMD (/usr/sbin/diskmon)
Oct 26 11:09:01 chefnode2 CRON[14727]: (root) CMD (/usr/sbin/diskmon)
Oct 26 11:10:01 chefnode2 CRON[14731]: (root) CMD (/usr/sbin/diskmon)
Oct 26 11:11:01 chefnode2 CRON[14735]: (root) CMD (/usr/sbin/diskmon)
Oct 26 11:12:01 chefnode2 CRON[14739]: (root) CMD (/usr/sbin/diskmon)
Oct 26 11:13:01 chefnode2 CRON[14743]: (root) CMD (/usr/sbin/diskmon)
Oct 26 11:14:01 chefnode2 CRON[14747]: (root) CMD (/usr/sbin/diskmon)
Oct 26 11:15:01 chefnode2 CRON[14751]: (root) CMD (/usr/sbin/diskmon)
Oct 26 11:16:01 chefnode2 CRON[14755]: (root) CMD (/usr/sbin/diskmon)
Oct 26 11:17:01 chefnode2 CRON[14760]: (root) CMD (/usr/sbin/diskmon)
Oct 26 11:17:01 chefnode2 CRON[14761]: (root) CMD (   cd / && run-parts --report /etc/cron.hourly)
Oct 26 11:18:01 chefnode2 CRON[14766]: (root) CMD (/usr/sbin/diskmon)
Oct 26 11:19:01 chefnode2 CRON[14770]: (root) CMD (/usr/sbin/diskmon)
Oct 26 11:20:01 chefnode2 CRON[14774]: (root) CMD (/usr/sbin/diskmon)
Oct 26 11:21:01 chefnode2 CRON[14778]: (root) CMD (/usr/sbin/diskmon)
Oct 26 11:22:01 chefnode2 CRON[14782]: (root) CMD (/usr/sbin/diskmon)
Oct 26 11:23:01 chefnode2 CRON[14786]: (root) CMD (/usr/sbin/diskmon)
Oct 26 11:24:01 chefnode2 CRON[14790]: (root) CMD (/usr/sbin/diskmon)
Oct 26 11:25:01 chefnode2 CRON[14794]: (root) CMD (/usr/sbin/diskmon)
Oct 26 11:26:01 chefnode2 CRON[14798]: (root) CMD (/usr/sbin/diskmon)
Oct 26 11:27:01 chefnode2 CRON[14802]: (root) CMD (/usr/sbin/diskmon)
Oct 26 11:28:01 chefnode2 CRON[14806]: (root) CMD (/usr/sbin/diskmon)
Oct 26 11:29:01 chefnode2 CRON[14810]: (root) CMD (/usr/sbin/diskmon)
Oct 26 11:30:01 chefnode2 CRON[14814]: (root) CMD (/usr/sbin/diskmon)
Oct 26 11:31:01 chefnode2 CRON[14818]: (root) CMD (/usr/sbin/diskmon)
Oct 26 11:32:01 chefnode2 CRON[14822]: (root) CMD (/usr/sbin/diskmon)
Oct 26 11:33:01 chefnode2 CRON[14826]: (root) CMD (/usr/sbin/diskmon)
Oct 26 11:34:01 chefnode2 CRON[14830]: (root) CMD (/usr/sbin/diskmon)
Oct 26 11:35:01 chefnode2 CRON[14834]: (root) CMD (/usr/sbin/diskmon)
Oct 26 11:36:01 chefnode2 CRON[14838]: (root) CMD (/usr/sbin/diskmon)
Oct 26 11:37:01 chefnode2 CRON[14842]: (root) CMD (/usr/sbin/diskmon)
Oct 26 11:38:01 chefnode2 CRON[14846]: (root) CMD (/usr/sbin/diskmon)
Oct 26 11:39:01 chefnode2 CRON[14850]: (root) CMD (/usr/sbin/diskmon)
Oct 26 11:40:01 chefnode2 CRON[14854]: (root) CMD (/usr/sbin/diskmon)
Oct 26 11:41:01 chefnode2 CRON[14858]: (root) CMD (/usr/sbin/diskmon)
Oct 26 11:42:01 chefnode2 CRON[14862]: (root) CMD (/usr/sbin/diskmon)
Oct 26 11:43:01 chefnode2 CRON[14866]: (root) CMD (/usr/sbin/diskmon)
Oct 26 11:44:01 chefnode2 CRON[14870]: (root) CMD (/usr/sbin/diskmon)
Oct 26 11:45:01 chefnode2 CRON[14874]: (root) CMD (/usr/sbin/diskmon)
Oct 26 11:46:01 chefnode2 CRON[14878]: (root) CMD (/usr/sbin/diskmon)
Oct 26 11:47:01 chefnode2 CRON[14882]: (root) CMD (/usr/sbin/diskmon)
Oct 26 11:48:01 chefnode2 CRON[14886]: (root) CMD (/usr/sbin/diskmon)
Oct 26 11:49:01 chefnode2 CRON[14890]: (root) CMD (/usr/sbin/diskmon)
Oct 26 11:50:01 chefnode2 CRON[14894]: (root) CMD (/usr/sbin/diskmon)
Oct 26 11:51:01 chefnode2 CRON[14898]: (root) CMD (/usr/sbin/diskmon)
Oct 26 11:52:01 chefnode2 CRON[14902]: (root) CMD (/usr/sbin/diskmon)
Oct 26 11:53:01 chefnode2 CRON[14906]: (root) CMD (/usr/sbin/diskmon)
Oct 26 11:54:01 chefnode2 CRON[14910]: (root) CMD (/usr/sbin/diskmon)
Oct 26 11:55:01 chefnode2 CRON[14914]: (root) CMD (/usr/sbin/diskmon)
Oct 26 11:56:01 chefnode2 CRON[14918]: (root) CMD (/usr/sbin/diskmon)
Oct 26 11:57:01 chefnode2 CRON[14922]: (root) CMD (/usr/sbin/diskmon)
Oct 26 11:58:01 chefnode2 CRON[14926]: (root) CMD (/usr/sbin/diskmon)
Oct 26 11:59:01 chefnode2 CRON[14930]: (root) CMD (/usr/sbin/diskmon)
Oct 26 12:00:01 chefnode2 CRON[14934]: (root) CMD (/usr/sbin/diskmon)
Oct 26 12:01:01 chefnode2 CRON[14938]: (root) CMD (/usr/sbin/diskmon)
Oct 26 12:02:01 chefnode2 CRON[14942]: (root) CMD (/usr/sbin/diskmon)
Oct 26 12:03:01 chefnode2 CRON[14946]: (root) CMD (/usr/sbin/diskmon)
Oct 26 12:04:01 chefnode2 CRON[14950]: (root) CMD (/usr/sbin/diskmon)
Oct 26 12:05:01 chefnode2 CRON[14954]: (root) CMD (/usr/sbin/diskmon)
Oct 26 12:06:01 chefnode2 CRON[14958]: (root) CMD (/usr/sbin/diskmon)
Oct 26 12:07:01 chefnode2 CRON[14962]: (root) CMD (/usr/sbin/diskmon)
Oct 26 12:08:01 chefnode2 CRON[14966]: (root) CMD (/usr/sbin/diskmon)
Oct 26 12:09:01 chefnode2 CRON[14970]: (root) CMD (/usr/sbin/diskmon)
Oct 26 12:10:01 chefnode2 CRON[14974]: (root) CMD (/usr/sbin/diskmon)
Oct 26 12:11:01 chefnode2 CRON[14978]: (root) CMD (/usr/sbin/diskmon)
Oct 26 12:12:01 chefnode2 CRON[14982]: (root) CMD (/usr/sbin/diskmon)
Oct 26 12:13:01 chefnode2 CRON[14986]: (root) CMD (/usr/sbin/diskmon)
Oct 26 12:14:01 chefnode2 CRON[14990]: (root) CMD (/usr/sbin/diskmon)
Oct 26 12:15:01 chefnode2 CRON[14994]: (root) CMD (/usr/sbin/diskmon)
Oct 26 12:16:01 chefnode2 CRON[14998]: (root) CMD (/usr/sbin/diskmon)
Oct 26 12:17:01 chefnode2 CRON[15003]: (root) CMD (/usr/sbin/diskmon)
Oct 26 12:17:01 chefnode2 CRON[15004]: (root) CMD (   cd / && run-parts --report /etc/cron.hourly)
Oct 26 12:18:01 chefnode2 CRON[15009]: (root) CMD (/usr/sbin/diskmon)
Oct 26 12:19:01 chefnode2 CRON[15013]: (root) CMD (/usr/sbin/diskmon)
Oct 26 12:20:01 chefnode2 CRON[15017]: (root) CMD (/usr/sbin/diskmon)
Oct 26 12:21:01 chefnode2 CRON[15021]: (root) CMD (/usr/sbin/diskmon)
Oct 26 12:22:02 chefnode2 CRON[15025]: (root) CMD (/usr/sbin/diskmon)
Oct 26 12:23:01 chefnode2 CRON[15029]: (root) CMD (/usr/sbin/diskmon)
Oct 26 12:24:01 chefnode2 CRON[15033]: (root) CMD (/usr/sbin/diskmon)
Oct 26 12:25:01 chefnode2 CRON[15037]: (root) CMD (/usr/sbin/diskmon)
Oct 26 12:26:01 chefnode2 CRON[15041]: (root) CMD (/usr/sbin/diskmon)
Oct 26 12:27:01 chefnode2 CRON[15045]: (root) CMD (/usr/sbin/diskmon)
Oct 26 12:28:01 chefnode2 CRON[15049]: (root) CMD (/usr/sbin/diskmon)
Oct 26 12:29:01 chefnode2 CRON[15053]: (root) CMD (/usr/sbin/diskmon)
Oct 26 12:30:01 chefnode2 CRON[15057]: (root) CMD (/usr/sbin/diskmon)
Oct 26 12:31:01 chefnode2 CRON[15061]: (root) CMD (/usr/sbin/diskmon)
Oct 26 12:32:01 chefnode2 CRON[15065]: (root) CMD (/usr/sbin/diskmon)
Oct 26 12:33:01 chefnode2 CRON[15069]: (root) CMD (/usr/sbin/diskmon)
Oct 26 12:34:01 chefnode2 CRON[15073]: (root) CMD (/usr/sbin/diskmon)
Oct 26 12:35:01 chefnode2 CRON[15077]: (root) CMD (/usr/sbin/diskmon)
Oct 26 12:36:01 chefnode2 CRON[15081]: (root) CMD (/usr/sbin/diskmon)
Oct 26 12:37:01 chefnode2 CRON[15085]: (root) CMD (/usr/sbin/diskmon)
Oct 26 12:38:01 chefnode2 CRON[15089]: (root) CMD (/usr/sbin/diskmon)
Oct 26 12:39:01 chefnode2 CRON[15093]: (root) CMD (/usr/sbin/diskmon)
Oct 26 12:40:01 chefnode2 CRON[15097]: (root) CMD (/usr/sbin/diskmon)
Oct 26 12:41:01 chefnode2 CRON[15101]: (root) CMD (/usr/sbin/diskmon)
Oct 26 12:42:01 chefnode2 CRON[15105]: (root) CMD (/usr/sbin/diskmon)
Oct 26 12:43:01 chefnode2 CRON[15109]: (root) CMD (/usr/sbin/diskmon)
Oct 26 12:44:01 chefnode2 CRON[15113]: (root) CMD (/usr/sbin/diskmon)
Oct 26 12:45:01 chefnode2 CRON[15117]: (root) CMD (/usr/sbin/diskmon)
Oct 26 12:46:01 chefnode2 CRON[15121]: (root) CMD (/usr/sbin/diskmon)
Oct 26 12:47:01 chefnode2 CRON[15125]: (root) CMD (/usr/sbin/diskmon)
Oct 26 12:48:01 chefnode2 CRON[15129]: (root) CMD (/usr/sbin/diskmon)
Oct 26 12:49:01 chefnode2 CRON[15133]: (root) CMD (/usr/sbin/diskmon)
Oct 26 12:50:01 chefnode2 CRON[15137]: (root) CMD (/usr/sbin/diskmon)
Oct 26 12:51:01 chefnode2 CRON[15141]: (root) CMD (/usr/sbin/diskmon)
Oct 26 12:52:01 chefnode2 CRON[15145]: (root) CMD (/usr/sbin/diskmon)
Oct 26 12:53:01 chefnode2 CRON[15149]: (root) CMD (/usr/sbin/diskmon)
Oct 26 12:54:01 chefnode2 CRON[15153]: (root) CMD (/usr/sbin/diskmon)
Oct 26 12:55:01 chefnode2 CRON[15157]: (root) CMD (/usr/sbin/diskmon)
Oct 26 12:56:01 chefnode2 CRON[15161]: (root) CMD (/usr/sbin/diskmon)
Oct 26 12:57:01 chefnode2 CRON[15165]: (root) CMD (/usr/sbin/diskmon)
Oct 26 12:58:01 chefnode2 CRON[15169]: (root) CMD (/usr/sbin/diskmon)
Oct 26 12:59:01 chefnode2 CRON[15173]: (root) CMD (/usr/sbin/diskmon)
Oct 26 13:00:01 chefnode2 CRON[15177]: (root) CMD (/usr/sbin/diskmon)
Oct 26 13:01:01 chefnode2 CRON[15181]: (root) CMD (/usr/sbin/diskmon)
Oct 26 13:02:01 chefnode2 CRON[15185]: (root) CMD (/usr/sbin/diskmon)
Oct 26 13:03:01 chefnode2 CRON[15189]: (root) CMD (/usr/sbin/diskmon)
Oct 26 13:04:01 chefnode2 CRON[15193]: (root) CMD (/usr/sbin/diskmon)
Oct 26 13:05:01 chefnode2 CRON[15197]: (root) CMD (/usr/sbin/diskmon)
Oct 26 13:06:01 chefnode2 CRON[15201]: (root) CMD (/usr/sbin/diskmon)
Oct 26 13:07:01 chefnode2 CRON[15205]: (root) CMD (/usr/sbin/diskmon)
Oct 26 13:08:01 chefnode2 CRON[15209]: (root) CMD (/usr/sbin/diskmon)
Oct 26 13:09:01 chefnode2 CRON[15213]: (root) CMD (/usr/sbin/diskmon)
Oct 26 13:10:01 chefnode2 CRON[15217]: (root) CMD (/usr/sbin/diskmon)
Oct 26 13:11:01 chefnode2 CRON[15221]: (root) CMD (/usr/sbin/diskmon)
Oct 26 13:12:01 chefnode2 CRON[15225]: (root) CMD (/usr/sbin/diskmon)
Oct 26 13:13:01 chefnode2 CRON[15229]: (root) CMD (/usr/sbin/diskmon)
Oct 26 13:14:01 chefnode2 CRON[15233]: (root) CMD (/usr/sbin/diskmon)
Oct 26 13:15:01 chefnode2 CRON[15237]: (root) CMD (/usr/sbin/diskmon)
Oct 26 13:16:01 chefnode2 CRON[15241]: (root) CMD (/usr/sbin/diskmon)
Oct 26 13:17:01 chefnode2 CRON[15246]: (root) CMD (/usr/sbin/diskmon)
Oct 26 13:17:01 chefnode2 CRON[15247]: (root) CMD (   cd / && run-parts --report /etc/cron.hourly)
Oct 26 13:18:01 chefnode2 CRON[15252]: (root) CMD (/usr/sbin/diskmon)
Oct 26 13:19:01 chefnode2 CRON[15256]: (root) CMD (/usr/sbin/diskmon)
Oct 26 13:20:01 chefnode2 CRON[15260]: (root) CMD (/usr/sbin/diskmon)
Oct 26 13:21:01 chefnode2 CRON[15264]: (root) CMD (/usr/sbin/diskmon)
Oct 26 13:22:01 chefnode2 CRON[15268]: (root) CMD (/usr/sbin/diskmon)
Oct 26 13:23:01 chefnode2 CRON[15272]: (root) CMD (/usr/sbin/diskmon)
Oct 26 13:24:01 chefnode2 CRON[15276]: (root) CMD (/usr/sbin/diskmon)
Oct 26 13:25:01 chefnode2 CRON[15280]: (root) CMD (/usr/sbin/diskmon)
Oct 26 13:26:01 chefnode2 CRON[15284]: (root) CMD (/usr/sbin/diskmon)
Oct 26 13:27:01 chefnode2 CRON[15288]: (root) CMD (/usr/sbin/diskmon)
Oct 26 13:28:01 chefnode2 CRON[15292]: (root) CMD (/usr/sbin/diskmon)
Oct 26 13:29:01 chefnode2 CRON[15296]: (root) CMD (/usr/sbin/diskmon)
Oct 26 13:30:01 chefnode2 CRON[15300]: (root) CMD (/usr/sbin/diskmon)
Oct 26 13:31:01 chefnode2 CRON[15304]: (root) CMD (/usr/sbin/diskmon)
Oct 26 13:32:01 chefnode2 CRON[15308]: (root) CMD (/usr/sbin/diskmon)
Oct 26 13:33:01 chefnode2 CRON[15312]: (root) CMD (/usr/sbin/diskmon)
Oct 26 13:34:01 chefnode2 CRON[15316]: (root) CMD (/usr/sbin/diskmon)
Oct 26 13:35:01 chefnode2 CRON[15320]: (root) CMD (/usr/sbin/diskmon)
Oct 26 13:36:01 chefnode2 CRON[15324]: (root) CMD (/usr/sbin/diskmon)
Oct 26 13:37:01 chefnode2 CRON[15328]: (root) CMD (/usr/sbin/diskmon)
Oct 26 13:38:01 chefnode2 CRON[15332]: (root) CMD (/usr/sbin/diskmon)
Oct 26 13:39:01 chefnode2 CRON[15336]: (root) CMD (/usr/sbin/diskmon)
Oct 26 13:40:01 chefnode2 CRON[15340]: (root) CMD (/usr/sbin/diskmon)
Oct 26 13:41:01 chefnode2 CRON[15344]: (root) CMD (/usr/sbin/diskmon)
Oct 26 13:42:01 chefnode2 CRON[15348]: (root) CMD (/usr/sbin/diskmon)
Oct 26 13:43:01 chefnode2 CRON[15352]: (root) CMD (/usr/sbin/diskmon)
Oct 26 13:44:01 chefnode2 CRON[15356]: (root) CMD (/usr/sbin/diskmon)
Oct 26 13:45:01 chefnode2 CRON[15360]: (root) CMD (/usr/sbin/diskmon)
Oct 26 13:46:01 chefnode2 CRON[15364]: (root) CMD (/usr/sbin/diskmon)
Oct 26 13:47:01 chefnode2 CRON[15368]: (root) CMD (/usr/sbin/diskmon)
Oct 26 13:48:01 chefnode2 CRON[15372]: (root) CMD (/usr/sbin/diskmon)
Oct 26 13:49:01 chefnode2 CRON[15376]: (root) CMD (/usr/sbin/diskmon)
Oct 26 13:50:01 chefnode2 CRON[15380]: (root) CMD (/usr/sbin/diskmon)
Oct 26 13:51:01 chefnode2 CRON[15384]: (root) CMD (/usr/sbin/diskmon)
Oct 26 13:52:01 chefnode2 CRON[15388]: (root) CMD (/usr/sbin/diskmon)
Oct 26 13:53:01 chefnode2 CRON[15392]: (root) CMD (/usr/sbin/diskmon)
Oct 26 13:54:01 chefnode2 CRON[15396]: (root) CMD (/usr/sbin/diskmon)
Oct 26 13:55:01 chefnode2 CRON[15400]: (root) CMD (/usr/sbin/diskmon)
Oct 26 13:56:01 chefnode2 CRON[15404]: (root) CMD (/usr/sbin/diskmon)
Oct 26 13:57:01 chefnode2 CRON[15408]: (root) CMD (/usr/sbin/diskmon)
Oct 26 13:58:01 chefnode2 CRON[15412]: (root) CMD (/usr/sbin/diskmon)
Oct 26 13:59:01 chefnode2 CRON[15416]: (root) CMD (/usr/sbin/diskmon)
Oct 26 14:00:01 chefnode2 CRON[15420]: (root) CMD (/usr/sbin/diskmon)
Oct 26 14:01:02 chefnode2 CRON[15424]: (root) CMD (/usr/sbin/diskmon)
Oct 26 14:02:01 chefnode2 CRON[15428]: (root) CMD (/usr/sbin/diskmon)
Oct 26 14:03:01 chefnode2 CRON[15432]: (root) CMD (/usr/sbin/diskmon)
Oct 26 14:04:01 chefnode2 CRON[15436]: (root) CMD (/usr/sbin/diskmon)
Oct 26 14:05:01 chefnode2 CRON[15440]: (root) CMD (/usr/sbin/diskmon)
Oct 26 14:06:01 chefnode2 CRON[15444]: (root) CMD (/usr/sbin/diskmon)
Oct 26 14:07:01 chefnode2 CRON[15448]: (root) CMD (/usr/sbin/diskmon)
Oct 26 14:08:01 chefnode2 CRON[15452]: (root) CMD (/usr/sbin/diskmon)
Oct 26 14:09:01 chefnode2 CRON[15456]: (root) CMD (/usr/sbin/diskmon)
Oct 26 14:10:01 chefnode2 CRON[15460]: (root) CMD (/usr/sbin/diskmon)
Oct 26 14:11:01 chefnode2 CRON[15464]: (root) CMD (/usr/sbin/diskmon)
Oct 26 14:12:01 chefnode2 CRON[15468]: (root) CMD (/usr/sbin/diskmon)
Oct 26 14:13:01 chefnode2 CRON[15472]: (root) CMD (/usr/sbin/diskmon)
Oct 26 14:14:01 chefnode2 CRON[15476]: (root) CMD (/usr/sbin/diskmon)
Oct 26 14:15:01 chefnode2 CRON[15480]: (root) CMD (/usr/sbin/diskmon)
Oct 26 14:16:01 chefnode2 CRON[15484]: (root) CMD (/usr/sbin/diskmon)
Oct 26 14:17:01 chefnode2 CRON[15489]: (root) CMD (/usr/sbin/diskmon)
Oct 26 14:17:01 chefnode2 CRON[15490]: (root) CMD (   cd / && run-parts --report /etc/cron.hourly)
Oct 26 14:18:01 chefnode2 CRON[15495]: (root) CMD (/usr/sbin/diskmon)
Oct 26 14:19:01 chefnode2 CRON[15499]: (root) CMD (/usr/sbin/diskmon)
Oct 26 14:20:01 chefnode2 CRON[15503]: (root) CMD (/usr/sbin/diskmon)
Oct 26 14:21:01 chefnode2 CRON[15507]: (root) CMD (/usr/sbin/diskmon)
Oct 26 14:22:01 chefnode2 CRON[15511]: (root) CMD (/usr/sbin/diskmon)
Oct 26 14:23:01 chefnode2 CRON[15515]: (root) CMD (/usr/sbin/diskmon)
Oct 26 14:24:01 chefnode2 CRON[15519]: (root) CMD (/usr/sbin/diskmon)
Oct 26 14:25:01 chefnode2 CRON[15523]: (root) CMD (/usr/sbin/diskmon)
Oct 26 14:26:01 chefnode2 CRON[15527]: (root) CMD (/usr/sbin/diskmon)
Oct 26 14:27:01 chefnode2 CRON[15531]: (root) CMD (/usr/sbin/diskmon)
Oct 26 14:28:01 chefnode2 CRON[15535]: (root) CMD (/usr/sbin/diskmon)
Oct 26 14:29:01 chefnode2 CRON[15539]: (root) CMD (/usr/sbin/diskmon)
Oct 26 14:30:01 chefnode2 CRON[15543]: (root) CMD (/usr/sbin/diskmon)
Oct 26 14:31:01 chefnode2 CRON[15547]: (root) CMD (/usr/sbin/diskmon)
Oct 26 14:32:01 chefnode2 CRON[15551]: (root) CMD (/usr/sbin/diskmon)
Oct 26 14:33:01 chefnode2 CRON[15555]: (root) CMD (/usr/sbin/diskmon)
Oct 26 14:34:01 chefnode2 CRON[15559]: (root) CMD (/usr/sbin/diskmon)
Oct 26 14:35:01 chefnode2 CRON[15563]: (root) CMD (/usr/sbin/diskmon)
Oct 26 14:36:01 chefnode2 CRON[15567]: (root) CMD (/usr/sbin/diskmon)
Oct 26 14:37:01 chefnode2 CRON[15571]: (root) CMD (/usr/sbin/diskmon)
Oct 26 14:38:01 chefnode2 CRON[15575]: (root) CMD (/usr/sbin/diskmon)
Oct 26 14:39:01 chefnode2 CRON[15579]: (root) CMD (/usr/sbin/diskmon)
Oct 26 14:40:01 chefnode2 CRON[15583]: (root) CMD (/usr/sbin/diskmon)
Oct 26 14:41:01 chefnode2 CRON[15587]: (root) CMD (/usr/sbin/diskmon)
Oct 26 14:42:01 chefnode2 CRON[15591]: (root) CMD (/usr/sbin/diskmon)
Oct 26 14:43:01 chefnode2 CRON[15595]: (root) CMD (/usr/sbin/diskmon)
Oct 26 14:44:01 chefnode2 CRON[15599]: (root) CMD (/usr/sbin/diskmon)
Oct 26 14:45:01 chefnode2 CRON[15603]: (root) CMD (/usr/sbin/diskmon)
Oct 26 14:46:01 chefnode2 CRON[15607]: (root) CMD (/usr/sbin/diskmon)
Oct 26 14:47:01 chefnode2 CRON[15611]: (root) CMD (/usr/sbin/diskmon)
Oct 26 14:48:01 chefnode2 CRON[15615]: (root) CMD (/usr/sbin/diskmon)
Oct 26 14:49:01 chefnode2 CRON[15619]: (root) CMD (/usr/sbin/diskmon)
Oct 26 14:50:01 chefnode2 CRON[15623]: (root) CMD (/usr/sbin/diskmon)
Oct 26 14:51:01 chefnode2 CRON[15627]: (root) CMD (/usr/sbin/diskmon)
Oct 26 14:52:01 chefnode2 CRON[15631]: (root) CMD (/usr/sbin/diskmon)
Oct 26 14:53:01 chefnode2 CRON[15635]: (root) CMD (/usr/sbin/diskmon)
Oct 26 14:54:01 chefnode2 CRON[15639]: (root) CMD (/usr/sbin/diskmon)
Oct 26 14:55:01 chefnode2 CRON[15643]: (root) CMD (/usr/sbin/diskmon)
Oct 26 14:56:01 chefnode2 CRON[15647]: (root) CMD (/usr/sbin/diskmon)
Oct 26 14:57:01 chefnode2 CRON[15651]: (root) CMD (/usr/sbin/diskmon)
Oct 26 14:58:01 chefnode2 CRON[15655]: (root) CMD (/usr/sbin/diskmon)
Oct 26 14:59:01 chefnode2 CRON[15659]: (root) CMD (/usr/sbin/diskmon)
Oct 26 15:00:01 chefnode2 CRON[15663]: (root) CMD (/usr/sbin/diskmon)
Oct 26 15:01:01 chefnode2 CRON[15667]: (root) CMD (/usr/sbin/diskmon)
Oct 26 15:02:01 chefnode2 CRON[15671]: (root) CMD (/usr/sbin/diskmon)
Oct 26 15:03:01 chefnode2 CRON[15675]: (root) CMD (/usr/sbin/diskmon)
Oct 26 15:04:01 chefnode2 CRON[15679]: (root) CMD (/usr/sbin/diskmon)
Oct 26 15:05:01 chefnode2 CRON[15683]: (root) CMD (/usr/sbin/diskmon)
Oct 26 15:06:01 chefnode2 CRON[15687]: (root) CMD (/usr/sbin/diskmon)
Oct 26 15:07:01 chefnode2 CRON[15691]: (root) CMD (/usr/sbin/diskmon)
Oct 26 15:08:01 chefnode2 CRON[15695]: (root) CMD (/usr/sbin/diskmon)
Oct 26 15:09:01 chefnode2 CRON[15699]: (root) CMD (/usr/sbin/diskmon)
Oct 26 15:10:01 chefnode2 CRON[15703]: (root) CMD (/usr/sbin/diskmon)
Oct 26 15:11:01 chefnode2 CRON[15707]: (root) CMD (/usr/sbin/diskmon)
Oct 26 15:12:01 chefnode2 CRON[15711]: (root) CMD (/usr/sbin/diskmon)
Oct 26 15:13:01 chefnode2 CRON[15715]: (root) CMD (/usr/sbin/diskmon)
Oct 26 15:14:01 chefnode2 CRON[15719]: (root) CMD (/usr/sbin/diskmon)
Oct 26 15:15:01 chefnode2 CRON[15723]: (root) CMD (/usr/sbin/diskmon)
Oct 26 15:16:01 chefnode2 CRON[15727]: (root) CMD (/usr/sbin/diskmon)
Oct 26 15:17:01 chefnode2 CRON[15732]: (root) CMD (   cd / && run-parts --report /etc/cron.hourly)
Oct 26 15:17:01 chefnode2 CRON[15733]: (root) CMD (/usr/sbin/diskmon)
Oct 26 15:18:01 chefnode2 CRON[15738]: (root) CMD (/usr/sbin/diskmon)
Oct 26 15:19:01 chefnode2 CRON[15742]: (root) CMD (/usr/sbin/diskmon)
Oct 26 15:20:01 chefnode2 CRON[15746]: (root) CMD (/usr/sbin/diskmon)
Oct 26 15:21:01 chefnode2 CRON[15750]: (root) CMD (/usr/sbin/diskmon)
Oct 26 15:22:01 chefnode2 CRON[15754]: (root) CMD (/usr/sbin/diskmon)
Oct 26 15:23:01 chefnode2 CRON[15758]: (root) CMD (/usr/sbin/diskmon)
Oct 26 15:24:01 chefnode2 CRON[15762]: (root) CMD (/usr/sbin/diskmon)
Oct 26 15:25:01 chefnode2 CRON[15766]: (root) CMD (/usr/sbin/diskmon)
Oct 26 15:26:01 chefnode2 CRON[15770]: (root) CMD (/usr/sbin/diskmon)
Oct 26 15:27:01 chefnode2 CRON[15774]: (root) CMD (/usr/sbin/diskmon)
Oct 26 15:28:01 chefnode2 CRON[15778]: (root) CMD (/usr/sbin/diskmon)
Oct 26 15:29:01 chefnode2 CRON[15782]: (root) CMD (/usr/sbin/diskmon)
Oct 26 15:30:01 chefnode2 CRON[15786]: (root) CMD (/usr/sbin/diskmon)
Oct 26 15:31:01 chefnode2 CRON[15790]: (root) CMD (/usr/sbin/diskmon)
Oct 26 15:32:01 chefnode2 CRON[15794]: (root) CMD (/usr/sbin/diskmon)
Oct 26 15:33:01 chefnode2 CRON[15798]: (root) CMD (/usr/sbin/diskmon)
Oct 26 15:34:01 chefnode2 CRON[15802]: (root) CMD (/usr/sbin/diskmon)
Oct 26 15:35:01 chefnode2 CRON[15806]: (root) CMD (/usr/sbin/diskmon)
Oct 26 15:36:01 chefnode2 CRON[15810]: (root) CMD (/usr/sbin/diskmon)
Oct 26 15:37:01 chefnode2 CRON[15814]: (root) CMD (/usr/sbin/diskmon)
Oct 26 15:38:01 chefnode2 CRON[15818]: (root) CMD (/usr/sbin/diskmon)
Oct 26 15:39:02 chefnode2 CRON[15822]: (root) CMD (/usr/sbin/diskmon)
Oct 26 15:40:01 chefnode2 CRON[15826]: (root) CMD (/usr/sbin/diskmon)
Oct 26 15:41:01 chefnode2 CRON[15830]: (root) CMD (/usr/sbin/diskmon)
Oct 26 15:42:01 chefnode2 CRON[15834]: (root) CMD (/usr/sbin/diskmon)
Oct 26 15:43:01 chefnode2 CRON[15838]: (root) CMD (/usr/sbin/diskmon)
Oct 26 15:44:01 chefnode2 CRON[15842]: (root) CMD (/usr/sbin/diskmon)
Oct 26 15:45:01 chefnode2 CRON[15846]: (root) CMD (/usr/sbin/diskmon)
Oct 26 15:46:01 chefnode2 CRON[15850]: (root) CMD (/usr/sbin/diskmon)
Oct 26 15:47:01 chefnode2 CRON[15854]: (root) CMD (/usr/sbin/diskmon)
Oct 26 15:48:01 chefnode2 CRON[15858]: (root) CMD (/usr/sbin/diskmon)
Oct 26 15:49:01 chefnode2 CRON[15862]: (root) CMD (/usr/sbin/diskmon)
Oct 26 15:50:01 chefnode2 CRON[15866]: (root) CMD (/usr/sbin/diskmon)
Oct 26 15:51:01 chefnode2 CRON[15870]: (root) CMD (/usr/sbin/diskmon)
Oct 26 15:52:01 chefnode2 CRON[15874]: (root) CMD (/usr/sbin/diskmon)
Oct 26 15:53:01 chefnode2 CRON[15878]: (root) CMD (/usr/sbin/diskmon)
Oct 26 15:54:01 chefnode2 CRON[15882]: (root) CMD (/usr/sbin/diskmon)
Oct 26 15:55:01 chefnode2 CRON[15886]: (root) CMD (/usr/sbin/diskmon)
Oct 26 15:56:01 chefnode2 CRON[15890]: (root) CMD (/usr/sbin/diskmon)
Oct 26 15:57:01 chefnode2 CRON[15894]: (root) CMD (/usr/sbin/diskmon)
Oct 26 15:58:01 chefnode2 CRON[15898]: (root) CMD (/usr/sbin/diskmon)
Oct 26 15:59:01 chefnode2 CRON[15902]: (root) CMD (/usr/sbin/diskmon)
Oct 26 16:00:01 chefnode2 CRON[15906]: (root) CMD (/usr/sbin/diskmon)
Oct 26 16:01:01 chefnode2 CRON[15910]: (root) CMD (/usr/sbin/diskmon)
Oct 26 16:02:01 chefnode2 CRON[15914]: (root) CMD (/usr/sbin/diskmon)
Oct 26 16:03:01 chefnode2 CRON[15918]: (root) CMD (/usr/sbin/diskmon)
Oct 26 16:04:01 chefnode2 CRON[15922]: (root) CMD (/usr/sbin/diskmon)
Oct 26 16:05:01 chefnode2 CRON[15926]: (root) CMD (/usr/sbin/diskmon)
Oct 26 16:06:01 chefnode2 CRON[15930]: (root) CMD (/usr/sbin/diskmon)
Oct 26 16:07:01 chefnode2 CRON[15934]: (root) CMD (/usr/sbin/diskmon)
Oct 26 16:08:01 chefnode2 CRON[15938]: (root) CMD (/usr/sbin/diskmon)
Oct 26 16:09:01 chefnode2 CRON[15942]: (root) CMD (/usr/sbin/diskmon)
Oct 26 16:10:01 chefnode2 CRON[15946]: (root) CMD (/usr/sbin/diskmon)
Oct 26 16:11:01 chefnode2 CRON[15950]: (root) CMD (/usr/sbin/diskmon)
Oct 26 16:12:01 chefnode2 CRON[15954]: (root) CMD (/usr/sbin/diskmon)
Oct 26 16:13:01 chefnode2 CRON[15958]: (root) CMD (/usr/sbin/diskmon)
Oct 26 16:14:01 chefnode2 CRON[15962]: (root) CMD (/usr/sbin/diskmon)
Oct 26 16:15:01 chefnode2 CRON[15966]: (root) CMD (/usr/sbin/diskmon)
Oct 26 16:16:01 chefnode2 CRON[15970]: (root) CMD (/usr/sbin/diskmon)
Oct 26 16:17:01 chefnode2 CRON[15975]: (root) CMD (/usr/sbin/diskmon)
Oct 26 16:17:01 chefnode2 CRON[15976]: (root) CMD (   cd / && run-parts --report /etc/cron.hourly)
Oct 26 16:18:01 chefnode2 CRON[15981]: (root) CMD (/usr/sbin/diskmon)
Oct 26 16:19:01 chefnode2 CRON[15985]: (root) CMD (/usr/sbin/diskmon)
Oct 26 16:20:01 chefnode2 CRON[15989]: (root) CMD (/usr/sbin/diskmon)
Oct 26 16:21:01 chefnode2 CRON[15993]: (root) CMD (/usr/sbin/diskmon)
Oct 26 16:22:01 chefnode2 CRON[15997]: (root) CMD (/usr/sbin/diskmon)
Oct 26 16:23:01 chefnode2 CRON[16001]: (root) CMD (/usr/sbin/diskmon)
Oct 26 16:24:01 chefnode2 CRON[16005]: (root) CMD (/usr/sbin/diskmon)
Oct 26 16:25:01 chefnode2 CRON[16009]: (root) CMD (/usr/sbin/diskmon)
Oct 26 16:26:01 chefnode2 CRON[16013]: (root) CMD (/usr/sbin/diskmon)
Oct 26 16:27:01 chefnode2 CRON[16017]: (root) CMD (/usr/sbin/diskmon)
Oct 26 16:28:01 chefnode2 CRON[16021]: (root) CMD (/usr/sbin/diskmon)
Oct 26 16:29:01 chefnode2 CRON[16025]: (root) CMD (/usr/sbin/diskmon)
Oct 26 16:30:01 chefnode2 CRON[16029]: (root) CMD (/usr/sbin/diskmon)
Oct 26 16:31:01 chefnode2 CRON[16033]: (root) CMD (/usr/sbin/diskmon)
Oct 26 16:32:01 chefnode2 CRON[16037]: (root) CMD (/usr/sbin/diskmon)
Oct 26 16:33:01 chefnode2 CRON[16041]: (root) CMD (/usr/sbin/diskmon)
Oct 26 16:34:01 chefnode2 CRON[16045]: (root) CMD (/usr/sbin/diskmon)
Oct 26 16:35:01 chefnode2 CRON[16049]: (root) CMD (/usr/sbin/diskmon)
Oct 26 16:36:01 chefnode2 CRON[16053]: (root) CMD (/usr/sbin/diskmon)
Oct 26 16:37:01 chefnode2 CRON[16057]: (root) CMD (/usr/sbin/diskmon)
Oct 26 16:38:01 chefnode2 CRON[16061]: (root) CMD (/usr/sbin/diskmon)
Oct 26 16:39:01 chefnode2 CRON[16065]: (root) CMD (/usr/sbin/diskmon)
Oct 26 16:40:01 chefnode2 CRON[16069]: (root) CMD (/usr/sbin/diskmon)
Oct 26 16:41:01 chefnode2 CRON[16073]: (root) CMD (/usr/sbin/diskmon)
Oct 26 16:42:01 chefnode2 CRON[16077]: (root) CMD (/usr/sbin/diskmon)
Oct 26 16:43:01 chefnode2 CRON[16081]: (root) CMD (/usr/sbin/diskmon)
Oct 26 16:44:01 chefnode2 CRON[16085]: (root) CMD (/usr/sbin/diskmon)
Oct 26 16:45:01 chefnode2 CRON[16089]: (root) CMD (/usr/sbin/diskmon)
Oct 26 16:46:01 chefnode2 CRON[16093]: (root) CMD (/usr/sbin/diskmon)
Oct 26 16:47:01 chefnode2 CRON[16097]: (root) CMD (/usr/sbin/diskmon)
Oct 26 16:48:01 chefnode2 CRON[16101]: (root) CMD (/usr/sbin/diskmon)
Oct 26 16:49:01 chefnode2 CRON[16105]: (root) CMD (/usr/sbin/diskmon)
Oct 26 16:50:01 chefnode2 CRON[16109]: (root) CMD (/usr/sbin/diskmon)
Oct 26 16:51:01 chefnode2 CRON[16113]: (root) CMD (/usr/sbin/diskmon)
Oct 26 16:52:01 chefnode2 CRON[16117]: (root) CMD (/usr/sbin/diskmon)
Oct 26 16:53:01 chefnode2 CRON[16121]: (root) CMD (/usr/sbin/diskmon)
Oct 26 16:54:01 chefnode2 CRON[16125]: (root) CMD (/usr/sbin/diskmon)
Oct 26 16:55:01 chefnode2 CRON[16129]: (root) CMD (/usr/sbin/diskmon)
Oct 26 16:56:01 chefnode2 CRON[16133]: (root) CMD (/usr/sbin/diskmon)
Oct 26 16:57:01 chefnode2 CRON[16137]: (root) CMD (/usr/sbin/diskmon)
Oct 26 16:58:01 chefnode2 CRON[16141]: (root) CMD (/usr/sbin/diskmon)
Oct 26 16:59:01 chefnode2 CRON[16145]: (root) CMD (/usr/sbin/diskmon)
Oct 26 17:00:01 chefnode2 CRON[16149]: (root) CMD (/usr/sbin/diskmon)
Oct 26 17:01:01 chefnode2 CRON[16153]: (root) CMD (/usr/sbin/diskmon)
Oct 26 17:02:01 chefnode2 CRON[16157]: (root) CMD (/usr/sbin/diskmon)
Oct 26 17:03:01 chefnode2 CRON[16161]: (root) CMD (/usr/sbin/diskmon)
Oct 26 17:04:01 chefnode2 CRON[16165]: (root) CMD (/usr/sbin/diskmon)
Oct 26 17:05:01 chefnode2 CRON[16169]: (root) CMD (/usr/sbin/diskmon)
Oct 26 17:06:01 chefnode2 CRON[16173]: (root) CMD (/usr/sbin/diskmon)
Oct 26 17:07:01 chefnode2 CRON[16177]: (root) CMD (/usr/sbin/diskmon)
Oct 26 17:08:01 chefnode2 CRON[16181]: (root) CMD (/usr/sbin/diskmon)
Oct 26 17:09:01 chefnode2 CRON[16185]: (root) CMD (/usr/sbin/diskmon)
Oct 26 17:10:01 chefnode2 CRON[16189]: (root) CMD (/usr/sbin/diskmon)
Oct 26 17:11:01 chefnode2 CRON[16193]: (root) CMD (/usr/sbin/diskmon)
Oct 26 17:12:01 chefnode2 CRON[16197]: (root) CMD (/usr/sbin/diskmon)
Oct 26 17:13:01 chefnode2 CRON[16201]: (root) CMD (/usr/sbin/diskmon)
Oct 26 17:14:01 chefnode2 CRON[16205]: (root) CMD (/usr/sbin/diskmon)
Oct 26 17:15:01 chefnode2 CRON[16209]: (root) CMD (/usr/sbin/diskmon)
Oct 26 17:16:01 chefnode2 CRON[16213]: (root) CMD (/usr/sbin/diskmon)
Oct 26 17:17:01 chefnode2 CRON[16218]: (root) CMD (/usr/sbin/diskmon)
Oct 26 17:17:01 chefnode2 CRON[16219]: (root) CMD (   cd / && run-parts --report /etc/cron.hourly)
Oct 26 17:18:01 chefnode2 CRON[16224]: (root) CMD (/usr/sbin/diskmon)
Oct 26 17:19:01 chefnode2 CRON[16228]: (root) CMD (/usr/sbin/diskmon)
Oct 26 17:20:01 chefnode2 CRON[16232]: (root) CMD (/usr/sbin/diskmon)
Oct 26 17:21:01 chefnode2 CRON[16236]: (root) CMD (/usr/sbin/diskmon)
Oct 26 17:22:01 chefnode2 CRON[16240]: (root) CMD (/usr/sbin/diskmon)
Oct 26 17:23:01 chefnode2 CRON[16244]: (root) CMD (/usr/sbin/diskmon)
Oct 26 17:24:01 chefnode2 CRON[16248]: (root) CMD (/usr/sbin/diskmon)
Oct 26 17:25:01 chefnode2 CRON[16252]: (root) CMD (/usr/sbin/diskmon)
Oct 26 17:26:01 chefnode2 CRON[16256]: (root) CMD (/usr/sbin/diskmon)
Oct 26 17:27:01 chefnode2 CRON[16260]: (root) CMD (/usr/sbin/diskmon)
Oct 26 17:28:01 chefnode2 CRON[16264]: (root) CMD (/usr/sbin/diskmon)
Oct 26 17:29:01 chefnode2 CRON[16268]: (root) CMD (/usr/sbin/diskmon)
Oct 26 17:30:01 chefnode2 CRON[16272]: (root) CMD (/usr/sbin/diskmon)
Oct 26 17:31:01 chefnode2 CRON[16276]: (root) CMD (/usr/sbin/diskmon)
Oct 26 17:32:01 chefnode2 CRON[16280]: (root) CMD (/usr/sbin/diskmon)
Oct 26 17:33:01 chefnode2 CRON[16284]: (root) CMD (/usr/sbin/diskmon)
Oct 26 17:34:01 chefnode2 CRON[16288]: (root) CMD (/usr/sbin/diskmon)
Oct 26 17:35:01 chefnode2 CRON[16292]: (root) CMD (/usr/sbin/diskmon)
Oct 26 17:36:01 chefnode2 CRON[16296]: (root) CMD (/usr/sbin/diskmon)
Oct 26 17:37:01 chefnode2 CRON[16300]: (root) CMD (/usr/sbin/diskmon)
Oct 26 17:38:01 chefnode2 CRON[16304]: (root) CMD (/usr/sbin/diskmon)
Oct 26 17:39:01 chefnode2 CRON[16308]: (root) CMD (/usr/sbin/diskmon)
Oct 26 17:40:01 chefnode2 CRON[16312]: (root) CMD (/usr/sbin/diskmon)
Oct 26 17:41:01 chefnode2 CRON[16316]: (root) CMD (/usr/sbin/diskmon)
Oct 26 17:42:01 chefnode2 CRON[16320]: (root) CMD (/usr/sbin/diskmon)
Oct 26 17:43:01 chefnode2 CRON[16324]: (root) CMD (/usr/sbin/diskmon)
Oct 26 17:44:01 chefnode2 CRON[16328]: (root) CMD (/usr/sbin/diskmon)
Oct 26 17:45:01 chefnode2 CRON[16332]: (root) CMD (/usr/sbin/diskmon)
Oct 26 17:46:01 chefnode2 CRON[16336]: (root) CMD (/usr/sbin/diskmon)
Oct 26 17:47:01 chefnode2 CRON[16340]: (root) CMD (/usr/sbin/diskmon)
Oct 26 17:48:01 chefnode2 CRON[16344]: (root) CMD (/usr/sbin/diskmon)
Oct 26 17:49:01 chefnode2 CRON[16348]: (root) CMD (/usr/sbin/diskmon)
Oct 26 17:50:01 chefnode2 CRON[16352]: (root) CMD (/usr/sbin/diskmon)
Oct 26 17:51:01 chefnode2 CRON[16356]: (root) CMD (/usr/sbin/diskmon)
Oct 26 17:52:01 chefnode2 CRON[16360]: (root) CMD (/usr/sbin/diskmon)
Oct 26 17:53:01 chefnode2 CRON[16364]: (root) CMD (/usr/sbin/diskmon)
Oct 26 17:54:01 chefnode2 CRON[16368]: (root) CMD (/usr/sbin/diskmon)
Oct 26 17:55:01 chefnode2 CRON[16372]: (root) CMD (/usr/sbin/diskmon)
Oct 26 17:56:01 chefnode2 CRON[16376]: (root) CMD (/usr/sbin/diskmon)
Oct 26 17:57:01 chefnode2 CRON[16380]: (root) CMD (/usr/sbin/diskmon)
Oct 26 17:58:01 chefnode2 CRON[16384]: (root) CMD (/usr/sbin/diskmon)
Oct 26 17:59:01 chefnode2 CRON[16388]: (root) CMD (/usr/sbin/diskmon)
Oct 26 18:00:01 chefnode2 CRON[16392]: (root) CMD (/usr/sbin/diskmon)
Oct 26 18:01:01 chefnode2 CRON[16396]: (root) CMD (/usr/sbin/diskmon)
Oct 26 18:02:01 chefnode2 CRON[16400]: (root) CMD (/usr/sbin/diskmon)
Oct 26 18:03:01 chefnode2 CRON[16404]: (root) CMD (/usr/sbin/diskmon)
Oct 26 18:04:01 chefnode2 CRON[16408]: (root) CMD (/usr/sbin/diskmon)
Oct 26 18:05:01 chefnode2 CRON[16412]: (root) CMD (/usr/sbin/diskmon)
Oct 26 18:06:01 chefnode2 CRON[16416]: (root) CMD (/usr/sbin/diskmon)
Oct 26 18:07:01 chefnode2 CRON[16420]: (root) CMD (/usr/sbin/diskmon)
Oct 26 18:08:01 chefnode2 CRON[16424]: (root) CMD (/usr/sbin/diskmon)
Oct 26 18:09:01 chefnode2 CRON[16428]: (root) CMD (/usr/sbin/diskmon)
Oct 26 18:10:01 chefnode2 CRON[16432]: (root) CMD (/usr/sbin/diskmon)
Oct 26 18:11:01 chefnode2 CRON[16436]: (root) CMD (/usr/sbin/diskmon)
Oct 26 18:12:01 chefnode2 CRON[16440]: (root) CMD (/usr/sbin/diskmon)
Oct 26 18:13:01 chefnode2 CRON[16444]: (root) CMD (/usr/sbin/diskmon)
Oct 26 18:14:01 chefnode2 CRON[16448]: (root) CMD (/usr/sbin/diskmon)
Oct 26 18:15:01 chefnode2 CRON[16452]: (root) CMD (/usr/sbin/diskmon)
Oct 26 18:16:01 chefnode2 CRON[16456]: (root) CMD (/usr/sbin/diskmon)
Oct 26 18:17:01 chefnode2 CRON[16461]: (root) CMD (/usr/sbin/diskmon)
Oct 26 18:17:01 chefnode2 CRON[16462]: (root) CMD (   cd / && run-parts --report /etc/cron.hourly)
Oct 26 18:18:01 chefnode2 CRON[16467]: (root) CMD (/usr/sbin/diskmon)
Oct 26 18:19:01 chefnode2 CRON[16471]: (root) CMD (/usr/sbin/diskmon)
Oct 26 18:20:01 chefnode2 CRON[16475]: (root) CMD (/usr/sbin/diskmon)
Oct 26 18:21:01 chefnode2 CRON[16479]: (root) CMD (/usr/sbin/diskmon)
Oct 26 18:22:01 chefnode2 CRON[16483]: (root) CMD (/usr/sbin/diskmon)
Oct 26 18:23:01 chefnode2 CRON[16487]: (root) CMD (/usr/sbin/diskmon)
Oct 26 18:24:01 chefnode2 CRON[16491]: (root) CMD (/usr/sbin/diskmon)
Oct 26 18:25:01 chefnode2 CRON[16495]: (root) CMD (/usr/sbin/diskmon)
Oct 26 18:26:01 chefnode2 CRON[16499]: (root) CMD (/usr/sbin/diskmon)
Oct 26 18:27:01 chefnode2 CRON[16503]: (root) CMD (/usr/sbin/diskmon)
Oct 26 18:28:01 chefnode2 CRON[16507]: (root) CMD (/usr/sbin/diskmon)
Oct 26 18:29:01 chefnode2 CRON[16511]: (root) CMD (/usr/sbin/diskmon)
Oct 26 18:30:01 chefnode2 CRON[16515]: (root) CMD (/usr/sbin/diskmon)
Oct 26 18:31:01 chefnode2 CRON[16519]: (root) CMD (/usr/sbin/diskmon)
Oct 26 18:32:01 chefnode2 CRON[16523]: (root) CMD (/usr/sbin/diskmon)
Oct 26 18:33:01 chefnode2 CRON[16527]: (root) CMD (/usr/sbin/diskmon)
Oct 26 18:34:01 chefnode2 CRON[16531]: (root) CMD (/usr/sbin/diskmon)
Oct 26 18:35:01 chefnode2 CRON[16535]: (root) CMD (/usr/sbin/diskmon)
Oct 26 18:36:01 chefnode2 CRON[16539]: (root) CMD (/usr/sbin/diskmon)
Oct 26 18:37:01 chefnode2 CRON[16543]: (root) CMD (/usr/sbin/diskmon)
Oct 26 18:38:01 chefnode2 CRON[16547]: (root) CMD (/usr/sbin/diskmon)
Oct 26 18:39:01 chefnode2 CRON[16551]: (root) CMD (/usr/sbin/diskmon)
Oct 26 18:40:01 chefnode2 CRON[16555]: (root) CMD (/usr/sbin/diskmon)
Oct 26 18:41:01 chefnode2 CRON[16559]: (root) CMD (/usr/sbin/diskmon)
Oct 26 18:42:01 chefnode2 CRON[16563]: (root) CMD (/usr/sbin/diskmon)
Oct 26 18:43:01 chefnode2 CRON[16567]: (root) CMD (/usr/sbin/diskmon)
Oct 26 18:44:01 chefnode2 CRON[16571]: (root) CMD (/usr/sbin/diskmon)
Oct 26 18:45:01 chefnode2 CRON[16575]: (root) CMD (/usr/sbin/diskmon)
Oct 26 18:46:01 chefnode2 CRON[16579]: (root) CMD (/usr/sbin/diskmon)
Oct 26 18:47:02 chefnode2 CRON[16583]: (root) CMD (/usr/sbin/diskmon)
Oct 26 18:48:01 chefnode2 CRON[16587]: (root) CMD (/usr/sbin/diskmon)
Oct 26 18:49:01 chefnode2 CRON[16591]: (root) CMD (/usr/sbin/diskmon)
Oct 26 18:50:01 chefnode2 CRON[16595]: (root) CMD (/usr/sbin/diskmon)
Oct 26 18:51:01 chefnode2 CRON[16599]: (root) CMD (/usr/sbin/diskmon)
Oct 26 18:52:01 chefnode2 CRON[16603]: (root) CMD (/usr/sbin/diskmon)
Oct 26 18:53:01 chefnode2 CRON[16607]: (root) CMD (/usr/sbin/diskmon)
Oct 26 18:54:01 chefnode2 CRON[16611]: (root) CMD (/usr/sbin/diskmon)
Oct 26 18:55:01 chefnode2 CRON[16615]: (root) CMD (/usr/sbin/diskmon)
Oct 26 18:56:01 chefnode2 CRON[16619]: (root) CMD (/usr/sbin/diskmon)
Oct 26 18:57:01 chefnode2 CRON[16623]: (root) CMD (/usr/sbin/diskmon)
Oct 26 18:58:01 chefnode2 CRON[16627]: (root) CMD (/usr/sbin/diskmon)
Oct 26 18:59:01 chefnode2 CRON[16631]: (root) CMD (/usr/sbin/diskmon)
Oct 26 19:00:01 chefnode2 CRON[16635]: (root) CMD (/usr/sbin/diskmon)
Oct 26 19:01:01 chefnode2 CRON[16639]: (root) CMD (/usr/sbin/diskmon)
Oct 26 19:02:01 chefnode2 CRON[16643]: (root) CMD (/usr/sbin/diskmon)
Oct 26 19:03:01 chefnode2 CRON[16647]: (root) CMD (/usr/sbin/diskmon)
Oct 26 19:04:01 chefnode2 CRON[16651]: (root) CMD (/usr/sbin/diskmon)
Oct 26 19:05:01 chefnode2 CRON[16655]: (root) CMD (/usr/sbin/diskmon)
Oct 26 19:06:01 chefnode2 CRON[16659]: (root) CMD (/usr/sbin/diskmon)
Oct 26 19:07:01 chefnode2 CRON[16663]: (root) CMD (/usr/sbin/diskmon)
Oct 26 19:08:01 chefnode2 CRON[16667]: (root) CMD (/usr/sbin/diskmon)
Oct 26 19:09:01 chefnode2 CRON[16671]: (root) CMD (/usr/sbin/diskmon)
Oct 26 19:10:01 chefnode2 CRON[16675]: (root) CMD (/usr/sbin/diskmon)
Oct 26 19:11:01 chefnode2 CRON[16679]: (root) CMD (/usr/sbin/diskmon)
Oct 26 19:12:01 chefnode2 CRON[16683]: (root) CMD (/usr/sbin/diskmon)
Oct 26 19:13:01 chefnode2 CRON[16687]: (root) CMD (/usr/sbin/diskmon)
Oct 26 19:14:01 chefnode2 CRON[16691]: (root) CMD (/usr/sbin/diskmon)
Oct 26 19:15:01 chefnode2 CRON[16695]: (root) CMD (/usr/sbin/diskmon)
Oct 26 19:16:01 chefnode2 CRON[16699]: (root) CMD (/usr/sbin/diskmon)
Oct 26 19:17:01 chefnode2 CRON[16704]: (root) CMD (   cd / && run-parts --report /etc/cron.hourly)
Oct 26 19:17:01 chefnode2 CRON[16705]: (root) CMD (/usr/sbin/diskmon)
Oct 26 19:18:01 chefnode2 CRON[16710]: (root) CMD (/usr/sbin/diskmon)
Oct 26 19:19:01 chefnode2 CRON[16714]: (root) CMD (/usr/sbin/diskmon)
Oct 26 19:20:01 chefnode2 CRON[16718]: (root) CMD (/usr/sbin/diskmon)
Oct 26 19:21:01 chefnode2 CRON[16722]: (root) CMD (/usr/sbin/diskmon)
Oct 26 19:22:01 chefnode2 CRON[16726]: (root) CMD (/usr/sbin/diskmon)
Oct 26 19:23:01 chefnode2 CRON[16730]: (root) CMD (/usr/sbin/diskmon)
Oct 26 19:24:01 chefnode2 CRON[16734]: (root) CMD (/usr/sbin/diskmon)
Oct 26 19:25:01 chefnode2 CRON[16738]: (root) CMD (/usr/sbin/diskmon)
Oct 26 19:26:01 chefnode2 CRON[16742]: (root) CMD (/usr/sbin/diskmon)
Oct 26 19:27:01 chefnode2 CRON[16746]: (root) CMD (/usr/sbin/diskmon)
Oct 26 19:28:01 chefnode2 CRON[16750]: (root) CMD (/usr/sbin/diskmon)
Oct 26 19:29:01 chefnode2 CRON[16754]: (root) CMD (/usr/sbin/diskmon)
Oct 26 19:30:01 chefnode2 CRON[16758]: (root) CMD (/usr/sbin/diskmon)
Oct 26 19:31:01 chefnode2 CRON[16762]: (root) CMD (/usr/sbin/diskmon)
Oct 26 19:32:01 chefnode2 CRON[16766]: (root) CMD (/usr/sbin/diskmon)
Oct 26 19:33:01 chefnode2 CRON[16770]: (root) CMD (/usr/sbin/diskmon)
Oct 26 19:34:01 chefnode2 CRON[16774]: (root) CMD (/usr/sbin/diskmon)
Oct 26 19:35:01 chefnode2 CRON[16778]: (root) CMD (/usr/sbin/diskmon)
Oct 26 19:36:01 chefnode2 CRON[16782]: (root) CMD (/usr/sbin/diskmon)
Oct 26 19:37:01 chefnode2 CRON[16786]: (root) CMD (/usr/sbin/diskmon)
Oct 26 19:38:01 chefnode2 CRON[16790]: (root) CMD (/usr/sbin/diskmon)
Oct 26 19:39:01 chefnode2 CRON[16794]: (root) CMD (/usr/sbin/diskmon)
Oct 26 19:40:01 chefnode2 CRON[16798]: (root) CMD (/usr/sbin/diskmon)
Oct 26 19:41:01 chefnode2 CRON[16802]: (root) CMD (/usr/sbin/diskmon)
Oct 26 19:42:01 chefnode2 CRON[16806]: (root) CMD (/usr/sbin/diskmon)
Oct 26 19:43:01 chefnode2 CRON[16810]: (root) CMD (/usr/sbin/diskmon)
Oct 26 19:44:01 chefnode2 CRON[16814]: (root) CMD (/usr/sbin/diskmon)
Oct 26 19:45:01 chefnode2 CRON[16818]: (root) CMD (/usr/sbin/diskmon)
Oct 26 19:46:01 chefnode2 CRON[16822]: (root) CMD (/usr/sbin/diskmon)
Oct 26 19:47:01 chefnode2 CRON[16826]: (root) CMD (/usr/sbin/diskmon)
Oct 26 19:48:01 chefnode2 CRON[16830]: (root) CMD (/usr/sbin/diskmon)
Oct 26 19:49:01 chefnode2 CRON[16834]: (root) CMD (/usr/sbin/diskmon)
Oct 26 19:50:01 chefnode2 CRON[16838]: (root) CMD (/usr/sbin/diskmon)
Oct 26 19:51:01 chefnode2 CRON[16842]: (root) CMD (/usr/sbin/diskmon)
Oct 26 19:52:01 chefnode2 CRON[16846]: (root) CMD (/usr/sbin/diskmon)
Oct 26 19:53:01 chefnode2 CRON[16850]: (root) CMD (/usr/sbin/diskmon)
Oct 26 19:54:01 chefnode2 CRON[16854]: (root) CMD (/usr/sbin/diskmon)
Oct 26 19:55:01 chefnode2 CRON[16858]: (root) CMD (/usr/sbin/diskmon)
Oct 26 19:56:01 chefnode2 CRON[16862]: (root) CMD (/usr/sbin/diskmon)
Oct 26 19:57:02 chefnode2 CRON[16866]: (root) CMD (/usr/sbin/diskmon)
Oct 26 19:57:43 chefnode2 dhclient: DHCPREQUEST of 10.0.2.15 on eth0 to 10.0.2.2 port 67 (xid=0x68defc0e)
Oct 26 19:57:43 chefnode2 dhclient: DHCPACK of 10.0.2.15 from 10.0.2.2
Oct 26 19:57:43 chefnode2 dhclient: bound to 10.0.2.15 -- renewal in 33875 seconds.
Oct 26 19:58:01 chefnode2 CRON[16882]: (root) CMD (/usr/sbin/diskmon)
Oct 26 19:59:01 chefnode2 CRON[16886]: (root) CMD (/usr/sbin/diskmon)
Oct 26 20:00:01 chefnode2 CRON[16890]: (root) CMD (/usr/sbin/diskmon)
Oct 26 20:01:01 chefnode2 CRON[16894]: (root) CMD (/usr/sbin/diskmon)
Oct 26 20:02:01 chefnode2 CRON[16898]: (root) CMD (/usr/sbin/diskmon)
Oct 26 20:03:01 chefnode2 CRON[16902]: (root) CMD (/usr/sbin/diskmon)
Oct 26 20:04:01 chefnode2 CRON[16906]: (root) CMD (/usr/sbin/diskmon)
Oct 26 20:05:01 chefnode2 CRON[16910]: (root) CMD (/usr/sbin/diskmon)
Oct 26 20:06:01 chefnode2 CRON[16914]: (root) CMD (/usr/sbin/diskmon)
Oct 26 20:07:01 chefnode2 CRON[16918]: (root) CMD (/usr/sbin/diskmon)
Oct 26 20:08:01 chefnode2 CRON[16922]: (root) CMD (/usr/sbin/diskmon)
Oct 26 20:09:01 chefnode2 CRON[16926]: (root) CMD (/usr/sbin/diskmon)
Oct 26 20:10:01 chefnode2 CRON[16930]: (root) CMD (/usr/sbin/diskmon)
Oct 26 20:11:01 chefnode2 CRON[16934]: (root) CMD (/usr/sbin/diskmon)
Oct 26 20:12:01 chefnode2 CRON[16938]: (root) CMD (/usr/sbin/diskmon)
Oct 26 20:13:01 chefnode2 CRON[16942]: (root) CMD (/usr/sbin/diskmon)
Oct 26 20:14:01 chefnode2 CRON[16946]: (root) CMD (/usr/sbin/diskmon)
Oct 26 20:15:01 chefnode2 CRON[16950]: (root) CMD (/usr/sbin/diskmon)
Oct 26 20:16:01 chefnode2 CRON[16954]: (root) CMD (/usr/sbin/diskmon)
Oct 26 20:17:01 chefnode2 CRON[16959]: (root) CMD (/usr/sbin/diskmon)
Oct 26 20:17:01 chefnode2 CRON[16960]: (root) CMD (   cd / && run-parts --report /etc/cron.hourly)
Oct 26 20:18:01 chefnode2 CRON[16965]: (root) CMD (/usr/sbin/diskmon)
Oct 26 20:19:01 chefnode2 CRON[16969]: (root) CMD (/usr/sbin/diskmon)
Oct 26 20:20:01 chefnode2 CRON[16973]: (root) CMD (/usr/sbin/diskmon)
Oct 26 20:21:01 chefnode2 CRON[16977]: (root) CMD (/usr/sbin/diskmon)
Oct 26 20:22:01 chefnode2 CRON[16981]: (root) CMD (/usr/sbin/diskmon)
Oct 26 20:23:01 chefnode2 CRON[16985]: (root) CMD (/usr/sbin/diskmon)
Oct 26 20:24:01 chefnode2 CRON[16989]: (root) CMD (/usr/sbin/diskmon)
Oct 26 20:25:01 chefnode2 CRON[16993]: (root) CMD (/usr/sbin/diskmon)
Oct 26 20:26:01 chefnode2 CRON[16997]: (root) CMD (/usr/sbin/diskmon)
Oct 26 20:27:01 chefnode2 CRON[17001]: (root) CMD (/usr/sbin/diskmon)
Oct 26 20:28:01 chefnode2 CRON[17005]: (root) CMD (/usr/sbin/diskmon)
Oct 26 20:29:01 chefnode2 CRON[17009]: (root) CMD (/usr/sbin/diskmon)
Oct 26 20:30:01 chefnode2 CRON[17013]: (root) CMD (/usr/sbin/diskmon)
Oct 26 20:31:01 chefnode2 CRON[17017]: (root) CMD (/usr/sbin/diskmon)
Oct 26 20:32:01 chefnode2 CRON[17021]: (root) CMD (/usr/sbin/diskmon)
Oct 26 20:33:01 chefnode2 CRON[17025]: (root) CMD (/usr/sbin/diskmon)
Oct 26 20:34:01 chefnode2 CRON[17029]: (root) CMD (/usr/sbin/diskmon)
Oct 26 20:35:01 chefnode2 CRON[17033]: (root) CMD (/usr/sbin/diskmon)
Oct 26 20:36:01 chefnode2 CRON[17037]: (root) CMD (/usr/sbin/diskmon)
Oct 26 20:37:01 chefnode2 CRON[17041]: (root) CMD (/usr/sbin/diskmon)
Oct 26 20:38:01 chefnode2 CRON[17045]: (root) CMD (/usr/sbin/diskmon)
Oct 26 20:39:01 chefnode2 CRON[17049]: (root) CMD (/usr/sbin/diskmon)
Oct 26 20:40:01 chefnode2 CRON[17053]: (root) CMD (/usr/sbin/diskmon)
Oct 26 20:41:01 chefnode2 CRON[17057]: (root) CMD (/usr/sbin/diskmon)
Oct 26 20:42:01 chefnode2 CRON[17061]: (root) CMD (/usr/sbin/diskmon)
Oct 26 20:43:01 chefnode2 CRON[17065]: (root) CMD (/usr/sbin/diskmon)
Oct 26 20:44:01 chefnode2 CRON[17069]: (root) CMD (/usr/sbin/diskmon)
Oct 26 20:45:01 chefnode2 CRON[17073]: (root) CMD (/usr/sbin/diskmon)
Oct 26 20:46:01 chefnode2 CRON[17077]: (root) CMD (/usr/sbin/diskmon)
Oct 26 20:47:01 chefnode2 CRON[17081]: (root) CMD (/usr/sbin/diskmon)
Oct 26 20:48:01 chefnode2 CRON[17085]: (root) CMD (/usr/sbin/diskmon)
Oct 26 20:49:01 chefnode2 CRON[17089]: (root) CMD (/usr/sbin/diskmon)
Oct 26 20:50:01 chefnode2 CRON[17094]: (root) CMD (/usr/sbin/diskmon)
Oct 26 20:51:01 chefnode2 CRON[17098]: (root) CMD (/usr/sbin/diskmon)
Oct 26 20:52:01 chefnode2 CRON[17102]: (root) CMD (/usr/sbin/diskmon)
Oct 26 20:53:01 chefnode2 CRON[17106]: (root) CMD (/usr/sbin/diskmon)
Oct 26 20:54:01 chefnode2 CRON[17110]: (root) CMD (/usr/sbin/diskmon)
Oct 26 20:55:01 chefnode2 CRON[17114]: (root) CMD (/usr/sbin/diskmon)
Oct 26 20:56:01 chefnode2 CRON[17118]: (root) CMD (/usr/sbin/diskmon)
Oct 26 20:57:01 chefnode2 CRON[17122]: (root) CMD (/usr/sbin/diskmon)
Oct 26 20:58:01 chefnode2 CRON[17126]: (root) CMD (/usr/sbin/diskmon)
Oct 26 20:59:01 chefnode2 CRON[17130]: (root) CMD (/usr/sbin/diskmon)
Oct 26 21:00:01 chefnode2 CRON[17134]: (root) CMD (/usr/sbin/diskmon)
Oct 26 21:01:01 chefnode2 CRON[17138]: (root) CMD (/usr/sbin/diskmon)
Oct 26 21:02:01 chefnode2 CRON[17142]: (root) CMD (/usr/sbin/diskmon)
Oct 26 21:03:01 chefnode2 CRON[17146]: (root) CMD (/usr/sbin/diskmon)
Oct 26 21:04:01 chefnode2 CRON[17150]: (root) CMD (/usr/sbin/diskmon)
Oct 26 21:05:01 chefnode2 CRON[17154]: (root) CMD (/usr/sbin/diskmon)
Oct 26 21:06:02 chefnode2 CRON[17158]: (root) CMD (/usr/sbin/diskmon)
Oct 26 21:07:01 chefnode2 CRON[17162]: (root) CMD (/usr/sbin/diskmon)
Oct 26 21:08:01 chefnode2 CRON[17166]: (root) CMD (/usr/sbin/diskmon)
Oct 26 21:09:01 chefnode2 CRON[17170]: (root) CMD (/usr/sbin/diskmon)
Oct 26 21:10:01 chefnode2 CRON[17174]: (root) CMD (/usr/sbin/diskmon)
Oct 26 21:11:01 chefnode2 CRON[17178]: (root) CMD (/usr/sbin/diskmon)
Oct 26 21:12:01 chefnode2 CRON[17182]: (root) CMD (/usr/sbin/diskmon)
Oct 26 21:13:01 chefnode2 CRON[17186]: (root) CMD (/usr/sbin/diskmon)
Oct 26 21:14:01 chefnode2 CRON[17190]: (root) CMD (/usr/sbin/diskmon)
Oct 26 21:15:01 chefnode2 CRON[17194]: (root) CMD (/usr/sbin/diskmon)
Oct 26 21:16:01 chefnode2 CRON[17198]: (root) CMD (/usr/sbin/diskmon)
Oct 26 21:17:01 chefnode2 CRON[17203]: (root) CMD (   cd / && run-parts --report /etc/cron.hourly)
Oct 26 21:17:01 chefnode2 CRON[17204]: (root) CMD (/usr/sbin/diskmon)
Oct 26 21:18:01 chefnode2 CRON[17209]: (root) CMD (/usr/sbin/diskmon)
Oct 26 21:19:01 chefnode2 CRON[17213]: (root) CMD (/usr/sbin/diskmon)
Oct 26 21:20:01 chefnode2 CRON[17217]: (root) CMD (/usr/sbin/diskmon)
Oct 26 21:21:01 chefnode2 CRON[17221]: (root) CMD (/usr/sbin/diskmon)
Oct 26 21:22:01 chefnode2 CRON[17225]: (root) CMD (/usr/sbin/diskmon)
Oct 26 21:23:01 chefnode2 CRON[17229]: (root) CMD (/usr/sbin/diskmon)
Oct 26 21:24:01 chefnode2 CRON[17233]: (root) CMD (/usr/sbin/diskmon)
Oct 26 21:25:01 chefnode2 CRON[17237]: (root) CMD (/usr/sbin/diskmon)
Oct 26 21:26:01 chefnode2 CRON[17241]: (root) CMD (/usr/sbin/diskmon)
Oct 26 21:27:01 chefnode2 CRON[17245]: (root) CMD (/usr/sbin/diskmon)
Oct 26 21:28:01 chefnode2 CRON[17249]: (root) CMD (/usr/sbin/diskmon)
Oct 26 21:29:01 chefnode2 CRON[17253]: (root) CMD (/usr/sbin/diskmon)
Oct 26 21:30:01 chefnode2 CRON[17257]: (root) CMD (/usr/sbin/diskmon)
Oct 26 21:31:01 chefnode2 CRON[17261]: (root) CMD (/usr/sbin/diskmon)
Oct 26 21:32:01 chefnode2 CRON[17265]: (root) CMD (/usr/sbin/diskmon)
Oct 26 21:33:01 chefnode2 CRON[17269]: (root) CMD (/usr/sbin/diskmon)
                                                                      Oct 26 21:37:47 chefnode2 rsyslogd: [origin software="rsyslogd" swVersion="7.4.4" x-pid="449" x-info="http://www.rsyslog.com"] start
Oct 26 21:37:47 chefnode2 rsyslogd: rsyslogd's groupid changed to 104
Oct 26 21:37:47 chefnode2 rsyslogd: rsyslogd's userid changed to 101
Oct 26 21:37:47 chefnode2 kernel: [    0.000000] Initializing cgroup subsys cpuset
Oct 26 21:37:47 chefnode2 kernel: [    0.000000] Initializing cgroup subsys cpu
Oct 26 21:37:47 chefnode2 kernel: [    0.000000] Initializing cgroup subsys cpuacct
Oct 26 21:37:47 chefnode2 kernel: [    0.000000] Linux version 3.19.0-25-generic (buildd@lgw01-20) (gcc version 4.8.2 (Ubuntu 4.8.2-19ubuntu1) ) #26~14.04.1-Ubuntu SMP Fri Jul 24 21:16:20 UTC 2015 (Ubuntu 3.19.0-25.26~14.04.1-generic 3.19.8-ckt2)
Oct 26 21:37:47 chefnode2 kernel: [    0.000000] Command line: BOOT_IMAGE=/vmlinuz-3.19.0-25-generic root=/dev/mapper/ubuntu--vg-root ro
Oct 26 21:37:47 chefnode2 kernel: [    0.000000] KERNEL supported cpus:
Oct 26 21:37:47 chefnode2 kernel: [    0.000000]   Intel GenuineIntel
Oct 26 21:37:47 chefnode2 kernel: [    0.000000]   AMD AuthenticAMD
Oct 26 21:37:47 chefnode2 kernel: [    0.000000]   Centaur CentaurHauls
Oct 26 21:37:47 chefnode2 kernel: [    0.000000] e820: BIOS-provided physical RAM map:
Oct 26 21:37:47 chefnode2 kernel: [    0.000000] BIOS-e820: [mem 0x0000000000000000-0x000000000009fbff] usable
Oct 26 21:37:47 chefnode2 kernel: [    0.000000] BIOS-e820: [mem 0x000000000009fc00-0x000000000009ffff] reserved
Oct 26 21:37:47 chefnode2 kernel: [    0.000000] BIOS-e820: [mem 0x00000000000f0000-0x00000000000fffff] reserved
Oct 26 21:37:47 chefnode2 kernel: [    0.000000] BIOS-e820: [mem 0x0000000000100000-0x000000003ffeffff] usable
Oct 26 21:37:47 chefnode2 kernel: [    0.000000] BIOS-e820: [mem 0x000000003fff0000-0x000000003fffffff] ACPI data
Oct 26 21:37:47 chefnode2 kernel: [    0.000000] BIOS-e820: [mem 0x00000000fffc0000-0x00000000ffffffff] reserved
Oct 26 21:37:47 chefnode2 kernel: [    0.000000] Notice: NX (Execute Disable) protection missing in CPU!
Oct 26 21:37:47 chefnode2 kernel: [    0.000000] SMBIOS 2.5 present.
Oct 26 21:37:47 chefnode2 kernel: [    0.000000] DMI: innotek GmbH VirtualBox/VirtualBox, BIOS VirtualBox 12/01/2006
Oct 26 21:37:47 chefnode2 kernel: [    0.000000] e820: update [mem 0x00000000-0x00000fff] usable ==> reserved
Oct 26 21:37:47 chefnode2 kernel: [    0.000000] e820: remove [mem 0x000a0000-0x000fffff] usable
Oct 26 21:37:47 chefnode2 kernel: [    0.000000] AGP: No AGP bridge found
Oct 26 21:37:47 chefnode2 kernel: [    0.000000] e820: last_pfn = 0x3fff0 max_arch_pfn = 0x400000000
Oct 26 21:37:47 chefnode2 kernel: [    0.000000] MTRR default type: uncachable
Oct 26 21:37:47 chefnode2 kernel: [    0.000000] MTRR variable ranges disabled:
Oct 26 21:37:47 chefnode2 kernel: [    0.000000] PAT configuration [0-7]: WB  WC  UC- UC  WB  WC  UC- UC  
Oct 26 21:37:47 chefnode2 kernel: [    0.000000] CPU MTRRs all blank - virtualized system.
Oct 26 21:37:47 chefnode2 kernel: [    0.000000] found SMP MP-table at [mem 0x0009fff0-0x0009ffff] mapped at [ffff88000009fff0]
Oct 26 21:37:47 chefnode2 kernel: [    0.000000] Scanning 1 areas for low memory corruption
Oct 26 21:37:47 chefnode2 kernel: [    0.000000] Base memory trampoline at [ffff880000099000] 99000 size 24576
Oct 26 21:37:47 chefnode2 kernel: [    0.000000] init_memory_mapping: [mem 0x00000000-0x000fffff]
Oct 26 21:37:47 chefnode2 kernel: [    0.000000]  [mem 0x00000000-0x000fffff] page 4k
Oct 26 21:37:47 chefnode2 kernel: [    0.000000] BRK [0x01fd4000, 0x01fd4fff] PGTABLE
Oct 26 21:37:47 chefnode2 kernel: [    0.000000] BRK [0x01fd5000, 0x01fd5fff] PGTABLE
Oct 26 21:37:47 chefnode2 kernel: [    0.000000] BRK [0x01fd6000, 0x01fd6fff] PGTABLE
Oct 26 21:37:47 chefnode2 kernel: [    0.000000] init_memory_mapping: [mem 0x3fc00000-0x3fdfffff]
Oct 26 21:37:47 chefnode2 kernel: [    0.000000]  [mem 0x3fc00000-0x3fdfffff] page 2M
Oct 26 21:37:47 chefnode2 kernel: [    0.000000] init_memory_mapping: [mem 0x20000000-0x3fbfffff]
Oct 26 21:37:47 chefnode2 kernel: [    0.000000]  [mem 0x20000000-0x3fbfffff] page 2M
Oct 26 21:37:47 chefnode2 kernel: [    0.000000] init_memory_mapping: [mem 0x00100000-0x1fffffff]
Oct 26 21:37:47 chefnode2 kernel: [    0.000000]  [mem 0x00100000-0x001fffff] page 4k
Oct 26 21:37:47 chefnode2 kernel: [    0.000000]  [mem 0x00200000-0x1fffffff] page 2M
Oct 26 21:37:47 chefnode2 kernel: [    0.000000] init_memory_mapping: [mem 0x3fe00000-0x3ffeffff]
Oct 26 21:37:47 chefnode2 kernel: [    0.000000]  [mem 0x3fe00000-0x3ffeffff] page 4k
Oct 26 21:37:47 chefnode2 kernel: [    0.000000] BRK [0x01fd7000, 0x01fd7fff] PGTABLE
Oct 26 21:37:47 chefnode2 kernel: [    0.000000] RAMDISK: [mem 0x35860000-0x36c27fff]
Oct 26 21:37:47 chefnode2 kernel: [    0.000000] ACPI: Early table checksum verification disabled
Oct 26 21:37:47 chefnode2 kernel: [    0.000000] ACPI: RSDP 0x00000000000E0000 000024 (v02 VBOX  )
Oct 26 21:37:47 chefnode2 kernel: [    0.000000] ACPI: XSDT 0x000000003FFF0030 00003C (v01 VBOX   VBOXXSDT 00000001 ASL  00000061)
Oct 26 21:37:47 chefnode2 kernel: [    0.000000] ACPI: FACP 0x000000003FFF00F0 0000F4 (v04 VBOX   VBOXFACP 00000001 ASL  00000061)
Oct 26 21:37:47 chefnode2 kernel: [    0.000000] ACPI: DSDT 0x000000003FFF0470 001B96 (v01 VBOX   VBOXBIOS 00000002 INTL 20100528)
Oct 26 21:37:47 chefnode2 kernel: [    0.000000] ACPI: FACS 0x000000003FFF0200 000040
Oct 26 21:37:47 chefnode2 kernel: [    0.000000] ACPI: APIC 0x000000003FFF0240 000054 (v02 VBOX   VBOXAPIC 00000001 ASL  00000061)
Oct 26 21:37:47 chefnode2 kernel: [    0.000000] ACPI: SSDT 0x000000003FFF02A0 0001CC (v01 VBOX   VBOXCPUT 00000002 INTL 20100528)
Oct 26 21:37:47 chefnode2 kernel: [    0.000000] ACPI: Local APIC address 0xfee00000
Oct 26 21:37:47 chefnode2 kernel: [    0.000000] No NUMA configuration found
Oct 26 21:37:47 chefnode2 kernel: [    0.000000] Faking a node at [mem 0x0000000000000000-0x000000003ffeffff]
Oct 26 21:37:47 chefnode2 kernel: [    0.000000] NODE_DATA(0) allocated [mem 0x3ffeb000-0x3ffeffff]
Oct 26 21:37:47 chefnode2 kernel: [    0.000000]  [ffffea0000000000-ffffea0000ffffff] PMD -> [ffff88003e600000-ffff88003f5fffff] on node 0
Oct 26 21:37:47 chefnode2 kernel: [    0.000000] Zone ranges:
Oct 26 21:37:47 chefnode2 kernel: [    0.000000]   DMA      [mem 0x00001000-0x00ffffff]
Oct 26 21:37:47 chefnode2 kernel: [    0.000000]   DMA32    [mem 0x01000000-0x3ffeffff]
Oct 26 21:37:47 chefnode2 kernel: [    0.000000]   Normal   empty
Oct 26 21:37:47 chefnode2 kernel: [    0.000000] Movable zone start for each node
Oct 26 21:37:47 chefnode2 kernel: [    0.000000] Early memory node ranges
Oct 26 21:37:47 chefnode2 kernel: [    0.000000]   node   0: [mem 0x00001000-0x0009efff]
Oct 26 21:37:47 chefnode2 kernel: [    0.000000]   node   0: [mem 0x00100000-0x3ffeffff]
Oct 26 21:37:47 chefnode2 kernel: [    0.000000] Initmem setup node 0 [mem 0x00001000-0x3ffeffff]
Oct 26 21:37:47 chefnode2 kernel: [    0.000000] On node 0 totalpages: 262030
Oct 26 21:37:47 chefnode2 kernel: [    0.000000]   DMA zone: 64 pages used for memmap
Oct 26 21:37:47 chefnode2 kernel: [    0.000000]   DMA zone: 21 pages reserved
Oct 26 21:37:47 chefnode2 kernel: [    0.000000]   DMA zone: 3998 pages, LIFO batch:0
Oct 26 21:37:47 chefnode2 kernel: [    0.000000]   DMA32 zone: 4032 pages used for memmap
Oct 26 21:37:47 chefnode2 kernel: [    0.000000]   DMA32 zone: 258032 pages, LIFO batch:31
Oct 26 21:37:47 chefnode2 kernel: [    0.000000] ACPI: PM-Timer IO Port: 0x4008
Oct 26 21:37:47 chefnode2 kernel: [    0.000000] ACPI: Local APIC address 0xfee00000
Oct 26 21:37:47 chefnode2 kernel: [    0.000000] ACPI: LAPIC (acpi_id[0x00] lapic_id[0x00] enabled)
Oct 26 21:37:47 chefnode2 kernel: [    0.000000] ACPI: IOAPIC (id[0x01] address[0xfec00000] gsi_base[0])
Oct 26 21:37:47 chefnode2 kernel: [    0.000000] IOAPIC[0]: apic_id 1, version 17, address 0xfec00000, GSI 0-23
Oct 26 21:37:47 chefnode2 kernel: [    0.000000] ACPI: INT_SRC_OVR (bus 0 bus_irq 0 global_irq 2 dfl dfl)
Oct 26 21:37:47 chefnode2 kernel: [    0.000000] ACPI: INT_SRC_OVR (bus 0 bus_irq 9 global_irq 9 high level)
Oct 26 21:37:47 chefnode2 kernel: [    0.000000] ACPI: IRQ0 used by override.
Oct 26 21:37:47 chefnode2 kernel: [    0.000000] ACPI: IRQ9 used by override.
Oct 26 21:37:47 chefnode2 kernel: [    0.000000] Using ACPI (MADT) for SMP configuration information
Oct 26 21:37:47 chefnode2 kernel: [    0.000000] smpboot: Allowing 1 CPUs, 0 hotplug CPUs
Oct 26 21:37:47 chefnode2 kernel: [    0.000000] PM: Registered nosave memory: [mem 0x00000000-0x00000fff]
Oct 26 21:37:47 chefnode2 kernel: [    0.000000] PM: Registered nosave memory: [mem 0x0009f000-0x0009ffff]
Oct 26 21:37:47 chefnode2 kernel: [    0.000000] PM: Registered nosave memory: [mem 0x000a0000-0x000effff]
Oct 26 21:37:47 chefnode2 kernel: [    0.000000] PM: Registered nosave memory: [mem 0x000f0000-0x000fffff]
Oct 26 21:37:47 chefnode2 kernel: [    0.000000] e820: [mem 0x40000000-0xfffbffff] available for PCI devices
Oct 26 21:37:47 chefnode2 kernel: [    0.000000] Booting paravirtualized kernel on bare hardware
Oct 26 21:37:47 chefnode2 kernel: [    0.000000] setup_percpu: NR_CPUS:256 nr_cpumask_bits:256 nr_cpu_ids:1 nr_node_ids:1
Oct 26 21:37:47 chefnode2 kernel: [    0.000000] PERCPU: Embedded 31 pages/cpu @ffff88003fc00000 s86144 r8192 d32640 u2097152
Oct 26 21:37:47 chefnode2 kernel: [    0.000000] pcpu-alloc: s86144 r8192 d32640 u2097152 alloc=1*2097152
Oct 26 21:37:47 chefnode2 kernel: [    0.000000] pcpu-alloc: [0] 0 
Oct 26 21:37:47 chefnode2 kernel: [    0.000000] Built 1 zonelists in Node order, mobility grouping on.  Total pages: 257913
Oct 26 21:37:47 chefnode2 kernel: [    0.000000] Policy zone: DMA32
Oct 26 21:37:47 chefnode2 kernel: [    0.000000] Kernel command line: BOOT_IMAGE=/vmlinuz-3.19.0-25-generic root=/dev/mapper/ubuntu--vg-root ro
Oct 26 21:37:47 chefnode2 kernel: [    0.000000] PID hash table entries: 4096 (order: 3, 32768 bytes)
Oct 26 21:37:47 chefnode2 kernel: [    0.000000] AGP: Checking aperture...
Oct 26 21:37:47 chefnode2 kernel: [    0.000000] AGP: No AGP bridge found
Oct 26 21:37:47 chefnode2 kernel: [    0.000000] Calgary: detecting Calgary via BIOS EBDA area
Oct 26 21:37:47 chefnode2 kernel: [    0.000000] Calgary: Unable to locate Rio Grande table in EBDA - bailing!
Oct 26 21:37:47 chefnode2 kernel: [    0.000000] Memory: 994768K/1048120K available (7918K kernel code, 1172K rwdata, 3752K rodata, 1408K init, 1292K bss, 53352K reserved, 0K cma-reserved)
Oct 26 21:37:47 chefnode2 kernel: [    0.000000] SLUB: HWalign=64, Order=0-3, MinObjects=0, CPUs=1, Nodes=1
Oct 26 21:37:47 chefnode2 kernel: [    0.000000] Hierarchical RCU implementation.
Oct 26 21:37:47 chefnode2 kernel: [    0.000000] 	RCU dyntick-idle grace-period acceleration is enabled.
Oct 26 21:37:47 chefnode2 kernel: [    0.000000] 	RCU restricting CPUs from NR_CPUS=256 to nr_cpu_ids=1.
Oct 26 21:37:47 chefnode2 kernel: [    0.000000] RCU: Adjusting geometry for rcu_fanout_leaf=16, nr_cpu_ids=1
Oct 26 21:37:47 chefnode2 kernel: [    0.000000] NR_IRQS:16640 nr_irqs:256 16
Oct 26 21:37:47 chefnode2 kernel: [    0.000000] 	Offload RCU callbacks from all CPUs
Oct 26 21:37:47 chefnode2 kernel: [    0.000000] 	Offload RCU callbacks from CPUs: 0.
Oct 26 21:37:47 chefnode2 kernel: [    0.000000] Console: colour dummy device 80x25
Oct 26 21:37:47 chefnode2 kernel: [    0.000000] console [tty0] enabled
Oct 26 21:37:47 chefnode2 kernel: [    0.000000] tsc: Fast TSC calibration using PIT
Oct 26 21:37:47 chefnode2 kernel: [    0.000000] tsc: Detected 2682.470 MHz processor
Oct 26 21:37:47 chefnode2 kernel: [    0.004014] Calibrating delay loop (skipped), value calculated using timer frequency.. 5364.94 BogoMIPS (lpj=10729880)
Oct 26 21:37:47 chefnode2 kernel: [    0.004017] pid_max: default: 32768 minimum: 301
Oct 26 21:37:47 chefnode2 kernel: [    0.004022] ACPI: Core revision 20141107
Oct 26 21:37:47 chefnode2 kernel: [    0.004714] ACPI: All ACPI Tables successfully acquired
Oct 26 21:37:47 chefnode2 kernel: [    0.004752] Security Framework initialized
Oct 26 21:37:47 chefnode2 kernel: [    0.004762] AppArmor: AppArmor initialized
Oct 26 21:37:47 chefnode2 kernel: [    0.004764] Yama: becoming mindful.
Oct 26 21:37:47 chefnode2 kernel: [    0.004827] Dentry cache hash table entries: 131072 (order: 8, 1048576 bytes)
Oct 26 21:37:47 chefnode2 kernel: [    0.004957] Inode-cache hash table entries: 65536 (order: 7, 524288 bytes)
Oct 26 21:37:47 chefnode2 kernel: [    0.005195] Mount-cache hash table entries: 2048 (order: 2, 16384 bytes)
Oct 26 21:37:47 chefnode2 kernel: [    0.005197] Mountpoint-cache hash table entries: 2048 (order: 2, 16384 bytes)
Oct 26 21:37:47 chefnode2 kernel: [    0.005305] Initializing cgroup subsys memory
Oct 26 21:37:47 chefnode2 kernel: [    0.005310] Initializing cgroup subsys devices
Oct 26 21:37:47 chefnode2 kernel: [    0.005312] Initializing cgroup subsys freezer
Oct 26 21:37:47 chefnode2 kernel: [    0.005314] Initializing cgroup subsys net_cls
Oct 26 21:37:47 chefnode2 kernel: [    0.005316] Initializing cgroup subsys blkio
Oct 26 21:37:47 chefnode2 kernel: [    0.005318] Initializing cgroup subsys perf_event
Oct 26 21:37:47 chefnode2 kernel: [    0.005320] Initializing cgroup subsys net_prio
Oct 26 21:37:47 chefnode2 kernel: [    0.005322] Initializing cgroup subsys hugetlb
Oct 26 21:37:47 chefnode2 kernel: [    0.005400] mce: CPU supports 0 MCE banks
Oct 26 21:37:47 chefnode2 kernel: [    0.005420] process: using mwait in idle threads
Oct 26 21:37:47 chefnode2 kernel: [    0.005425] Last level iTLB entries: 4KB 1024, 2MB 1024, 4MB 1024
Oct 26 21:37:47 chefnode2 kernel: [    0.005425] Last level dTLB entries: 4KB 1024, 2MB 1024, 4MB 1024, 1GB 4
Oct 26 21:37:47 chefnode2 kernel: [    0.020985] Freeing SMP alternatives memory: 32K (ffffffff81e87000 - ffffffff81e8f000)
Oct 26 21:37:47 chefnode2 kernel: [    0.026222] ftrace: allocating 29988 entries in 118 pages
Oct 26 21:37:47 chefnode2 kernel: [    0.036287] ..TIMER: vector=0x30 apic1=0 pin1=2 apic2=-1 pin2=-1
Oct 26 21:37:47 chefnode2 kernel: [    0.076994] smpboot: CPU0: Intel(R) Core(TM) i7-4810MQ CPU @ 2.80GHz (fam: 06, model: 3c, stepping: 03)
Oct 26 21:37:47 chefnode2 kernel: [    0.080000] Performance Events: unsupported p6 CPU model 60 no PMU driver, software events only.
Oct 26 21:37:47 chefnode2 kernel: [    0.080000] x86: Booted up 1 node, 1 CPUs
Oct 26 21:37:47 chefnode2 kernel: [    0.080000] smpboot: Total of 1 processors activated (5364.94 BogoMIPS)
Oct 26 21:37:47 chefnode2 kernel: [    0.080000] devtmpfs: initialized
Oct 26 21:37:47 chefnode2 kernel: [    0.080000] evm: security.selinux
Oct 26 21:37:47 chefnode2 kernel: [    0.080000] evm: security.SMACK64
Oct 26 21:37:47 chefnode2 kernel: [    0.080000] evm: security.SMACK64EXEC
Oct 26 21:37:47 chefnode2 kernel: [    0.080000] evm: security.SMACK64TRANSMUTE
Oct 26 21:37:47 chefnode2 kernel: [    0.080000] evm: security.SMACK64MMAP
Oct 26 21:37:47 chefnode2 kernel: [    0.080000] evm: security.ima
Oct 26 21:37:47 chefnode2 kernel: [    0.080000] evm: security.capability
Oct 26 21:37:47 chefnode2 kernel: [    0.080000] NMI watchdog: disabled (cpu0): hardware events not enabled
Oct 26 21:37:47 chefnode2 kernel: [    0.080000] pinctrl core: initialized pinctrl subsystem
Oct 26 21:37:47 chefnode2 kernel: [    0.080000] RTC time:  2:37:43, date: 10/27/15
Oct 26 21:37:47 chefnode2 kernel: [    0.080000] NET: Registered protocol family 16
Oct 26 21:37:47 chefnode2 kernel: [    0.080000] cpuidle: using governor ladder
Oct 26 21:37:47 chefnode2 kernel: [    0.080000] cpuidle: using governor menu
Oct 26 21:37:47 chefnode2 kernel: [    0.080000] ACPI: bus type PCI registered
Oct 26 21:37:47 chefnode2 kernel: [    0.080000] acpiphp: ACPI Hot Plug PCI Controller Driver version: 0.5
Oct 26 21:37:47 chefnode2 kernel: [    0.080000] PCI: Using configuration type 1 for base access
Oct 26 21:37:47 chefnode2 kernel: [    0.080000] ACPI: Added _OSI(Module Device)
Oct 26 21:37:47 chefnode2 kernel: [    0.080000] ACPI: Added _OSI(Processor Device)
Oct 26 21:37:47 chefnode2 kernel: [    0.080000] ACPI: Added _OSI(3.0 _SCP Extensions)
Oct 26 21:37:47 chefnode2 kernel: [    0.080000] ACPI: Added _OSI(Processor Aggregator Device)
Oct 26 21:37:47 chefnode2 kernel: [    0.080176] ACPI: Executed 1 blocks of module-level executable AML code
Oct 26 21:37:47 chefnode2 kernel: [    0.081571] ACPI: Interpreter enabled
Oct 26 21:37:47 chefnode2 kernel: [    0.081575] ACPI Exception: AE_NOT_FOUND, While evaluating Sleep State [\_S1_] (20141107/hwxface-580)
Oct 26 21:37:47 chefnode2 kernel: [    0.081579] ACPI Exception: AE_NOT_FOUND, While evaluating Sleep State [\_S2_] (20141107/hwxface-580)
Oct 26 21:37:47 chefnode2 kernel: [    0.081581] ACPI Exception: AE_NOT_FOUND, While evaluating Sleep State [\_S3_] (20141107/hwxface-580)
Oct 26 21:37:47 chefnode2 kernel: [    0.081584] ACPI Exception: AE_NOT_FOUND, While evaluating Sleep State [\_S4_] (20141107/hwxface-580)
Oct 26 21:37:47 chefnode2 kernel: [    0.081589] ACPI: (supports S0 S5)
Oct 26 21:37:47 chefnode2 kernel: [    0.081590] ACPI: Using IOAPIC for interrupt routing
Oct 26 21:37:47 chefnode2 kernel: [    0.081709] PCI: Ignoring host bridge windows from ACPI; if necessary, use "pci=use_crs" and report a bug
Oct 26 21:37:47 chefnode2 kernel: [    0.083265] ACPI: PCI Root Bridge [PCI0] (domain 0000 [bus 00-ff])
Oct 26 21:37:47 chefnode2 kernel: [    0.083270] acpi PNP0A03:00: _OSC: OS supports [ASPM ClockPM Segments MSI]
Oct 26 21:37:47 chefnode2 kernel: [    0.083273] acpi PNP0A03:00: _OSC failed (AE_NOT_FOUND); disabling ASPM
Oct 26 21:37:47 chefnode2 kernel: [    0.083321] acpi PNP0A03:00: host bridge window [io  0x0000-0x0cf7] (ignored)
Oct 26 21:37:47 chefnode2 kernel: [    0.083322] acpi PNP0A03:00: host bridge window [io  0x0d00-0xffff] (ignored)
Oct 26 21:37:47 chefnode2 kernel: [    0.083323] acpi PNP0A03:00: host bridge window [mem 0x000a0000-0x000bffff] (ignored)
Oct 26 21:37:47 chefnode2 kernel: [    0.083324] acpi PNP0A03:00: host bridge window [mem 0x40000000-0xffdfffff] (ignored)
Oct 26 21:37:47 chefnode2 kernel: [    0.083325] PCI: root bus 00: using default resources
Oct 26 21:37:47 chefnode2 kernel: [    0.083326] acpi PNP0A03:00: fail to add MMCONFIG information, can't access extended PCI configuration space under this bridge.
Oct 26 21:37:47 chefnode2 kernel: [    0.083475] PCI host bridge to bus 0000:00
Oct 26 21:37:47 chefnode2 kernel: [    0.083478] pci_bus 0000:00: root bus resource [bus 00-ff]
Oct 26 21:37:47 chefnode2 kernel: [    0.083480] pci_bus 0000:00: root bus resource [io  0x0000-0xffff]
Oct 26 21:37:47 chefnode2 kernel: [    0.083481] pci_bus 0000:00: root bus resource [mem 0x00000000-0x7fffffffff]
Oct 26 21:37:47 chefnode2 kernel: [    0.083509] pci 0000:00:00.0: [8086:1237] type 00 class 0x060000
Oct 26 21:37:47 chefnode2 kernel: [    0.083864] pci 0000:00:01.0: [8086:7000] type 00 class 0x060100
Oct 26 21:37:47 chefnode2 kernel: [    0.084348] pci 0000:00:01.1: [8086:7111] type 00 class 0x01018a
Oct 26 21:37:47 chefnode2 kernel: [    0.084604] pci 0000:00:01.1: reg 0x20: [io  0xd000-0xd00f]
Oct 26 21:37:47 chefnode2 kernel: [    0.084716] pci 0000:00:01.1: legacy IDE quirk: reg 0x10: [io  0x01f0-0x01f7]
Oct 26 21:37:47 chefnode2 kernel: [    0.084737] pci 0000:00:01.1: legacy IDE quirk: reg 0x14: [io  0x03f6]
Oct 26 21:37:47 chefnode2 kernel: [    0.084739] pci 0000:00:01.1: legacy IDE quirk: reg 0x18: [io  0x0170-0x0177]
Oct 26 21:37:47 chefnode2 kernel: [    0.084740] pci 0000:00:01.1: legacy IDE quirk: reg 0x1c: [io  0x0376]
Oct 26 21:37:47 chefnode2 kernel: [    0.084887] pci 0000:00:02.0: [80ee:beef] type 00 class 0x030000
Oct 26 21:37:47 chefnode2 kernel: [    0.085632] pci 0000:00:02.0: reg 0x10: [mem 0xe0000000-0xe0ffffff pref]
Oct 26 21:37:47 chefnode2 kernel: [    0.088699] pci 0000:00:03.0: [8086:100e] type 00 class 0x020000
Oct 26 21:37:47 chefnode2 kernel: [    0.089012] pci 0000:00:03.0: reg 0x10: [mem 0xf0000000-0xf001ffff]
Oct 26 21:37:47 chefnode2 kernel: [    0.089514] pci 0000:00:03.0: reg 0x18: [io  0xd010-0xd017]
Oct 26 21:37:47 chefnode2 kernel: [    0.090894] pci 0000:00:04.0: [80ee:cafe] type 00 class 0x088000
Oct 26 21:37:47 chefnode2 kernel: [    0.091167] pci 0000:00:04.0: reg 0x10: [io  0xd020-0xd03f]
Oct 26 21:37:47 chefnode2 kernel: [    0.091437] pci 0000:00:04.0: reg 0x14: [mem 0xf0400000-0xf07fffff]
Oct 26 21:37:47 chefnode2 kernel: [    0.091682] pci 0000:00:04.0: reg 0x18: [mem 0xf0800000-0xf0803fff pref]
Oct 26 21:37:47 chefnode2 kernel: [    0.092472] pci 0000:00:05.0: [8086:2415] type 00 class 0x040100
Oct 26 21:37:47 chefnode2 kernel: [    0.092538] pci 0000:00:05.0: reg 0x10: [io  0xd100-0xd1ff]
Oct 26 21:37:47 chefnode2 kernel: [    0.092584] pci 0000:00:05.0: reg 0x14: [io  0xd200-0xd23f]
Oct 26 21:37:47 chefnode2 kernel: [    0.092969] pci 0000:00:06.0: [106b:003f] type 00 class 0x0c0310
Oct 26 21:37:47 chefnode2 kernel: [    0.093262] pci 0000:00:06.0: reg 0x10: [mem 0xf0804000-0xf0804fff]
Oct 26 21:37:47 chefnode2 kernel: [    0.094890] pci 0000:00:07.0: [8086:7113] type 00 class 0x068000
Oct 26 21:37:47 chefnode2 kernel: [    0.095425] pci 0000:00:08.0: [8086:100e] type 00 class 0x020000
Oct 26 21:37:47 chefnode2 kernel: [    0.095734] pci 0000:00:08.0: reg 0x10: [mem 0xf0820000-0xf083ffff]
Oct 26 21:37:47 chefnode2 kernel: [    0.096256] pci 0000:00:08.0: reg 0x18: [io  0xd240-0xd247]
Oct 26 21:37:47 chefnode2 kernel: [    0.097554] pci 0000:00:0b.0: [8086:265c] type 00 class 0x0c0320
Oct 26 21:37:47 chefnode2 kernel: [    0.097816] pci 0000:00:0b.0: reg 0x10: [mem 0xf0840000-0xf0840fff]
Oct 26 21:37:47 chefnode2 kernel: [    0.099386] pci 0000:00:0d.0: [8086:2829] type 00 class 0x010601
Oct 26 21:37:47 chefnode2 kernel: [    0.099697] pci 0000:00:0d.0: reg 0x10: [io  0xd248-0xd24f]
Oct 26 21:37:47 chefnode2 kernel: [    0.100055] pci 0000:00:0d.0: reg 0x18: [io  0xd258-0xd25f]
Oct 26 21:37:47 chefnode2 kernel: [    0.100555] pci 0000:00:0d.0: reg 0x20: [io  0xd270-0xd27f]
Oct 26 21:37:47 chefnode2 kernel: [    0.100800] pci 0000:00:0d.0: reg 0x24: [mem 0xf0842000-0xf0843fff]
Oct 26 21:37:47 chefnode2 kernel: [    0.101932] ACPI: PCI Interrupt Link [LNKA] (IRQs 5 9 10 *11)
Oct 26 21:37:47 chefnode2 kernel: [    0.102078] ACPI: PCI Interrupt Link [LNKB] (IRQs 5 9 10 *11)
Oct 26 21:37:47 chefnode2 kernel: [    0.102133] ACPI: PCI Interrupt Link [LNKC] (IRQs 5 9 *10 11)
Oct 26 21:37:47 chefnode2 kernel: [    0.102188] ACPI: PCI Interrupt Link [LNKD] (IRQs 5 *9 10 11)
Oct 26 21:37:47 chefnode2 kernel: [    0.102258] ACPI: Enabled 1 GPEs in block 00 to 07
Oct 26 21:37:47 chefnode2 kernel: [    0.102348] vgaarb: setting as boot device: PCI:0000:00:02.0
Oct 26 21:37:47 chefnode2 kernel: [    0.102351] vgaarb: device added: PCI:0000:00:02.0,decodes=io+mem,owns=io+mem,locks=none
Oct 26 21:37:47 chefnode2 kernel: [    0.102354] vgaarb: loaded
Oct 26 21:37:47 chefnode2 kernel: [    0.102355] vgaarb: bridge control possible 0000:00:02.0
Oct 26 21:37:47 chefnode2 kernel: [    0.102532] SCSI subsystem initialized
Oct 26 21:37:47 chefnode2 kernel: [    0.102564] libata version 3.00 loaded.
Oct 26 21:37:47 chefnode2 kernel: [    0.102584] ACPI: bus type USB registered
Oct 26 21:37:47 chefnode2 kernel: [    0.102599] usbcore: registered new interface driver usbfs
Oct 26 21:37:47 chefnode2 kernel: [    0.102606] usbcore: registered new interface driver hub
Oct 26 21:37:47 chefnode2 kernel: [    0.102612] usbcore: registered new device driver usb
Oct 26 21:37:47 chefnode2 kernel: [    0.102694] PCI: Using ACPI for IRQ routing
Oct 26 21:37:47 chefnode2 kernel: [    0.102696] PCI: pci_cache_line_size set to 64 bytes
Oct 26 21:37:47 chefnode2 kernel: [    0.102846] e820: reserve RAM buffer [mem 0x0009fc00-0x0009ffff]
Oct 26 21:37:47 chefnode2 kernel: [    0.102847] e820: reserve RAM buffer [mem 0x3fff0000-0x3fffffff]
Oct 26 21:37:47 chefnode2 kernel: [    0.102969] NetLabel: Initializing
Oct 26 21:37:47 chefnode2 kernel: [    0.102971] NetLabel:  domain hash size = 128
Oct 26 21:37:47 chefnode2 kernel: [    0.102972] NetLabel:  protocols = UNLABELED CIPSOv4
Oct 26 21:37:47 chefnode2 kernel: [    0.102981] NetLabel:  unlabeled traffic allowed by default
Oct 26 21:37:47 chefnode2 kernel: [    0.103036] Switched to clocksource refined-jiffies
Oct 26 21:37:47 chefnode2 kernel: [    0.106938] AppArmor: AppArmor Filesystem Enabled
Oct 26 21:37:47 chefnode2 kernel: [    0.107015] pnp: PnP ACPI init
Oct 26 21:37:47 chefnode2 kernel: [    0.107084] pnp 00:00: Plug and Play ACPI device, IDs PNP0303 (active)
Oct 26 21:37:47 chefnode2 kernel: [    0.107136] pnp 00:01: Plug and Play ACPI device, IDs PNP0f03 (active)
Oct 26 21:37:47 chefnode2 kernel: [    0.107165] pnp 00:02: Plug and Play ACPI device, IDs PNP0400 (active)
Oct 26 21:37:47 chefnode2 kernel: [    0.107457] pnp: PnP ACPI: found 3 devices
Oct 26 21:37:47 chefnode2 kernel: [    0.112781] Switched to clocksource acpi_pm
Oct 26 21:37:47 chefnode2 kernel: [    0.112791] pci_bus 0000:00: resource 4 [io  0x0000-0xffff]
Oct 26 21:37:47 chefnode2 kernel: [    0.112792] pci_bus 0000:00: resource 5 [mem 0x00000000-0x7fffffffff]
Oct 26 21:37:47 chefnode2 kernel: [    0.112810] NET: Registered protocol family 2
Oct 26 21:37:47 chefnode2 kernel: [    0.112918] TCP established hash table entries: 8192 (order: 4, 65536 bytes)
Oct 26 21:37:47 chefnode2 kernel: [    0.112942] TCP bind hash table entries: 8192 (order: 5, 131072 bytes)
Oct 26 21:37:47 chefnode2 kernel: [    0.112966] TCP: Hash tables configured (established 8192 bind 8192)
Oct 26 21:37:47 chefnode2 kernel: [    0.112977] TCP: reno registered
Oct 26 21:37:47 chefnode2 kernel: [    0.112980] UDP hash table entries: 512 (order: 2, 16384 bytes)
Oct 26 21:37:47 chefnode2 kernel: [    0.112983] UDP-Lite hash table entries: 512 (order: 2, 16384 bytes)
Oct 26 21:37:47 chefnode2 kernel: [    0.113006] NET: Registered protocol family 1
Oct 26 21:37:47 chefnode2 kernel: [    0.113014] pci 0000:00:00.0: Limiting direct PCI/PCI transfers
Oct 26 21:37:47 chefnode2 kernel: [    0.113032] pci 0000:00:01.0: Activating ISA DMA hang workarounds
Oct 26 21:37:47 chefnode2 kernel: [    0.113053] pci 0000:00:02.0: Video device with shadowed ROM
Oct 26 21:37:47 chefnode2 kernel: [    0.114788] PCI: CLS 0 bytes, default 64
Oct 26 21:37:47 chefnode2 kernel: [    0.114837] Trying to unpack rootfs image as initramfs...
Oct 26 21:37:47 chefnode2 kernel: [    0.318990] Freeing initrd memory: 20256K (ffff880035860000 - ffff880036c28000)
Oct 26 21:37:47 chefnode2 kernel: [    0.319072] platform rtc_cmos: registered platform RTC device (no PNP device found)
Oct 26 21:37:47 chefnode2 kernel: [    0.319114] RAPL PMU detected, hw unit 2^-0 Joules, API unit is 2^-32 Joules, 4 fixed counters 10737418240 ms ovfl timer
Oct 26 21:37:47 chefnode2 kernel: [    0.319140] microcode: CPU0 sig=0x306c3, pf=0x2, revision=0x19
Oct 26 21:37:47 chefnode2 kernel: [    0.319172] microcode: Microcode Update Driver: v2.00 <tigran@aivazian.fsnet.co.uk>, Peter Oruba
Oct 26 21:37:47 chefnode2 kernel: [    0.319191] Scanning for low memory corruption every 60 seconds
Oct 26 21:37:47 chefnode2 kernel: [    0.319338] futex hash table entries: 256 (order: 2, 16384 bytes)
Oct 26 21:37:47 chefnode2 kernel: [    0.319347] Initialise system trusted keyring
Oct 26 21:37:47 chefnode2 kernel: [    0.319364] audit: initializing netlink subsys (disabled)
Oct 26 21:37:47 chefnode2 kernel: [    0.319377] audit: type=2000 audit(1445913463.315:1): initialized
Oct 26 21:37:47 chefnode2 kernel: [    0.319576] HugeTLB registered 2 MB page size, pre-allocated 0 pages
Oct 26 21:37:47 chefnode2 kernel: [    0.320577] zpool: loaded
Oct 26 21:37:47 chefnode2 kernel: [    0.320580] zbud: loaded
Oct 26 21:37:47 chefnode2 kernel: [    0.320687] VFS: Disk quotas dquot_6.5.2
Oct 26 21:37:47 chefnode2 kernel: [    0.320709] VFS: Dquot-cache hash table entries: 512 (order 0, 4096 bytes)
Oct 26 21:37:47 chefnode2 kernel: [    0.321002] fuse init (API version 7.23)
Oct 26 21:37:47 chefnode2 kernel: [    0.321083] Key type big_key registered
Oct 26 21:37:47 chefnode2 kernel: [    0.321244] Key type asymmetric registered
Oct 26 21:37:47 chefnode2 kernel: [    0.321248] Asymmetric key parser 'x509' registered
Oct 26 21:37:47 chefnode2 kernel: [    0.321273] Block layer SCSI generic (bsg) driver version 0.4 loaded (major 252)
Oct 26 21:37:47 chefnode2 kernel: [    0.321292] io scheduler noop registered
Oct 26 21:37:47 chefnode2 kernel: [    0.321296] io scheduler deadline registered (default)
Oct 26 21:37:47 chefnode2 kernel: [    0.321316] io scheduler cfq registered
Oct 26 21:37:47 chefnode2 kernel: [    0.321368] pci_hotplug: PCI Hot Plug PCI Core version: 0.5
Oct 26 21:37:47 chefnode2 kernel: [    0.321379] pciehp: PCI Express Hot Plug Controller Driver version: 0.4
Oct 26 21:37:47 chefnode2 kernel: [    0.321397] vesafb: mode is 640x480x32, linelength=2560, pages=0
Oct 26 21:37:47 chefnode2 kernel: [    0.321398] vesafb: scrolling: redraw
Oct 26 21:37:47 chefnode2 kernel: [    0.321400] vesafb: Truecolor: size=8:8:8:8, shift=24:16:8:0
Oct 26 21:37:47 chefnode2 kernel: [    0.321405] mtrr: your processor doesn't support write-combining
Oct 26 21:37:47 chefnode2 kernel: [    0.321411] vesafb: framebuffer at 0xe0000000, mapped to 0xffffc90000200000, using 1216k, total 1216k
Oct 26 21:37:47 chefnode2 kernel: [    0.322540] Console: switching to colour frame buffer device 80x30
Oct 26 21:37:47 chefnode2 kernel: [    0.323009] fb0: VESA VGA frame buffer device
Oct 26 21:37:47 chefnode2 kernel: [    0.323119] ACPI: AC Adapter [AC] (on-line)
Oct 26 21:37:47 chefnode2 kernel: [    0.323207] input: Power Button as /devices/LNXSYSTM:00/LNXPWRBN:00/input/input0
Oct 26 21:37:47 chefnode2 kernel: [    0.323228] ACPI: Power Button [PWRF]
Oct 26 21:37:47 chefnode2 kernel: [    0.323566] input: Sleep Button as /devices/LNXSYSTM:00/LNXSLPBN:00/input/input1
Oct 26 21:37:47 chefnode2 kernel: [    0.325082] ACPI: Sleep Button [SLPF]
Oct 26 21:37:47 chefnode2 kernel: [    0.325936] ACPI: Battery Slot [BAT0] (battery present)
Oct 26 21:37:47 chefnode2 kernel: [    0.326288] GHES: HEST is not enabled!
Oct 26 21:37:47 chefnode2 kernel: [    0.326639] Serial: 8250/16550 driver, 32 ports, IRQ sharing enabled
Oct 26 21:37:47 chefnode2 kernel: [    0.327642] Linux agpgart interface v0.103
Oct 26 21:37:47 chefnode2 kernel: [    0.328374] brd: module loaded
Oct 26 21:37:47 chefnode2 kernel: [    0.328618] loop: module loaded
Oct 26 21:37:47 chefnode2 kernel: [    0.329023] ata_piix 0000:00:01.1: version 2.13
Oct 26 21:37:47 chefnode2 kernel: [    0.329319] scsi host0: ata_piix
Oct 26 21:37:47 chefnode2 kernel: [    0.329699] scsi host1: ata_piix
Oct 26 21:37:47 chefnode2 kernel: [    0.329985] ata1: PATA max UDMA/33 cmd 0x1f0 ctl 0x3f6 bmdma 0xd000 irq 14
Oct 26 21:37:47 chefnode2 kernel: [    0.330294] ata2: PATA max UDMA/33 cmd 0x170 ctl 0x376 bmdma 0xd008 irq 15
Oct 26 21:37:47 chefnode2 kernel: [    0.330646] libphy: Fixed MDIO Bus: probed
Oct 26 21:37:47 chefnode2 kernel: [    0.330741] tun: Universal TUN/TAP device driver, 1.6
Oct 26 21:37:47 chefnode2 kernel: [    0.330882] tun: (C) 1999-2004 Max Krasnyansky <maxk@qualcomm.com>
Oct 26 21:37:47 chefnode2 kernel: [    0.331445] PPP generic driver version 2.4.2
Oct 26 21:37:47 chefnode2 kernel: [    0.331800] ehci_hcd: USB 2.0 'Enhanced' Host Controller (EHCI) Driver
Oct 26 21:37:47 chefnode2 kernel: [    0.332267] ehci-pci: EHCI PCI platform driver
Oct 26 21:37:47 chefnode2 kernel: [    0.332949] ehci-pci 0000:00:0b.0: EHCI Host Controller
Oct 26 21:37:47 chefnode2 kernel: [    0.333268] ehci-pci 0000:00:0b.0: new USB bus registered, assigned bus number 1
Oct 26 21:37:47 chefnode2 kernel: [    0.334012] ehci-pci 0000:00:0b.0: irq 19, io mem 0xf0840000
Oct 26 21:37:47 chefnode2 kernel: [    0.345031] ehci-pci 0000:00:0b.0: USB 2.0 started, EHCI 1.00
Oct 26 21:37:47 chefnode2 kernel: [    0.346228] usb usb1: New USB device found, idVendor=1d6b, idProduct=0002
Oct 26 21:37:47 chefnode2 kernel: [    0.346456] usb usb1: New USB device strings: Mfr=3, Product=2, SerialNumber=1
Oct 26 21:37:47 chefnode2 kernel: [    0.346802] usb usb1: Product: EHCI Host Controller
Oct 26 21:37:47 chefnode2 kernel: [    0.347097] usb usb1: Manufacturer: Linux 3.19.0-25-generic ehci_hcd
Oct 26 21:37:47 chefnode2 kernel: [    0.347395] usb usb1: SerialNumber: 0000:00:0b.0
Oct 26 21:37:47 chefnode2 kernel: [    0.347776] hub 1-0:1.0: USB hub found
Oct 26 21:37:47 chefnode2 kernel: [    0.348064] hub 1-0:1.0: 8 ports detected
Oct 26 21:37:47 chefnode2 kernel: [    0.348381] ehci-platform: EHCI generic platform driver
Oct 26 21:37:47 chefnode2 kernel: [    0.348658] ohci_hcd: USB 1.1 'Open' Host Controller (OHCI) Driver
Oct 26 21:37:47 chefnode2 kernel: [    0.348952] ohci-pci: OHCI PCI platform driver
Oct 26 21:37:47 chefnode2 kernel: [    0.349611] ohci-pci 0000:00:06.0: OHCI PCI host controller
Oct 26 21:37:47 chefnode2 kernel: [    0.349898] ohci-pci 0000:00:06.0: new USB bus registered, assigned bus number 2
Oct 26 21:37:47 chefnode2 kernel: [    0.350509] ohci-pci 0000:00:06.0: irq 22, io mem 0xf0804000
Oct 26 21:37:47 chefnode2 kernel: [    0.405297] usb usb2: New USB device found, idVendor=1d6b, idProduct=0001
Oct 26 21:37:47 chefnode2 kernel: [    0.406422] usb usb2: New USB device strings: Mfr=3, Product=2, SerialNumber=1
Oct 26 21:37:47 chefnode2 kernel: [    0.406580] usb usb2: Product: OHCI PCI host controller
Oct 26 21:37:47 chefnode2 kernel: [    0.406871] usb usb2: Manufacturer: Linux 3.19.0-25-generic ohci_hcd
Oct 26 21:37:47 chefnode2 kernel: [    0.407172] usb usb2: SerialNumber: 0000:00:06.0
Oct 26 21:37:47 chefnode2 kernel: [    0.407598] hub 2-0:1.0: USB hub found
Oct 26 21:37:47 chefnode2 kernel: [    0.407893] hub 2-0:1.0: 8 ports detected
Oct 26 21:37:47 chefnode2 kernel: [    0.408308] ohci-platform: OHCI generic platform driver
Oct 26 21:37:47 chefnode2 kernel: [    0.408618] uhci_hcd: USB Universal Host Controller Interface driver
Oct 26 21:37:47 chefnode2 kernel: [    0.408937] i8042: PNP: PS/2 Controller [PNP0303:PS2K,PNP0f03:PS2M] at 0x60,0x64 irq 1,12
Oct 26 21:37:47 chefnode2 kernel: [    0.410270] serio: i8042 KBD port at 0x60,0x64 irq 1
Oct 26 21:37:47 chefnode2 kernel: [    0.410586] serio: i8042 AUX port at 0x60,0x64 irq 12
Oct 26 21:37:47 chefnode2 kernel: [    0.410980] mousedev: PS/2 mouse device common for all mice
Oct 26 21:37:47 chefnode2 kernel: [    0.411658] input: AT Translated Set 2 keyboard as /devices/platform/i8042/serio0/input/input2
Oct 26 21:37:47 chefnode2 kernel: [    0.412494] rtc_cmos rtc_cmos: rtc core: registered rtc_cmos as rtc0
Oct 26 21:37:47 chefnode2 kernel: [    0.412826] rtc_cmos rtc_cmos: alarms up to one day, 114 bytes nvram
Oct 26 21:37:47 chefnode2 kernel: [    0.413151] i2c /dev entries driver
Oct 26 21:37:47 chefnode2 kernel: [    0.413512] device-mapper: uevent: version 1.0.3
Oct 26 21:37:47 chefnode2 kernel: [    0.413833] device-mapper: ioctl: 4.29.0-ioctl (2014-10-28) initialised: dm-devel@redhat.com
Oct 26 21:37:47 chefnode2 kernel: [    0.414437] ledtrig-cpu: registered to indicate activity on CPUs
Oct 26 21:37:47 chefnode2 kernel: [    0.414802] PCCT header not found.
Oct 26 21:37:47 chefnode2 kernel: [    0.415132] ACPI PCC probe failed.
Oct 26 21:37:47 chefnode2 kernel: [    0.415519] TCP: cubic registered
Oct 26 21:37:47 chefnode2 kernel: [    0.415874] NET: Registered protocol family 10
Oct 26 21:37:47 chefnode2 kernel: [    0.416542] NET: Registered protocol family 17
Oct 26 21:37:47 chefnode2 kernel: [    0.417278] Key type dns_resolver registered
Oct 26 21:37:47 chefnode2 kernel: [    0.417723] Loading compiled-in X.509 certificates
Oct 26 21:37:47 chefnode2 kernel: [    0.418533] Loaded X.509 cert 'Magrathea: Glacier signing key: 6aaa11d18c2d3a40b1b4dbe5bf8ad656ddf51838'
Oct 26 21:37:47 chefnode2 kernel: [    0.419154] registered taskstats version 1
Oct 26 21:37:47 chefnode2 kernel: [    0.420488] Key type trusted registered
Oct 26 21:37:47 chefnode2 kernel: [    0.422350] Key type encrypted registered
Oct 26 21:37:47 chefnode2 kernel: [    0.422608] AppArmor: AppArmor sha1 policy hashing enabled
Oct 26 21:37:47 chefnode2 kernel: [    0.422975] ima: No TPM chip found, activating TPM-bypass!
Oct 26 21:37:47 chefnode2 kernel: [    0.423293] evm: HMAC attrs: 0x1
Oct 26 21:37:47 chefnode2 kernel: [    0.423887]   Magic number: 3:843:612
Oct 26 21:37:47 chefnode2 kernel: [    0.424030] tty tty: hash matches
Oct 26 21:37:47 chefnode2 kernel: [    0.424301] rtc_cmos rtc_cmos: setting system clock to 2015-10-27 02:37:43 UTC (1445913463)
Oct 26 21:37:47 chefnode2 kernel: [    0.424893] BIOS EDD facility v0.16 2004-Jun-25, 0 devices found
Oct 26 21:37:47 chefnode2 kernel: [    0.425196] EDD information not available.
Oct 26 21:37:47 chefnode2 kernel: [    0.425529] PM: Hibernation image not present or could not be loaded.
Oct 26 21:37:47 chefnode2 kernel: [    0.489629] ata2.00: ATAPI: VBOX CD-ROM, 1.0, max UDMA/133
Oct 26 21:37:47 chefnode2 kernel: [    0.491142] ata2.00: configured for UDMA/33
Oct 26 21:37:47 chefnode2 kernel: [    0.491914] scsi 1:0:0:0: CD-ROM            VBOX     CD-ROM           1.0  PQ: 0 ANSI: 5
Oct 26 21:37:47 chefnode2 kernel: [    0.492959] sr 1:0:0:0: [sr0] scsi3-mmc drive: 32x/32x xa/form2 tray
Oct 26 21:37:47 chefnode2 kernel: [    0.493276] cdrom: Uniform CD-ROM driver Revision: 3.20
Oct 26 21:37:47 chefnode2 kernel: [    0.493647] sr 1:0:0:0: Attached scsi CD-ROM sr0
Oct 26 21:37:47 chefnode2 kernel: [    0.493847] sr 1:0:0:0: Attached scsi generic sg0 type 5
Oct 26 21:37:47 chefnode2 kernel: [    0.494312] Freeing unused kernel memory: 1408K (ffffffff81d27000 - ffffffff81e87000)
Oct 26 21:37:47 chefnode2 kernel: [    0.494899] Write protecting the kernel read-only data: 12288k
Oct 26 21:37:47 chefnode2 kernel: [    0.495282] Freeing unused kernel memory: 260K (ffff8800017bf000 - ffff880001800000)
Oct 26 21:37:47 chefnode2 kernel: [    0.495921] Freeing unused kernel memory: 344K (ffff880001baa000 - ffff880001c00000)
Oct 26 21:37:47 chefnode2 kernel: [    0.504981] systemd-udevd[99]: starting version 204
Oct 26 21:37:47 chefnode2 kernel: [    0.525043] e1000: Intel(R) PRO/1000 Network Driver - version 7.3.21-k8-NAPI
Oct 26 21:37:47 chefnode2 kernel: [    0.526011] e1000: Copyright (c) 1999-2006 Intel Corporation.
Oct 26 21:37:47 chefnode2 kernel: [    0.822274] input: ImExPS/2 Generic Explorer Mouse as /devices/platform/i8042/serio1/input/input4
Oct 26 21:37:47 chefnode2 kernel: [    0.855388] e1000 0000:00:03.0 eth0: (PCI:33MHz:32-bit) 08:00:27:e0:e1:21
Oct 26 21:37:47 chefnode2 kernel: [    0.856019] e1000 0000:00:03.0 eth0: Intel(R) PRO/1000 Network Connection
Oct 26 21:37:47 chefnode2 kernel: [    0.856295] ahci 0000:00:0d.0: version 3.0
Oct 26 21:37:47 chefnode2 kernel: [    0.856641] ahci 0000:00:0d.0: SSS flag set, parallel bus scan disabled
Oct 26 21:37:47 chefnode2 kernel: [    0.857130] ahci 0000:00:0d.0: AHCI 0001.0100 32 slots 2 ports 3 Gbps 0x3 impl SATA mode
Oct 26 21:37:47 chefnode2 kernel: [    0.857878] ahci 0000:00:0d.0: flags: 64bit ncq stag only ccc 
Oct 26 21:37:47 chefnode2 kernel: [    0.858636] scsi host2: ahci
Oct 26 21:37:47 chefnode2 kernel: [    0.859090] scsi host3: ahci
