Oct 27 07:35:13 chefnode2 anacron[3854]: Job `cron.daily' terminated
Oct 27 07:35:13 chefnode2 anacron[3854]: Normal exit (1 job run)
Oct 27 07:36:01 chefnode2 CRON[4067]: (root) CMD (/usr/sbin/diskmon)
Oct 27 07:37:01 chefnode2 CRON[4071]: (root) CMD (/usr/sbin/diskmon)
Oct 27 07:38:01 chefnode2 CRON[4076]: (root) CMD (/usr/sbin/diskmon)
Oct 27 07:39:01 chefnode2 CRON[4080]: (root) CMD (/usr/sbin/diskmon)
Oct 27 07:40:01 chefnode2 CRON[4084]: (root) CMD (/usr/sbin/diskmon)
Oct 27 07:41:01 chefnode2 CRON[4091]: (root) CMD (/usr/sbin/diskmon)
Oct 27 07:42:01 chefnode2 CRON[4101]: (root) CMD (/usr/sbin/diskmon)
Oct 27 07:43:01 chefnode2 CRON[4106]: (root) CMD (/usr/sbin/diskmon)
Oct 27 07:44:01 chefnode2 CRON[4112]: (root) CMD (/usr/sbin/diskmon)
Oct 27 07:45:01 chefnode2 CRON[4117]: (root) CMD (/usr/sbin/diskmon)
Oct 27 07:46:01 chefnode2 CRON[4121]: (root) CMD (/usr/sbin/diskmon)
Oct 27 07:47:01 chefnode2 CRON[4133]: (root) CMD (/usr/sbin/diskmon)
Oct 27 07:47:19 chefnode2 dbus[385]: [system] Activating service name='org.freedesktop.hostname1' (using servicehelper)
Oct 27 07:47:19 chefnode2 dbus[385]: [system] Successfully activated service 'org.freedesktop.hostname1'
Oct 27 07:47:19 chefnode2 kernel: [ 9766.853598] systemd-hostnamed[4139]: Warning: nss-myhostname is not installed. Changing the local hostname might make it unresolveable. Please install nss-myhostname!
Oct 27 07:48:01 chefnode2 CRON[4211]: (root) CMD (/usr/sbin/diskmon)
Oct 27 07:49:01 chefnode2 CRON[4216]: (root) CMD (/usr/sbin/diskmon)
Oct 27 07:50:01 chefnode2 CRON[4220]: (root) CMD (/usr/sbin/diskmon)
Oct 27 07:51:01 chefnode2 CRON[4224]: (root) CMD (/usr/sbin/diskmon)
Oct 27 07:52:01 chefnode2 CRON[4228]: (root) CMD (/usr/sbin/diskmon)
Oct 27 07:53:01 chefnode2 CRON[4233]: (root) CMD (/usr/sbin/diskmon)
Oct 27 07:54:01 chefnode2 CRON[4237]: (root) CMD (/usr/sbin/diskmon)
Oct 27 07:55:01 chefnode2 CRON[4248]: (root) CMD (/usr/sbin/diskmon)
Oct 27 07:56:01 chefnode2 CRON[4254]: (root) CMD (/usr/sbin/diskmon)
Oct 27 07:57:01 chefnode2 CRON[4258]: (root) CMD (/usr/sbin/diskmon)
Oct 27 07:58:01 chefnode2 CRON[4263]: (root) CMD (/usr/sbin/diskmon)
Oct 27 07:59:01 chefnode2 CRON[4267]: (root) CMD (/usr/sbin/diskmon)
Oct 27 08:00:01 chefnode2 CRON[4271]: (root) CMD (/usr/sbin/diskmon)
Oct 27 08:01:01 chefnode2 CRON[4275]: (root) CMD (/usr/sbin/diskmon)
Oct 27 08:02:01 chefnode2 CRON[4279]: (root) CMD (/usr/sbin/diskmon)
Oct 27 08:03:01 chefnode2 CRON[4284]: (root) CMD (/usr/sbin/diskmon)
Oct 27 08:04:01 chefnode2 CRON[4288]: (root) CMD (/usr/sbin/diskmon)
Oct 27 08:05:01 chefnode2 CRON[4293]: (root) CMD (/usr/sbin/diskmon)
Oct 27 08:06:01 chefnode2 CRON[4297]: (root) CMD (/usr/sbin/diskmon)
Oct 27 08:07:01 chefnode2 CRON[4301]: (root) CMD (/usr/sbin/diskmon)
Oct 27 08:08:01 chefnode2 CRON[4306]: (root) CMD (/usr/sbin/diskmon)
Oct 27 08:09:01 chefnode2 CRON[4310]: (root) CMD (/usr/sbin/diskmon)
Oct 27 08:10:01 chefnode2 CRON[4314]: (root) CMD (/usr/sbin/diskmon)
Oct 27 08:11:01 chefnode2 CRON[4318]: (root) CMD (/usr/sbin/diskmon)
Oct 27 08:12:01 chefnode2 CRON[4322]: (root) CMD (/usr/sbin/diskmon)
Oct 27 08:13:01 chefnode2 CRON[4329]: (root) CMD (/usr/sbin/diskmon)
Oct 27 08:14:01 chefnode2 CRON[4333]: (root) CMD (/usr/sbin/diskmon)
Oct 27 08:15:01 chefnode2 CRON[4338]: (root) CMD (/usr/sbin/diskmon)
Oct 27 08:16:01 chefnode2 CRON[4342]: (root) CMD (/usr/sbin/diskmon)
Oct 27 08:17:01 chefnode2 CRON[4347]: (root) CMD (/usr/sbin/diskmon)
Oct 27 08:17:01 chefnode2 CRON[4348]: (root) CMD (   cd / && run-parts --report /etc/cron.hourly)
Oct 27 08:18:01 chefnode2 CRON[4354]: (root) CMD (/usr/sbin/diskmon)
Oct 27 08:19:01 chefnode2 CRON[4358]: (root) CMD (/usr/sbin/diskmon)
Oct 27 08:20:01 chefnode2 CRON[4365]: (root) CMD (/usr/sbin/diskmon)
Oct 27 08:21:01 chefnode2 CRON[4370]: (root) CMD (/usr/sbin/diskmon)
Oct 27 08:22:01 chefnode2 CRON[4374]: (root) CMD (/usr/sbin/diskmon)
Oct 27 08:23:01 chefnode2 CRON[4383]: (root) CMD (/usr/sbin/diskmon)
Oct 27 08:24:01 chefnode2 CRON[4392]: (root) CMD (/usr/sbin/diskmon)
Oct 27 08:24:33 chefnode2 rsyslogd: [origin software="rsyslogd" swVersion="7.4.4" x-pid="449" x-info="http://www.rsyslog.com"] exiting on signal 15.
Oct 27 08:24:49 chefnode2 rsyslogd: [origin software="rsyslogd" swVersion="7.4.4" x-pid="447" x-info="http://www.rsyslog.com"] start
Oct 27 08:24:49 chefnode2 rsyslogd: rsyslogd's groupid changed to 104
Oct 27 08:24:49 chefnode2 rsyslogd: rsyslogd's userid changed to 101
Oct 27 08:24:49 chefnode2 kernel: [    0.000000] Initializing cgroup subsys cpuset
Oct 27 08:24:49 chefnode2 kernel: [    0.000000] Initializing cgroup subsys cpu
Oct 27 08:24:49 chefnode2 kernel: [    0.000000] Initializing cgroup subsys cpuacct
Oct 27 08:24:49 chefnode2 kernel: [    0.000000] Linux version 3.19.0-25-generic (buildd@lgw01-20) (gcc version 4.8.2 (Ubuntu 4.8.2-19ubuntu1) ) #26~14.04.1-Ubuntu SMP Fri Jul 24 21:16:20 UTC 2015 (Ubuntu 3.19.0-25.26~14.04.1-generic 3.19.8-ckt2)
Oct 27 08:24:49 chefnode2 kernel: [    0.000000] Command line: BOOT_IMAGE=/vmlinuz-3.19.0-25-generic root=/dev/mapper/ubuntu--vg-root ro
Oct 27 08:24:49 chefnode2 kernel: [    0.000000] KERNEL supported cpus:
Oct 27 08:24:49 chefnode2 kernel: [    0.000000]   Intel GenuineIntel
Oct 27 08:24:49 chefnode2 kernel: [    0.000000]   AMD AuthenticAMD
Oct 27 08:24:49 chefnode2 kernel: [    0.000000]   Centaur CentaurHauls
Oct 27 08:24:49 chefnode2 kernel: [    0.000000] e820: BIOS-provided physical RAM map:
Oct 27 08:24:49 chefnode2 kernel: [    0.000000] BIOS-e820: [mem 0x0000000000000000-0x000000000009fbff] usable
Oct 27 08:24:49 chefnode2 kernel: [    0.000000] BIOS-e820: [mem 0x000000000009fc00-0x000000000009ffff] reserved
Oct 27 08:24:49 chefnode2 kernel: [    0.000000] BIOS-e820: [mem 0x00000000000f0000-0x00000000000fffff] reserved
Oct 27 08:24:49 chefnode2 kernel: [    0.000000] BIOS-e820: [mem 0x0000000000100000-0x000000003ffeffff] usable
Oct 27 08:24:49 chefnode2 kernel: [    0.000000] BIOS-e820: [mem 0x000000003fff0000-0x000000003fffffff] ACPI data
Oct 27 08:24:49 chefnode2 kernel: [    0.000000] BIOS-e820: [mem 0x00000000fffc0000-0x00000000ffffffff] reserved
Oct 27 08:24:49 chefnode2 kernel: [    0.000000] Notice: NX (Execute Disable) protection missing in CPU!
Oct 27 08:24:49 chefnode2 kernel: [    0.000000] SMBIOS 2.5 present.
Oct 27 08:24:49 chefnode2 kernel: [    0.000000] DMI: innotek GmbH VirtualBox/VirtualBox, BIOS VirtualBox 12/01/2006
Oct 27 08:24:49 chefnode2 kernel: [    0.000000] e820: update [mem 0x00000000-0x00000fff] usable ==> reserved
Oct 27 08:24:49 chefnode2 kernel: [    0.000000] e820: remove [mem 0x000a0000-0x000fffff] usable
Oct 27 08:24:49 chefnode2 kernel: [    0.000000] AGP: No AGP bridge found
Oct 27 08:24:49 chefnode2 kernel: [    0.000000] e820: last_pfn = 0x3fff0 max_arch_pfn = 0x400000000
Oct 27 08:24:49 chefnode2 kernel: [    0.000000] MTRR default type: uncachable
Oct 27 08:24:49 chefnode2 kernel: [    0.000000] MTRR variable ranges disabled:
Oct 27 08:24:49 chefnode2 kernel: [    0.000000] PAT configuration [0-7]: WB  WC  UC- UC  WB  WC  UC- UC  
Oct 27 08:24:49 chefnode2 kernel: [    0.000000] CPU MTRRs all blank - virtualized system.
Oct 27 08:24:49 chefnode2 kernel: [    0.000000] found SMP MP-table at [mem 0x0009fff0-0x0009ffff] mapped at [ffff88000009fff0]
Oct 27 08:24:49 chefnode2 kernel: [    0.000000] Scanning 1 areas for low memory corruption
Oct 27 08:24:49 chefnode2 kernel: [    0.000000] Base memory trampoline at [ffff880000099000] 99000 size 24576
Oct 27 08:24:49 chefnode2 kernel: [    0.000000] init_memory_mapping: [mem 0x00000000-0x000fffff]
Oct 27 08:24:49 chefnode2 kernel: [    0.000000]  [mem 0x00000000-0x000fffff] page 4k
Oct 27 08:24:49 chefnode2 kernel: [    0.000000] BRK [0x01fd4000, 0x01fd4fff] PGTABLE
Oct 27 08:24:49 chefnode2 kernel: [    0.000000] BRK [0x01fd5000, 0x01fd5fff] PGTABLE
Oct 27 08:24:49 chefnode2 kernel: [    0.000000] BRK [0x01fd6000, 0x01fd6fff] PGTABLE
Oct 27 08:24:49 chefnode2 kernel: [    0.000000] init_memory_mapping: [mem 0x3fc00000-0x3fdfffff]
Oct 27 08:24:49 chefnode2 kernel: [    0.000000]  [mem 0x3fc00000-0x3fdfffff] page 2M
Oct 27 08:24:49 chefnode2 kernel: [    0.000000] init_memory_mapping: [mem 0x20000000-0x3fbfffff]
Oct 27 08:24:49 chefnode2 kernel: [    0.000000]  [mem 0x20000000-0x3fbfffff] page 2M
Oct 27 08:24:49 chefnode2 kernel: [    0.000000] init_memory_mapping: [mem 0x00100000-0x1fffffff]
Oct 27 08:24:49 chefnode2 kernel: [    0.000000]  [mem 0x00100000-0x001fffff] page 4k
Oct 27 08:24:49 chefnode2 kernel: [    0.000000]  [mem 0x00200000-0x1fffffff] page 2M
Oct 27 08:24:49 chefnode2 kernel: [    0.000000] init_memory_mapping: [mem 0x3fe00000-0x3ffeffff]
Oct 27 08:24:49 chefnode2 kernel: [    0.000000]  [mem 0x3fe00000-0x3ffeffff] page 4k
Oct 27 08:24:49 chefnode2 kernel: [    0.000000] BRK [0x01fd7000, 0x01fd7fff] PGTABLE
Oct 27 08:24:49 chefnode2 kernel: [    0.000000] RAMDISK: [mem 0x35860000-0x36c27fff]
Oct 27 08:24:49 chefnode2 kernel: [    0.000000] ACPI: Early table checksum verification disabled
Oct 27 08:24:49 chefnode2 kernel: [    0.000000] ACPI: RSDP 0x00000000000E0000 000024 (v02 VBOX  )
Oct 27 08:24:49 chefnode2 kernel: [    0.000000] ACPI: XSDT 0x000000003FFF0030 00003C (v01 VBOX   VBOXXSDT 00000001 ASL  00000061)
Oct 27 08:24:49 chefnode2 kernel: [    0.000000] ACPI: FACP 0x000000003FFF00F0 0000F4 (v04 VBOX   VBOXFACP 00000001 ASL  00000061)
Oct 27 08:24:49 chefnode2 kernel: [    0.000000] ACPI: DSDT 0x000000003FFF0470 001B96 (v01 VBOX   VBOXBIOS 00000002 INTL 20100528)
Oct 27 08:24:49 chefnode2 kernel: [    0.000000] ACPI: FACS 0x000000003FFF0200 000040
Oct 27 08:24:49 chefnode2 kernel: [    0.000000] ACPI: APIC 0x000000003FFF0240 000054 (v02 VBOX   VBOXAPIC 00000001 ASL  00000061)
Oct 27 08:24:49 chefnode2 kernel: [    0.000000] ACPI: SSDT 0x000000003FFF02A0 0001CC (v01 VBOX   VBOXCPUT 00000002 INTL 20100528)
Oct 27 08:24:49 chefnode2 kernel: [    0.000000] ACPI: Local APIC address 0xfee00000
Oct 27 08:24:49 chefnode2 kernel: [    0.000000] No NUMA configuration found
Oct 27 08:24:49 chefnode2 kernel: [    0.000000] Faking a node at [mem 0x0000000000000000-0x000000003ffeffff]
Oct 27 08:24:49 chefnode2 kernel: [    0.000000] NODE_DATA(0) allocated [mem 0x3ffeb000-0x3ffeffff]
Oct 27 08:24:49 chefnode2 kernel: [    0.000000]  [ffffea0000000000-ffffea0000ffffff] PMD -> [ffff88003e600000-ffff88003f5fffff] on node 0
Oct 27 08:24:49 chefnode2 kernel: [    0.000000] Zone ranges:
Oct 27 08:24:49 chefnode2 kernel: [    0.000000]   DMA      [mem 0x00001000-0x00ffffff]
Oct 27 08:24:49 chefnode2 kernel: [    0.000000]   DMA32    [mem 0x01000000-0x3ffeffff]
Oct 27 08:24:49 chefnode2 kernel: [    0.000000]   Normal   empty
Oct 27 08:24:49 chefnode2 kernel: [    0.000000] Movable zone start for each node
Oct 27 08:24:49 chefnode2 kernel: [    0.000000] Early memory node ranges
Oct 27 08:24:49 chefnode2 kernel: [    0.000000]   node   0: [mem 0x00001000-0x0009efff]
Oct 27 08:24:49 chefnode2 kernel: [    0.000000]   node   0: [mem 0x00100000-0x3ffeffff]
Oct 27 08:24:49 chefnode2 kernel: [    0.000000] Initmem setup node 0 [mem 0x00001000-0x3ffeffff]
Oct 27 08:24:49 chefnode2 kernel: [    0.000000] On node 0 totalpages: 262030
Oct 27 08:24:49 chefnode2 kernel: [    0.000000]   DMA zone: 64 pages used for memmap
Oct 27 08:24:49 chefnode2 kernel: [    0.000000]   DMA zone: 21 pages reserved
Oct 27 08:24:49 chefnode2 kernel: [    0.000000]   DMA zone: 3998 pages, LIFO batch:0
Oct 27 08:24:49 chefnode2 kernel: [    0.000000]   DMA32 zone: 4032 pages used for memmap
Oct 27 08:24:49 chefnode2 kernel: [    0.000000]   DMA32 zone: 258032 pages, LIFO batch:31
Oct 27 08:24:49 chefnode2 kernel: [    0.000000] ACPI: PM-Timer IO Port: 0x4008
Oct 27 08:24:49 chefnode2 kernel: [    0.000000] ACPI: Local APIC address 0xfee00000
Oct 27 08:24:49 chefnode2 kernel: [    0.000000] ACPI: LAPIC (acpi_id[0x00] lapic_id[0x00] enabled)
Oct 27 08:24:49 chefnode2 kernel: [    0.000000] ACPI: IOAPIC (id[0x01] address[0xfec00000] gsi_base[0])
Oct 27 08:24:49 chefnode2 kernel: [    0.000000] IOAPIC[0]: apic_id 1, version 17, address 0xfec00000, GSI 0-23
Oct 27 08:24:49 chefnode2 kernel: [    0.000000] ACPI: INT_SRC_OVR (bus 0 bus_irq 0 global_irq 2 dfl dfl)
Oct 27 08:24:49 chefnode2 kernel: [    0.000000] ACPI: INT_SRC_OVR (bus 0 bus_irq 9 global_irq 9 high level)
Oct 27 08:24:49 chefnode2 kernel: [    0.000000] ACPI: IRQ0 used by override.
Oct 27 08:24:49 chefnode2 kernel: [    0.000000] ACPI: IRQ9 used by override.
Oct 27 08:24:49 chefnode2 kernel: [    0.000000] Using ACPI (MADT) for SMP configuration information
Oct 27 08:24:49 chefnode2 kernel: [    0.000000] smpboot: Allowing 1 CPUs, 0 hotplug CPUs
Oct 27 08:24:49 chefnode2 kernel: [    0.000000] PM: Registered nosave memory: [mem 0x00000000-0x00000fff]
Oct 27 08:24:49 chefnode2 kernel: [    0.000000] PM: Registered nosave memory: [mem 0x0009f000-0x0009ffff]
Oct 27 08:24:49 chefnode2 kernel: [    0.000000] PM: Registered nosave memory: [mem 0x000a0000-0x000effff]
Oct 27 08:24:49 chefnode2 kernel: [    0.000000] PM: Registered nosave memory: [mem 0x000f0000-0x000fffff]
Oct 27 08:24:49 chefnode2 kernel: [    0.000000] e820: [mem 0x40000000-0xfffbffff] available for PCI devices
Oct 27 08:24:49 chefnode2 kernel: [    0.000000] Booting paravirtualized kernel on bare hardware
Oct 27 08:24:49 chefnode2 kernel: [    0.000000] setup_percpu: NR_CPUS:256 nr_cpumask_bits:256 nr_cpu_ids:1 nr_node_ids:1
Oct 27 08:24:49 chefnode2 kernel: [    0.000000] PERCPU: Embedded 31 pages/cpu @ffff88003fc00000 s86144 r8192 d32640 u2097152
Oct 27 08:24:49 chefnode2 kernel: [    0.000000] pcpu-alloc: s86144 r8192 d32640 u2097152 alloc=1*2097152
Oct 27 08:24:49 chefnode2 kernel: [    0.000000] pcpu-alloc: [0] 0 
Oct 27 08:24:49 chefnode2 kernel: [    0.000000] Built 1 zonelists in Node order, mobility grouping on.  Total pages: 257913
Oct 27 08:24:49 chefnode2 kernel: [    0.000000] Policy zone: DMA32
Oct 27 08:24:49 chefnode2 kernel: [    0.000000] Kernel command line: BOOT_IMAGE=/vmlinuz-3.19.0-25-generic root=/dev/mapper/ubuntu--vg-root ro
Oct 27 08:24:49 chefnode2 kernel: [    0.000000] PID hash table entries: 4096 (order: 3, 32768 bytes)
Oct 27 08:24:49 chefnode2 kernel: [    0.000000] AGP: Checking aperture...
Oct 27 08:24:49 chefnode2 kernel: [    0.000000] AGP: No AGP bridge found
Oct 27 08:24:49 chefnode2 kernel: [    0.000000] Calgary: detecting Calgary via BIOS EBDA area
Oct 27 08:24:49 chefnode2 kernel: [    0.000000] Calgary: Unable to locate Rio Grande table in EBDA - bailing!
Oct 27 08:24:49 chefnode2 kernel: [    0.000000] Memory: 994768K/1048120K available (7918K kernel code, 1172K rwdata, 3752K rodata, 1408K init, 1292K bss, 53352K reserved, 0K cma-reserved)
Oct 27 08:24:49 chefnode2 kernel: [    0.000000] SLUB: HWalign=64, Order=0-3, MinObjects=0, CPUs=1, Nodes=1
Oct 27 08:24:49 chefnode2 kernel: [    0.000000] Hierarchical RCU implementation.
Oct 27 08:24:49 chefnode2 kernel: [    0.000000] 	RCU dyntick-idle grace-period acceleration is enabled.
Oct 27 08:24:49 chefnode2 kernel: [    0.000000] 	RCU restricting CPUs from NR_CPUS=256 to nr_cpu_ids=1.
Oct 27 08:24:49 chefnode2 kernel: [    0.000000] RCU: Adjusting geometry for rcu_fanout_leaf=16, nr_cpu_ids=1
Oct 27 08:24:49 chefnode2 kernel: [    0.000000] NR_IRQS:16640 nr_irqs:256 16
Oct 27 08:24:49 chefnode2 kernel: [    0.000000] 	Offload RCU callbacks from all CPUs
Oct 27 08:24:49 chefnode2 kernel: [    0.000000] 	Offload RCU callbacks from CPUs: 0.
Oct 27 08:24:49 chefnode2 kernel: [    0.000000] Console: colour dummy device 80x25
Oct 27 08:24:49 chefnode2 kernel: [    0.000000] console [tty0] enabled
Oct 27 08:24:49 chefnode2 kernel: [    0.000000] tsc: Fast TSC calibration using PIT
Oct 27 08:24:49 chefnode2 kernel: [    0.000000] tsc: Detected 2685.048 MHz processor
Oct 27 08:24:49 chefnode2 kernel: [    0.004014] Calibrating delay loop (skipped), value calculated using timer frequency.. 5370.09 BogoMIPS (lpj=10740192)
Oct 27 08:24:49 chefnode2 kernel: [    0.004018] pid_max: default: 32768 minimum: 301
Oct 27 08:24:49 chefnode2 kernel: [    0.004029] ACPI: Core revision 20141107
Oct 27 08:24:49 chefnode2 kernel: [    0.004605] ACPI: All ACPI Tables successfully acquired
Oct 27 08:24:49 chefnode2 kernel: [    0.004642] Security Framework initialized
Oct 27 08:24:49 chefnode2 kernel: [    0.004653] AppArmor: AppArmor initialized
Oct 27 08:24:49 chefnode2 kernel: [    0.004654] Yama: becoming mindful.
Oct 27 08:24:49 chefnode2 kernel: [    0.004718] Dentry cache hash table entries: 131072 (order: 8, 1048576 bytes)
Oct 27 08:24:49 chefnode2 kernel: [    0.004847] Inode-cache hash table entries: 65536 (order: 7, 524288 bytes)
Oct 27 08:24:49 chefnode2 kernel: [    0.004911] Mount-cache hash table entries: 2048 (order: 2, 16384 bytes)
Oct 27 08:24:49 chefnode2 kernel: [    0.004914] Mountpoint-cache hash table entries: 2048 (order: 2, 16384 bytes)
Oct 27 08:24:49 chefnode2 kernel: [    0.005021] Initializing cgroup subsys memory
Oct 27 08:24:49 chefnode2 kernel: [    0.005021] Initializing cgroup subsys devices
Oct 27 08:24:49 chefnode2 kernel: [    0.005023] Initializing cgroup subsys freezer
Oct 27 08:24:49 chefnode2 kernel: [    0.005026] Initializing cgroup subsys net_cls
Oct 27 08:24:49 chefnode2 kernel: [    0.005028] Initializing cgroup subsys blkio
Oct 27 08:24:49 chefnode2 kernel: [    0.005029] Initializing cgroup subsys perf_event
Oct 27 08:24:49 chefnode2 kernel: [    0.005031] Initializing cgroup subsys net_prio
Oct 27 08:24:49 chefnode2 kernel: [    0.005033] Initializing cgroup subsys hugetlb
Oct 27 08:24:49 chefnode2 kernel: [    0.005111] mce: CPU supports 0 MCE banks
Oct 27 08:24:49 chefnode2 kernel: [    0.005130] process: using mwait in idle threads
Oct 27 08:24:49 chefnode2 kernel: [    0.005135] Last level iTLB entries: 4KB 1024, 2MB 1024, 4MB 1024
Oct 27 08:24:49 chefnode2 kernel: [    0.005135] Last level dTLB entries: 4KB 1024, 2MB 1024, 4MB 1024, 1GB 4
Oct 27 08:24:49 chefnode2 kernel: [    0.020271] Freeing SMP alternatives memory: 32K (ffffffff81e87000 - ffffffff81e8f000)
Oct 27 08:24:49 chefnode2 kernel: [    0.026810] ftrace: allocating 29988 entries in 118 pages
Oct 27 08:24:49 chefnode2 kernel: [    0.040290] ..TIMER: vector=0x30 apic1=0 pin1=2 apic2=-1 pin2=-1
Oct 27 08:24:49 chefnode2 kernel: [    0.081427] smpboot: CPU0: Intel(R) Core(TM) i7-4810MQ CPU @ 2.80GHz (fam: 06, model: 3c, stepping: 03)
Oct 27 08:24:49 chefnode2 kernel: [    0.084000] Performance Events: unsupported p6 CPU model 60 no PMU driver, software events only.
Oct 27 08:24:49 chefnode2 kernel: [    0.084000] x86: Booted up 1 node, 1 CPUs
Oct 27 08:24:49 chefnode2 kernel: [    0.084000] smpboot: Total of 1 processors activated (5370.09 BogoMIPS)
Oct 27 08:24:49 chefnode2 kernel: [    0.084000] devtmpfs: initialized
Oct 27 08:24:49 chefnode2 kernel: [    0.084000] evm: security.selinux
Oct 27 08:24:49 chefnode2 kernel: [    0.084000] evm: security.SMACK64
Oct 27 08:24:49 chefnode2 kernel: [    0.084000] evm: security.SMACK64EXEC
Oct 27 08:24:49 chefnode2 kernel: [    0.084000] evm: security.SMACK64TRANSMUTE
Oct 27 08:24:49 chefnode2 kernel: [    0.084000] evm: security.SMACK64MMAP
Oct 27 08:24:49 chefnode2 kernel: [    0.084000] evm: security.ima
Oct 27 08:24:49 chefnode2 kernel: [    0.084000] evm: security.capability
Oct 27 08:24:49 chefnode2 kernel: [    0.084000] NMI watchdog: disabled (cpu0): hardware events not enabled
Oct 27 08:24:49 chefnode2 kernel: [    0.084000] pinctrl core: initialized pinctrl subsystem
Oct 27 08:24:49 chefnode2 kernel: [    0.084000] RTC time: 13:24:43, date: 10/27/15
Oct 27 08:24:49 chefnode2 kernel: [    0.084000] NET: Registered protocol family 16
Oct 27 08:24:49 chefnode2 kernel: [    0.084000] cpuidle: using governor ladder
Oct 27 08:24:49 chefnode2 kernel: [    0.084000] cpuidle: using governor menu
Oct 27 08:24:49 chefnode2 kernel: [    0.084000] ACPI: bus type PCI registered
Oct 27 08:24:49 chefnode2 kernel: [    0.084000] acpiphp: ACPI Hot Plug PCI Controller Driver version: 0.5
Oct 27 08:24:49 chefnode2 kernel: [    0.084000] PCI: Using configuration type 1 for base access
Oct 27 08:24:49 chefnode2 kernel: [    0.084000] ACPI: Added _OSI(Module Device)
Oct 27 08:24:49 chefnode2 kernel: [    0.084000] ACPI: Added _OSI(Processor Device)
Oct 27 08:24:49 chefnode2 kernel: [    0.084000] ACPI: Added _OSI(3.0 _SCP Extensions)
Oct 27 08:24:49 chefnode2 kernel: [    0.084000] ACPI: Added _OSI(Processor Aggregator Device)
Oct 27 08:24:49 chefnode2 kernel: [    0.084054] ACPI: Executed 1 blocks of module-level executable AML code
Oct 27 08:24:49 chefnode2 kernel: [    0.085404] ACPI: Interpreter enabled
Oct 27 08:24:49 chefnode2 kernel: [    0.085409] ACPI Exception: AE_NOT_FOUND, While evaluating Sleep State [\_S1_] (20141107/hwxface-580)
Oct 27 08:24:49 chefnode2 kernel: [    0.085412] ACPI Exception: AE_NOT_FOUND, While evaluating Sleep State [\_S2_] (20141107/hwxface-580)
Oct 27 08:24:49 chefnode2 kernel: [    0.085415] ACPI Exception: AE_NOT_FOUND, While evaluating Sleep State [\_S3_] (20141107/hwxface-580)
Oct 27 08:24:49 chefnode2 kernel: [    0.085418] ACPI Exception: AE_NOT_FOUND, While evaluating Sleep State [\_S4_] (20141107/hwxface-580)
Oct 27 08:24:49 chefnode2 kernel: [    0.085422] ACPI: (supports S0 S5)
Oct 27 08:24:49 chefnode2 kernel: [    0.085424] ACPI: Using IOAPIC for interrupt routing
Oct 27 08:24:49 chefnode2 kernel: [    0.085533] PCI: Ignoring host bridge windows from ACPI; if necessary, use "pci=use_crs" and report a bug
Oct 27 08:24:49 chefnode2 kernel: [    0.086835] ACPI: PCI Root Bridge [PCI0] (domain 0000 [bus 00-ff])
Oct 27 08:24:49 chefnode2 kernel: [    0.086840] acpi PNP0A03:00: _OSC: OS supports [ASPM ClockPM Segments MSI]
Oct 27 08:24:49 chefnode2 kernel: [    0.086844] acpi PNP0A03:00: _OSC failed (AE_NOT_FOUND); disabling ASPM
Oct 27 08:24:49 chefnode2 kernel: [    0.086890] acpi PNP0A03:00: host bridge window [io  0x0000-0x0cf7] (ignored)
Oct 27 08:24:49 chefnode2 kernel: [    0.086891] acpi PNP0A03:00: host bridge window [io  0x0d00-0xffff] (ignored)
Oct 27 08:24:49 chefnode2 kernel: [    0.086892] acpi PNP0A03:00: host bridge window [mem 0x000a0000-0x000bffff] (ignored)
Oct 27 08:24:49 chefnode2 kernel: [    0.086893] acpi PNP0A03:00: host bridge window [mem 0x40000000-0xffdfffff] (ignored)
Oct 27 08:24:49 chefnode2 kernel: [    0.086894] PCI: root bus 00: using default resources
Oct 27 08:24:49 chefnode2 kernel: [    0.086896] acpi PNP0A03:00: fail to add MMCONFIG information, can't access extended PCI configuration space under this bridge.
Oct 27 08:24:49 chefnode2 kernel: [    0.087019] PCI host bridge to bus 0000:00
Oct 27 08:24:49 chefnode2 kernel: [    0.087021] pci_bus 0000:00: root bus resource [bus 00-ff]
Oct 27 08:24:49 chefnode2 kernel: [    0.087023] pci_bus 0000:00: root bus resource [io  0x0000-0xffff]
Oct 27 08:24:49 chefnode2 kernel: [    0.087025] pci_bus 0000:00: root bus resource [mem 0x00000000-0x7fffffffff]
Oct 27 08:24:49 chefnode2 kernel: [    0.087052] pci 0000:00:00.0: [8086:1237] type 00 class 0x060000
Oct 27 08:24:49 chefnode2 kernel: [    0.087385] pci 0000:00:01.0: [8086:7000] type 00 class 0x060100
Oct 27 08:24:49 chefnode2 kernel: [    0.088126] pci 0000:00:01.1: [8086:7111] type 00 class 0x01018a
Oct 27 08:24:49 chefnode2 kernel: [    0.088392] pci 0000:00:01.1: reg 0x20: [io  0xd000-0xd00f]
Oct 27 08:24:49 chefnode2 kernel: [    0.088503] pci 0000:00:01.1: legacy IDE quirk: reg 0x10: [io  0x01f0-0x01f7]
Oct 27 08:24:49 chefnode2 kernel: [    0.088505] pci 0000:00:01.1: legacy IDE quirk: reg 0x14: [io  0x03f6]
Oct 27 08:24:49 chefnode2 kernel: [    0.088507] pci 0000:00:01.1: legacy IDE quirk: reg 0x18: [io  0x0170-0x0177]
Oct 27 08:24:49 chefnode2 kernel: [    0.088508] pci 0000:00:01.1: legacy IDE quirk: reg 0x1c: [io  0x0376]
Oct 27 08:24:49 chefnode2 kernel: [    0.088646] pci 0000:00:02.0: [80ee:beef] type 00 class 0x030000
Oct 27 08:24:49 chefnode2 kernel: [    0.089364] pci 0000:00:02.0: reg 0x10: [mem 0xe0000000-0xe0ffffff pref]
Oct 27 08:24:49 chefnode2 kernel: [    0.092209] pci 0000:00:03.0: [8086:100e] type 00 class 0x020000
Oct 27 08:24:49 chefnode2 kernel: [    0.092515] pci 0000:00:03.0: reg 0x10: [mem 0xf0000000-0xf001ffff]
Oct 27 08:24:49 chefnode2 kernel: [    0.092991] pci 0000:00:03.0: reg 0x18: [io  0xd010-0xd017]
Oct 27 08:24:49 chefnode2 kernel: [    0.094228] pci 0000:00:04.0: [80ee:cafe] type 00 class 0x088000
Oct 27 08:24:49 chefnode2 kernel: [    0.094497] pci 0000:00:04.0: reg 0x10: [io  0xd020-0xd03f]
Oct 27 08:24:49 chefnode2 kernel: [    0.094750] pci 0000:00:04.0: reg 0x14: [mem 0xf0400000-0xf07fffff]
Oct 27 08:24:49 chefnode2 kernel: [    0.095013] pci 0000:00:04.0: reg 0x18: [mem 0xf0800000-0xf0803fff pref]
Oct 27 08:24:49 chefnode2 kernel: [    0.096204] pci 0000:00:05.0: [8086:2415] type 00 class 0x040100
Oct 27 08:24:49 chefnode2 kernel: [    0.096272] pci 0000:00:05.0: reg 0x10: [io  0xd100-0xd1ff]
Oct 27 08:24:49 chefnode2 kernel: [    0.096318] pci 0000:00:05.0: reg 0x14: [io  0xd200-0xd23f]
Oct 27 08:24:49 chefnode2 kernel: [    0.096679] pci 0000:00:06.0: [106b:003f] type 00 class 0x0c0310
Oct 27 08:24:49 chefnode2 kernel: [    0.096960] pci 0000:00:06.0: reg 0x10: [mem 0xf0804000-0xf0804fff]
Oct 27 08:24:49 chefnode2 kernel: [    0.098517] pci 0000:00:07.0: [8086:7113] type 00 class 0x068000
Oct 27 08:24:49 chefnode2 kernel: [    0.099040] pci 0000:00:08.0: [8086:100e] type 00 class 0x020000
Oct 27 08:24:49 chefnode2 kernel: [    0.099363] pci 0000:00:08.0: reg 0x10: [mem 0xf0820000-0xf083ffff]
Oct 27 08:24:49 chefnode2 kernel: [    0.099848] pci 0000:00:08.0: reg 0x18: [io  0xd240-0xd247]
Oct 27 08:24:49 chefnode2 kernel: [    0.101062] pci 0000:00:0b.0: [8086:265c] type 00 class 0x0c0320
Oct 27 08:24:49 chefnode2 kernel: [    0.101316] pci 0000:00:0b.0: reg 0x10: [mem 0xf0840000-0xf0840fff]
Oct 27 08:24:49 chefnode2 kernel: [    0.102824] pci 0000:00:0d.0: [8086:2829] type 00 class 0x010601
Oct 27 08:24:49 chefnode2 kernel: [    0.103113] pci 0000:00:0d.0: reg 0x10: [io  0xd248-0xd24f]
Oct 27 08:24:49 chefnode2 kernel: [    0.103586] pci 0000:00:0d.0: reg 0x18: [io  0xd258-0xd25f]
Oct 27 08:24:49 chefnode2 kernel: [    0.104053] pci 0000:00:0d.0: reg 0x20: [io  0xd270-0xd27f]
Oct 27 08:24:49 chefnode2 kernel: [    0.104293] pci 0000:00:0d.0: reg 0x24: [mem 0xf0842000-0xf0843fff]
Oct 27 08:24:49 chefnode2 kernel: [    0.105382] ACPI: PCI Interrupt Link [LNKA] (IRQs 5 9 10 *11)
Oct 27 08:24:49 chefnode2 kernel: [    0.105529] ACPI: PCI Interrupt Link [LNKB] (IRQs 5 9 10 *11)
Oct 27 08:24:49 chefnode2 kernel: [    0.105582] ACPI: PCI Interrupt Link [LNKC] (IRQs 5 9 *10 11)
Oct 27 08:24:49 chefnode2 kernel: [    0.105635] ACPI: PCI Interrupt Link [LNKD] (IRQs 5 *9 10 11)
Oct 27 08:24:49 chefnode2 kernel: [    0.105703] ACPI: Enabled 1 GPEs in block 00 to 07
Oct 27 08:24:49 chefnode2 kernel: [    0.105791] vgaarb: setting as boot device: PCI:0000:00:02.0
Oct 27 08:24:49 chefnode2 kernel: [    0.105793] vgaarb: device added: PCI:0000:00:02.0,decodes=io+mem,owns=io+mem,locks=none
Oct 27 08:24:49 chefnode2 kernel: [    0.105796] vgaarb: loaded
Oct 27 08:24:49 chefnode2 kernel: [    0.105797] vgaarb: bridge control possible 0000:00:02.0
Oct 27 08:24:49 chefnode2 kernel: [    0.105962] SCSI subsystem initialized
Oct 27 08:24:49 chefnode2 kernel: [    0.105991] libata version 3.00 loaded.
Oct 27 08:24:49 chefnode2 kernel: [    0.106009] ACPI: bus type USB registered
Oct 27 08:24:49 chefnode2 kernel: [    0.106024] usbcore: registered new interface driver usbfs
Oct 27 08:24:49 chefnode2 kernel: [    0.106031] usbcore: registered new interface driver hub
Oct 27 08:24:49 chefnode2 kernel: [    0.106037] usbcore: registered new device driver usb
Oct 27 08:24:49 chefnode2 kernel: [    0.106115] PCI: Using ACPI for IRQ routing
Oct 27 08:24:49 chefnode2 kernel: [    0.106117] PCI: pci_cache_line_size set to 64 bytes
Oct 27 08:24:49 chefnode2 kernel: [    0.106256] e820: reserve RAM buffer [mem 0x0009fc00-0x0009ffff]
Oct 27 08:24:49 chefnode2 kernel: [    0.106258] e820: reserve RAM buffer [mem 0x3fff0000-0x3fffffff]
Oct 27 08:24:49 chefnode2 kernel: [    0.106339] NetLabel: Initializing
Oct 27 08:24:49 chefnode2 kernel: [    0.106341] NetLabel:  domain hash size = 128
Oct 27 08:24:49 chefnode2 kernel: [    0.106342] NetLabel:  protocols = UNLABELED CIPSOv4
Oct 27 08:24:49 chefnode2 kernel: [    0.106351] NetLabel:  unlabeled traffic allowed by default
Oct 27 08:24:49 chefnode2 kernel: [    0.106405] Switched to clocksource refined-jiffies
Oct 27 08:24:49 chefnode2 kernel: [    0.109343] AppArmor: AppArmor Filesystem Enabled
Oct 27 08:24:49 chefnode2 kernel: [    0.109391] pnp: PnP ACPI init
Oct 27 08:24:49 chefnode2 kernel: [    0.109457] pnp 00:00: Plug and Play ACPI device, IDs PNP0303 (active)
Oct 27 08:24:49 chefnode2 kernel: [    0.109579] pnp 00:01: Plug and Play ACPI device, IDs PNP0f03 (active)
Oct 27 08:24:49 chefnode2 kernel: [    0.109609] pnp 00:02: Plug and Play ACPI device, IDs PNP0400 (active)
Oct 27 08:24:49 chefnode2 kernel: [    0.109896] pnp: PnP ACPI: found 3 devices
Oct 27 08:24:49 chefnode2 kernel: [    0.116324] Switched to clocksource acpi_pm
Oct 27 08:24:49 chefnode2 kernel: [    0.116333] pci_bus 0000:00: resource 4 [io  0x0000-0xffff]
Oct 27 08:24:49 chefnode2 kernel: [    0.116335] pci_bus 0000:00: resource 5 [mem 0x00000000-0x7fffffffff]
Oct 27 08:24:49 chefnode2 kernel: [    0.116351] NET: Registered protocol family 2
Oct 27 08:24:49 chefnode2 kernel: [    0.116455] TCP established hash table entries: 8192 (order: 4, 65536 bytes)
Oct 27 08:24:49 chefnode2 kernel: [    0.116468] TCP bind hash table entries: 8192 (order: 5, 131072 bytes)
Oct 27 08:24:49 chefnode2 kernel: [    0.116481] TCP: Hash tables configured (established 8192 bind 8192)
Oct 27 08:24:49 chefnode2 kernel: [    0.116493] TCP: reno registered
Oct 27 08:24:49 chefnode2 kernel: [    0.116495] UDP hash table entries: 512 (order: 2, 16384 bytes)
Oct 27 08:24:49 chefnode2 kernel: [    0.116499] UDP-Lite hash table entries: 512 (order: 2, 16384 bytes)
Oct 27 08:24:49 chefnode2 kernel: [    0.116521] NET: Registered protocol family 1
Oct 27 08:24:49 chefnode2 kernel: [    0.116529] pci 0000:00:00.0: Limiting direct PCI/PCI transfers
Oct 27 08:24:49 chefnode2 kernel: [    0.116533] pci 0000:00:01.0: Activating ISA DMA hang workarounds
Oct 27 08:24:49 chefnode2 kernel: [    0.116548] pci 0000:00:02.0: Video device with shadowed ROM
Oct 27 08:24:49 chefnode2 kernel: [    0.117901] PCI: CLS 64 bytes, default 64
Oct 27 08:24:49 chefnode2 kernel: [    0.117951] Trying to unpack rootfs image as initramfs...
Oct 27 08:24:49 chefnode2 kernel: [    0.319909] Freeing initrd memory: 20256K (ffff880035860000 - ffff880036c28000)
Oct 27 08:24:49 chefnode2 kernel: [    0.320006] platform rtc_cmos: registered platform RTC device (no PNP device found)
Oct 27 08:24:49 chefnode2 kernel: [    0.320083] RAPL PMU detected, hw unit 2^-0 Joules, API unit is 2^-32 Joules, 4 fixed counters 10737418240 ms ovfl timer
Oct 27 08:24:49 chefnode2 kernel: [    0.320109] microcode: CPU0 sig=0x306c3, pf=0x2, revision=0x19
Oct 27 08:24:49 chefnode2 kernel: [    0.320140] microcode: Microcode Update Driver: v2.00 <tigran@aivazian.fsnet.co.uk>, Peter Oruba
Oct 27 08:24:49 chefnode2 kernel: [    0.320158] Scanning for low memory corruption every 60 seconds
Oct 27 08:24:49 chefnode2 kernel: [    0.320300] futex hash table entries: 256 (order: 2, 16384 bytes)
Oct 27 08:24:49 chefnode2 kernel: [    0.320308] Initialise system trusted keyring
Oct 27 08:24:49 chefnode2 kernel: [    0.320323] audit: initializing netlink subsys (disabled)
Oct 27 08:24:49 chefnode2 kernel: [    0.320335] audit: type=2000 audit(1445952283.319:1): initialized
Oct 27 08:24:49 chefnode2 kernel: [    0.320528] HugeTLB registered 2 MB page size, pre-allocated 0 pages
Oct 27 08:24:49 chefnode2 kernel: [    0.321421] zpool: loaded
Oct 27 08:24:49 chefnode2 kernel: [    0.321421] zbud: loaded
Oct 27 08:24:49 chefnode2 kernel: [    0.321528] VFS: Disk quotas dquot_6.5.2
Oct 27 08:24:49 chefnode2 kernel: [    0.321550] VFS: Dquot-cache hash table entries: 512 (order 0, 4096 bytes)
Oct 27 08:24:49 chefnode2 kernel: [    0.321836] fuse init (API version 7.23)
Oct 27 08:24:49 chefnode2 kernel: [    0.321917] Key type big_key registered
Oct 27 08:24:49 chefnode2 kernel: [    0.322064] Key type asymmetric registered
Oct 27 08:24:49 chefnode2 kernel: [    0.322068] Asymmetric key parser 'x509' registered
Oct 27 08:24:49 chefnode2 kernel: [    0.322093] Block layer SCSI generic (bsg) driver version 0.4 loaded (major 252)
Oct 27 08:24:49 chefnode2 kernel: [    0.322113] io scheduler noop registered
Oct 27 08:24:49 chefnode2 kernel: [    0.322116] io scheduler deadline registered (default)
Oct 27 08:24:49 chefnode2 kernel: [    0.322137] io scheduler cfq registered
Oct 27 08:24:49 chefnode2 kernel: [    0.322185] pci_hotplug: PCI Hot Plug PCI Core version: 0.5
Oct 27 08:24:49 chefnode2 kernel: [    0.322195] pciehp: PCI Express Hot Plug Controller Driver version: 0.4
Oct 27 08:24:49 chefnode2 kernel: [    0.322213] vesafb: mode is 640x480x32, linelength=2560, pages=0
Oct 27 08:24:49 chefnode2 kernel: [    0.322215] vesafb: scrolling: redraw
Oct 27 08:24:49 chefnode2 kernel: [    0.322216] vesafb: Truecolor: size=8:8:8:8, shift=24:16:8:0
Oct 27 08:24:49 chefnode2 kernel: [    0.322221] mtrr: your processor doesn't support write-combining
Oct 27 08:24:49 chefnode2 kernel: [    0.322228] vesafb: framebuffer at 0xe0000000, mapped to 0xffffc90000200000, using 1216k, total 1216k
Oct 27 08:24:49 chefnode2 kernel: [    0.323330] Console: switching to colour frame buffer device 80x30
Oct 27 08:24:49 chefnode2 kernel: [    0.323779] fb0: VESA VGA frame buffer device
Oct 27 08:24:49 chefnode2 kernel: [    0.323901] ACPI: AC Adapter [AC] (on-line)
Oct 27 08:24:49 chefnode2 kernel: [    0.324122] input: Power Button as /devices/LNXSYSTM:00/LNXPWRBN:00/input/input0
Oct 27 08:24:49 chefnode2 kernel: [    0.324204] ACPI: Power Button [PWRF]
Oct 27 08:24:49 chefnode2 kernel: [    0.325126] input: Sleep Button as /devices/LNXSYSTM:00/LNXSLPBN:00/input/input1
Oct 27 08:24:49 chefnode2 kernel: [    0.325692] ACPI: Sleep Button [SLPF]
Oct 27 08:24:49 chefnode2 kernel: [    0.326492] ACPI: Battery Slot [BAT0] (battery present)
Oct 27 08:24:49 chefnode2 kernel: [    0.326831] GHES: HEST is not enabled!
Oct 27 08:24:49 chefnode2 kernel: [    0.327210] Serial: 8250/16550 driver, 32 ports, IRQ sharing enabled
Oct 27 08:24:49 chefnode2 kernel: [    0.328037] Linux agpgart interface v0.103
Oct 27 08:24:49 chefnode2 kernel: [    0.329799] brd: module loaded
Oct 27 08:24:49 chefnode2 kernel: [    0.330404] loop: module loaded
Oct 27 08:24:49 chefnode2 kernel: [    0.330798] ata_piix 0000:00:01.1: version 2.13
Oct 27 08:24:49 chefnode2 kernel: [    0.331076] scsi host0: ata_piix
Oct 27 08:24:49 chefnode2 kernel: [    0.331452] scsi host1: ata_piix
Oct 27 08:24:49 chefnode2 kernel: [    0.331766] ata1: PATA max UDMA/33 cmd 0x1f0 ctl 0x3f6 bmdma 0xd000 irq 14
Oct 27 08:24:49 chefnode2 kernel: [    0.331969] ata2: PATA max UDMA/33 cmd 0x170 ctl 0x376 bmdma 0xd008 irq 15
Oct 27 08:24:49 chefnode2 kernel: [    0.332378] libphy: Fixed MDIO Bus: probed
Oct 27 08:24:49 chefnode2 kernel: [    0.332672] tun: Universal TUN/TAP device driver, 1.6
Oct 27 08:24:49 chefnode2 kernel: [    0.332941] tun: (C) 1999-2004 Max Krasnyansky <maxk@qualcomm.com>
Oct 27 08:24:49 chefnode2 kernel: [    0.333528] PPP generic driver version 2.4.2
Oct 27 08:24:49 chefnode2 kernel: [    0.333863] ehci_hcd: USB 2.0 'Enhanced' Host Controller (EHCI) Driver
Oct 27 08:24:49 chefnode2 kernel: [    0.334173] ehci-pci: EHCI PCI platform driver
Oct 27 08:24:49 chefnode2 kernel: [    0.334793] ehci-pci 0000:00:0b.0: EHCI Host Controller
Oct 27 08:24:49 chefnode2 kernel: [    0.335106] ehci-pci 0000:00:0b.0: new USB bus registered, assigned bus number 1
Oct 27 08:24:49 chefnode2 kernel: [    0.335896] ehci-pci 0000:00:0b.0: irq 19, io mem 0xf0840000
Oct 27 08:24:49 chefnode2 kernel: [    0.344083] ehci-pci 0000:00:0b.0: USB 2.0 started, EHCI 1.00
Oct 27 08:24:49 chefnode2 kernel: [    0.345242] usb usb1: New USB device found, idVendor=1d6b, idProduct=0002
Oct 27 08:24:49 chefnode2 kernel: [    0.345587] usb usb1: New USB device strings: Mfr=3, Product=2, SerialNumber=1
Oct 27 08:24:49 chefnode2 kernel: [    0.346215] usb usb1: Product: EHCI Host Controller
Oct 27 08:24:49 chefnode2 kernel: [    0.346503] usb usb1: Manufacturer: Linux 3.19.0-25-generic ehci_hcd
Oct 27 08:24:49 chefnode2 kernel: [    0.346805] usb usb1: SerialNumber: 0000:00:0b.0
Oct 27 08:24:49 chefnode2 kernel: [    0.347142] hub 1-0:1.0: USB hub found
Oct 27 08:24:49 chefnode2 kernel: [    0.347425] hub 1-0:1.0: 8 ports detected
Oct 27 08:24:49 chefnode2 kernel: [    0.347827] ehci-platform: EHCI generic platform driver
Oct 27 08:24:49 chefnode2 kernel: [    0.347963] ohci_hcd: USB 1.1 'Open' Host Controller (OHCI) Driver
Oct 27 08:24:49 chefnode2 kernel: [    0.348877] ohci-pci: OHCI PCI platform driver
Oct 27 08:24:49 chefnode2 kernel: [    0.349514] ohci-pci 0000:00:06.0: OHCI PCI host controller
Oct 27 08:24:49 chefnode2 kernel: [    0.349802] ohci-pci 0000:00:06.0: new USB bus registered, assigned bus number 2
Oct 27 08:24:49 chefnode2 kernel: [    0.350469] ohci-pci 0000:00:06.0: irq 22, io mem 0xf0804000
Oct 27 08:24:49 chefnode2 kernel: [    0.405258] usb usb2: New USB device found, idVendor=1d6b, idProduct=0001
Oct 27 08:24:49 chefnode2 kernel: [    0.409595] usb usb2: New USB device strings: Mfr=3, Product=2, SerialNumber=1
Oct 27 08:24:49 chefnode2 kernel: [    0.412266] usb usb2: Product: OHCI PCI host controller
Oct 27 08:24:49 chefnode2 kernel: [    0.413842] usb usb2: Manufacturer: Linux 3.19.0-25-generic ohci_hcd
Oct 27 08:24:49 chefnode2 kernel: [    0.415232] usb usb2: SerialNumber: 0000:00:06.0
Oct 27 08:24:49 chefnode2 kernel: [    0.417209] hub 2-0:1.0: USB hub found
Oct 27 08:24:49 chefnode2 kernel: [    0.418760] hub 2-0:1.0: 8 ports detected
Oct 27 08:24:49 chefnode2 kernel: [    0.421141] ohci-platform: OHCI generic platform driver
Oct 27 08:24:49 chefnode2 kernel: [    0.422745] uhci_hcd: USB Universal Host Controller Interface driver
Oct 27 08:24:49 chefnode2 kernel: [    0.425411] i8042: PNP: PS/2 Controller [PNP0303:PS2K,PNP0f03:PS2M] at 0x60,0x64 irq 1,12
Oct 27 08:24:49 chefnode2 kernel: [    0.430268] serio: i8042 KBD port at 0x60,0x64 irq 1
Oct 27 08:24:49 chefnode2 kernel: [    0.430848] serio: i8042 AUX port at 0x60,0x64 irq 12
Oct 27 08:24:49 chefnode2 kernel: [    0.431667] mousedev: PS/2 mouse device common for all mice
Oct 27 08:24:49 chefnode2 kernel: [    0.433574] input: AT Translated Set 2 keyboard as /devices/platform/i8042/serio0/input/input2
Oct 27 08:24:49 chefnode2 kernel: [    0.435477] rtc_cmos rtc_cmos: rtc core: registered rtc_cmos as rtc0
Oct 27 08:24:49 chefnode2 kernel: [    0.436144] rtc_cmos rtc_cmos: alarms up to one day, 114 bytes nvram
Oct 27 08:24:49 chefnode2 kernel: [    0.436835] i2c /dev entries driver
Oct 27 08:24:49 chefnode2 kernel: [    0.437597] device-mapper: uevent: version 1.0.3
Oct 27 08:24:49 chefnode2 kernel: [    0.438357] device-mapper: ioctl: 4.29.0-ioctl (2014-10-28) initialised: dm-devel@redhat.com
Oct 27 08:24:49 chefnode2 kernel: [    0.439725] ledtrig-cpu: registered to indicate activity on CPUs
Oct 27 08:24:49 chefnode2 kernel: [    0.440385] PCCT header not found.
Oct 27 08:24:49 chefnode2 kernel: [    0.441062] ACPI PCC probe failed.
Oct 27 08:24:49 chefnode2 kernel: [    0.441859] TCP: cubic registered
Oct 27 08:24:49 chefnode2 kernel: [    0.442683] NET: Registered protocol family 10
Oct 27 08:24:49 chefnode2 kernel: [    0.443532] NET: Registered protocol family 17
Oct 27 08:24:49 chefnode2 kernel: [    0.443968] Key type dns_resolver registered
Oct 27 08:24:49 chefnode2 kernel: [    0.445003] Loading compiled-in X.509 certificates
Oct 27 08:24:49 chefnode2 kernel: [    0.448577] Loaded X.509 cert 'Magrathea: Glacier signing key: 6aaa11d18c2d3a40b1b4dbe5bf8ad656ddf51838'
Oct 27 08:24:49 chefnode2 kernel: [    0.449793] registered taskstats version 1
Oct 27 08:24:49 chefnode2 kernel: [    0.453295] Key type trusted registered
Oct 27 08:24:49 chefnode2 kernel: [    0.456951] Key type encrypted registered
Oct 27 08:24:49 chefnode2 kernel: [    0.457427] AppArmor: AppArmor sha1 policy hashing enabled
Oct 27 08:24:49 chefnode2 kernel: [    0.457767] ima: No TPM chip found, activating TPM-bypass!
Oct 27 08:24:49 chefnode2 kernel: [    0.458152] evm: HMAC attrs: 0x1
Oct 27 08:24:49 chefnode2 kernel: [    0.458780]   Magic number: 3:806:433
Oct 27 08:24:49 chefnode2 kernel: [    0.459140] rtc_cmos rtc_cmos: setting system clock to 2015-10-27 13:24:44 UTC (1445952284)
Oct 27 08:24:49 chefnode2 kernel: [    0.460094] BIOS EDD facility v0.16 2004-Jun-25, 0 devices found
Oct 27 08:24:49 chefnode2 kernel: [    0.460388] EDD information not available.
Oct 27 08:24:49 chefnode2 kernel: [    0.460735] PM: Hibernation image not present or could not be loaded.
Oct 27 08:24:49 chefnode2 kernel: [    0.492338] ata2.00: ATAPI: VBOX CD-ROM, 1.0, max UDMA/133
Oct 27 08:24:49 chefnode2 kernel: [    0.493808] ata2.00: configured for UDMA/33
Oct 27 08:24:49 chefnode2 kernel: [    0.494533] scsi 1:0:0:0: CD-ROM            VBOX     CD-ROM           1.0  PQ: 0 ANSI: 5
Oct 27 08:24:49 chefnode2 kernel: [    0.495727] sr 1:0:0:0: [sr0] scsi3-mmc drive: 32x/32x xa/form2 tray
Oct 27 08:24:49 chefnode2 kernel: [    0.495999] cdrom: Uniform CD-ROM driver Revision: 3.20
Oct 27 08:24:49 chefnode2 kernel: [    0.496411] sr 1:0:0:0: Attached scsi CD-ROM sr0
Oct 27 08:24:49 chefnode2 kernel: [    0.496623] sr 1:0:0:0: Attached scsi generic sg0 type 5
Oct 27 08:24:49 chefnode2 kernel: [    0.497092] Freeing unused kernel memory: 1408K (ffffffff81d27000 - ffffffff81e87000)
Oct 27 08:24:49 chefnode2 kernel: [    0.497686] Write protecting the kernel read-only data: 12288k
Oct 27 08:24:49 chefnode2 kernel: [    0.498050] Freeing unused kernel memory: 260K (ffff8800017bf000 - ffff880001800000)
Oct 27 08:24:49 chefnode2 kernel: [    0.498717] Freeing unused kernel memory: 344K (ffff880001baa000 - ffff880001c00000)
Oct 27 08:24:49 chefnode2 kernel: [    0.509107] systemd-udevd[99]: starting version 204
Oct 27 08:24:49 chefnode2 kernel: [    0.529046] e1000: Intel(R) PRO/1000 Network Driver - version 7.3.21-k8-NAPI
Oct 27 08:24:49 chefnode2 kernel: [    0.530400] e1000: Copyright (c) 1999-2006 Intel Corporation.
Oct 27 08:24:49 chefnode2 kernel: [    0.821882] input: ImExPS/2 Generic Explorer Mouse as /devices/platform/i8042/serio1/input/input4
Oct 27 08:24:49 chefnode2 kernel: [    0.854851] e1000 0000:00:03.0 eth0: (PCI:33MHz:32-bit) 08:00:27:e0:e1:21
Oct 27 08:24:49 chefnode2 kernel: [    0.855829] e1000 0000:00:03.0 eth0: Intel(R) PRO/1000 Network Connection
Oct 27 08:24:49 chefnode2 kernel: [    0.856018] ahci 0000:00:0d.0: version 3.0
Oct 27 08:24:49 chefnode2 kernel: [    0.856287] ahci 0000:00:0d.0: SSS flag set, parallel bus scan disabled
Oct 27 08:24:49 chefnode2 kernel: [    0.856785] ahci 0000:00:0d.0: AHCI 0001.0100 32 slots 2 ports 3 Gbps 0x3 impl SATA mode
Oct 27 08:24:49 chefnode2 kernel: [    0.857549] ahci 0000:00:0d.0: flags: 64bit ncq stag only ccc 
Oct 27 08:24:49 chefnode2 kernel: [    0.858307] scsi host2: ahci
Oct 27 08:24:49 chefnode2 kernel: [    0.858761] scsi host3: ahci
Oct 27 08:24:49 chefnode2 kernel: [    0.859208] ata3: SATA max UDMA/133 abar m8192@0xf0842000 port 0xf0842100 irq 21
Oct 27 08:24:49 chefnode2 kernel: [    0.860125] ata4: SATA max UDMA/133 abar m8192@0xf0842000 port 0xf0842180 irq 21
Oct 27 08:24:49 chefnode2 kernel: [    1.186377] e1000 0000:00:08.0 eth1: (PCI:33MHz:32-bit) 08:00:27:a7:90:87
Oct 27 08:24:49 chefnode2 kernel: [    1.187429] e1000 0000:00:08.0 eth1: Intel(R) PRO/1000 Network Connection
Oct 27 08:24:49 chefnode2 kernel: [    1.256327] ata3: SATA link up 3.0 Gbps (SStatus 123 SControl 300)
Oct 27 08:24:49 chefnode2 kernel: [    1.260209] ata3.00: ATA-6: VBOX HARDDISK, 1.0, max UDMA/133
Oct 27 08:24:49 chefnode2 kernel: [    1.261660] ata3.00: 16777216 sectors, multi 128: LBA48 NCQ (depth 31/32)
Oct 27 08:24:49 chefnode2 kernel: [    1.263887] ata3.00: configured for UDMA/133
Oct 27 08:24:49 chefnode2 kernel: [    1.266138] scsi 2:0:0:0: Direct-Access     ATA      VBOX HARDDISK    1.0  PQ: 0 ANSI: 5
Oct 27 08:24:49 chefnode2 kernel: [    1.268812] sd 2:0:0:0: [sda] 16777216 512-byte logical blocks: (8.58 GB/8.00 GiB)
Oct 27 08:24:49 chefnode2 kernel: [    1.270184] sd 2:0:0:0: [sda] Write Protect is off
Oct 27 08:24:49 chefnode2 kernel: [    1.270922] sd 2:0:0:0: [sda] Mode Sense: 00 3a 00 00
Oct 27 08:24:49 chefnode2 kernel: [    1.270941] sd 2:0:0:0: [sda] Write cache: enabled, read cache: enabled, doesn't support DPO or FUA
Oct 27 08:24:49 chefnode2 kernel: [    1.272181] sd 2:0:0:0: Attached scsi generic sg1 type 0
Oct 27 08:24:49 chefnode2 kernel: [    1.275935]  sda: sda1 sda2 < sda5 >
Oct 27 08:24:49 chefnode2 kernel: [    1.277986] usb 2-1: new full-speed USB device number 2 using ohci-pci
Oct 27 08:24:49 chefnode2 kernel: [    1.279176] sd 2:0:0:0: [sda] Attached SCSI disk
Oct 27 08:24:49 chefnode2 kernel: [    1.317380] tsc: Refined TSC clocksource calibration: 2682.136 MHz
Oct 27 08:24:49 chefnode2 kernel: [    1.533571] usb 2-1: New USB device found, idVendor=80ee, idProduct=0021
Oct 27 08:24:49 chefnode2 kernel: [    1.538232] usb 2-1: New USB device strings: Mfr=1, Product=3, SerialNumber=0
Oct 27 08:24:49 chefnode2 kernel: [    1.540250] usb 2-1: Product: USB Tablet
Oct 27 08:24:49 chefnode2 kernel: [    1.542294] usb 2-1: Manufacturer: VirtualBox
Oct 27 08:24:49 chefnode2 kernel: [    1.556891] hidraw: raw HID events driver (C) Jiri Kosina
Oct 27 08:24:49 chefnode2 kernel: [    1.576267] usbcore: registered new interface driver usbhid
Oct 27 08:24:49 chefnode2 kernel: [    1.577946] usbhid: USB HID core driver
Oct 27 08:24:49 chefnode2 kernel: [    1.583030] input: VirtualBox USB Tablet as /devices/pci0000:00/0000:00:06.0/usb2/2-1/2-1:1.0/0003:80EE:0021.0001/input/input5
Oct 27 08:24:49 chefnode2 kernel: [    1.584283] hid-generic 0003:80EE:0021.0001: input,hidraw0: USB HID v1.10 Mouse [VirtualBox USB Tablet] on usb-0000:00:06.0-1/input0
Oct 27 08:24:49 chefnode2 kernel: [    1.593320] ata4: SATA link up 3.0 Gbps (SStatus 123 SControl 300)
Oct 27 08:24:49 chefnode2 kernel: [    1.594063] ata4.00: ATA-6: VBOX HARDDISK, 1.0, max UDMA/133
Oct 27 08:24:49 chefnode2 kernel: [    1.594648] ata4.00: 41943040 sectors, multi 128: LBA48 NCQ (depth 31/32)
Oct 27 08:24:49 chefnode2 kernel: [    1.595566] ata4.00: configured for UDMA/133
Oct 27 08:24:49 chefnode2 kernel: [    1.596592] scsi 3:0:0:0: Direct-Access     ATA      VBOX HARDDISK    1.0  PQ: 0 ANSI: 5
Oct 27 08:24:49 chefnode2 kernel: [    1.598747] sd 3:0:0:0: [sdb] 41943040 512-byte logical blocks: (21.4 GB/20.0 GiB)
Oct 27 08:24:49 chefnode2 kernel: [    1.599924] sd 3:0:0:0: [sdb] Write Protect is off
Oct 27 08:24:49 chefnode2 kernel: [    1.600508] sd 3:0:0:0: [sdb] Mode Sense: 00 3a 00 00
Oct 27 08:24:49 chefnode2 kernel: [    1.600525] sd 3:0:0:0: [sdb] Write cache: enabled, read cache: enabled, doesn't support DPO or FUA
Oct 27 08:24:49 chefnode2 kernel: [    1.601778] sd 3:0:0:0: Attached scsi generic sg2 type 0
Oct 27 08:24:49 chefnode2 kernel: [    1.605302]  sdb: unknown partition table
Oct 27 08:24:49 chefnode2 kernel: [    1.606096] sd 3:0:0:0: [sdb] Attached SCSI disk
Oct 27 08:24:49 chefnode2 kernel: [    1.621445] random: lvm urandom read with 35 bits of entropy available
Oct 27 08:24:49 chefnode2 kernel: [    1.710038] EXT4-fs (dm-0): mounted filesystem with ordered data mode. Opts: (null)
Oct 27 08:24:49 chefnode2 kernel: [    2.316351] Switched to clocksource tsc
Oct 27 08:24:49 chefnode2 kernel: [    3.544215] floppy0: no floppy controllers found
Oct 27 08:24:49 chefnode2 kernel: [    3.818128] init: plymouth-upstart-bridge main process (181) terminated with status 1
Oct 27 08:24:49 chefnode2 kernel: [    3.823025] init: plymouth-upstart-bridge main process ended, respawning
Oct 27 08:24:49 chefnode2 kernel: [    3.845663] init: plymouth-upstart-bridge main process (191) terminated with status 1
Oct 27 08:24:49 chefnode2 kernel: [    3.851211] init: plymouth-upstart-bridge main process ended, respawning
Oct 27 08:24:49 chefnode2 kernel: [    3.870733] init: plymouth-upstart-bridge main process (194) terminated with status 1
Oct 27 08:24:49 chefnode2 kernel: [    3.875460] init: plymouth-upstart-bridge main process ended, respawning
Oct 27 08:24:49 chefnode2 kernel: [    4.499576] random: nonblocking pool is initialized
Oct 27 08:24:49 chefnode2 kernel: [    4.545610] Adding 1044476k swap on /dev/mapper/ubuntu--vg-swap_1.  Priority:-1 extents:1 across:1044476k FS
Oct 27 08:24:49 chefnode2 kernel: [    4.565961] EXT4-fs (dm-0): re-mounted. Opts: errors=remount-ro
Oct 27 08:24:49 chefnode2 kernel: [    4.681431] EXT4-fs (sda1): mounting ext2 file system using the ext4 subsystem
Oct 27 08:24:49 chefnode2 kernel: [    4.681546] systemd-udevd[325]: starting version 204
Oct 27 08:24:49 chefnode2 kernel: [    4.691001] EXT4-fs (sda1): mounted filesystem without journal. Opts: (null)
Oct 27 08:24:49 chefnode2 kernel: [    4.745137] lp: driver loaded but no devices found
Oct 27 08:24:49 chefnode2 kernel: [    4.765563] ppdev: user-space parallel port driver
Oct 27 08:24:49 chefnode2 kernel: [    4.767157] parport_pc 00:02: reported by Plug and Play ACPI
Oct 27 08:24:49 chefnode2 kernel: [    4.793234] vboxguest: module verification failed: signature and/or  required key missing - tainting kernel
Oct 27 08:24:49 chefnode2 kernel: [    4.827540] input: Unspecified device as /devices/pci0000:00/0000:00:04.0/input/input6
Oct 27 08:24:49 chefnode2 kernel: [    4.832671] vboxguest: major 0, IRQ 20, I/O port d020, MMIO at 00000000f0400000 (size 0x400000)
Oct 27 08:24:49 chefnode2 kernel: [    4.832673] vboxguest: Successfully loaded version 4.3.18 (interface 0x00010004)
Oct 27 08:24:49 chefnode2 kernel: [    4.940770] piix4_smbus 0000:00:07.0: SMBus base address uninitialized - upgrade BIOS or use force_addr=0xaddr
Oct 27 08:24:49 chefnode2 kernel: [    5.007378] Bluetooth: Core ver 2.20
Oct 27 08:24:49 chefnode2 kernel: [    5.007503] NET: Registered protocol family 31
Oct 27 08:24:49 chefnode2 kernel: [    5.007504] Bluetooth: HCI device and connection manager initialized
Oct 27 08:24:49 chefnode2 kernel: [    5.007508] Bluetooth: HCI socket layer initialized
Oct 27 08:24:49 chefnode2 kernel: [    5.007510] Bluetooth: L2CAP socket layer initialized
Oct 27 08:24:49 chefnode2 kernel: [    5.007514] Bluetooth: SCO socket layer initialized
Oct 27 08:24:49 chefnode2 rsyslogd-2039: Could no open output pipe '/dev/xconsole': No such file or directory [try http://www.rsyslog.com/e/2039 ]
Oct 27 08:24:49 chefnode2 bluetoothd[430]: Failed to init gatt_example plugin
Oct 27 08:24:49 chefnode2 bluetoothd[430]: Bluetooth Management interface initialized
Oct 27 08:24:49 chefnode2 kernel: [    5.032548] Bluetooth: BNEP (Ethernet Emulation) ver 1.3
Oct 27 08:24:49 chefnode2 kernel: [    5.032550] Bluetooth: BNEP filters: protocol multicast
Oct 27 08:24:49 chefnode2 kernel: [    5.032554] Bluetooth: BNEP socket layer initialized
Oct 27 08:24:49 chefnode2 kernel: [    5.047270] audit: type=1400 audit(1445952289.084:2): apparmor="STATUS" operation="profile_load" profile="unconfined" name="/usr/lib/cups/backend/cups-pdf" pid=458 comm="apparmor_parser"
Oct 27 08:24:49 chefnode2 kernel: [    5.047275] audit: type=1400 audit(1445952289.084:3): apparmor="STATUS" operation="profile_load" profile="unconfined" name="/usr/sbin/cupsd" pid=458 comm="apparmor_parser"
Oct 27 08:24:49 chefnode2 kernel: [    5.047489] audit: type=1400 audit(1445952289.084:4): apparmor="STATUS" operation="profile_replace" profile="unconfined" name="/usr/sbin/cupsd" pid=458 comm="apparmor_parser"
Oct 27 08:24:49 chefnode2 avahi-daemon[462]: Found user 'avahi' (UID 108) and group 'avahi' (GID 116).
Oct 27 08:24:49 chefnode2 avahi-daemon[462]: Successfully dropped root privileges.
Oct 27 08:24:49 chefnode2 avahi-daemon[462]: avahi-daemon 0.6.31 starting up.
Oct 27 08:24:49 chefnode2 avahi-daemon[462]: Successfully called chroot().
Oct 27 08:24:49 chefnode2 avahi-daemon[462]: Successfully dropped remaining capabilities.
Oct 27 08:24:49 chefnode2 avahi-daemon[462]: No service file found in /etc/avahi/services.
Oct 27 08:24:49 chefnode2 avahi-daemon[462]: Network interface enumeration completed.
Oct 27 08:24:49 chefnode2 avahi-daemon[462]: Registering HINFO record with values 'X86_64'/'LINUX'.
Oct 27 08:24:49 chefnode2 avahi-daemon[462]: Server startup complete. Host name is chefnode2.local. Local service cookie is 1325229884.
Oct 27 08:24:49 chefnode2 mtp-probe: checking bus 2, device 2: "/sys/devices/pci0000:00/0000:00:06.0/usb2/2-1"
Oct 27 08:24:49 chefnode2 mtp-probe: bus: 2, device: 2 was not an MTP device
Oct 27 08:24:49 chefnode2 kernel: [    5.110822] Bluetooth: RFCOMM TTY layer initialized
Oct 27 08:24:49 chefnode2 kernel: [    5.110827] Bluetooth: RFCOMM socket layer initialized
Oct 27 08:24:49 chefnode2 kernel: [    5.110830] Bluetooth: RFCOMM ver 1.11
Oct 27 08:24:49 chefnode2 kernel: [    5.158488] audit: type=1400 audit(1445952289.196:5): apparmor="STATUS" operation="profile_load" profile="unconfined" name="/sbin/dhclient" pid=488 comm="apparmor_parser"
Oct 27 08:24:49 chefnode2 kernel: [    5.158493] audit: type=1400 audit(1445952289.196:6): apparmor="STATUS" operation="profile_load" profile="unconfined" name="/usr/lib/NetworkManager/nm-dhcp-client.action" pid=488 comm="apparmor_parser"
Oct 27 08:24:49 chefnode2 kernel: [    5.158496] audit: type=1400 audit(1445952289.196:7): apparmor="STATUS" operation="profile_load" profile="unconfined" name="/usr/lib/connman/scripts/dhclient-script" pid=488 comm="apparmor_parser"
Oct 27 08:24:49 chefnode2 kernel: [    5.158714] audit: type=1400 audit(1445952289.196:8): apparmor="STATUS" operation="profile_replace" profile="unconfined" name="/usr/lib/NetworkManager/nm-dhcp-client.action" pid=488 comm="apparmor_parser"
Oct 27 08:24:49 chefnode2 kernel: [    5.158717] audit: type=1400 audit(1445952289.196:9): apparmor="STATUS" operation="profile_replace" profile="unconfined" name="/usr/lib/connman/scripts/dhclient-script" pid=488 comm="apparmor_parser"
Oct 27 08:24:49 chefnode2 kernel: [    5.158831] audit: type=1400 audit(1445952289.196:10): apparmor="STATUS" operation="profile_replace" profile="unconfined" name="/usr/lib/connman/scripts/dhclient-script" pid=488 comm="apparmor_parser"
Oct 27 08:24:49 chefnode2 dhclient: Internet Systems Consortium DHCP Client 4.2.4
Oct 27 08:24:49 chefnode2 dhclient: Copyright 2004-2012 Internet Systems Consortium.
Oct 27 08:24:49 chefnode2 dhclient: All rights reserved.
Oct 27 08:24:49 chefnode2 dhclient: For info, please visit https://www.isc.org/software/dhcp/
Oct 27 08:24:49 chefnode2 dhclient: 
Oct 27 08:24:49 chefnode2 avahi-daemon[462]: Joining mDNS multicast group on interface eth1.IPv4 with address 192.168.118.230.
Oct 27 08:24:49 chefnode2 avahi-daemon[462]: New relevant interface eth1.IPv4 for mDNS.
Oct 27 08:24:49 chefnode2 avahi-daemon[462]: Registering new address record for 192.168.118.230 on eth1.IPv4.
Oct 27 08:24:49 chefnode2 kernel: [    5.267483] IPv6: ADDRCONF(NETDEV_UP): eth1: link is not ready
Oct 27 08:24:49 chefnode2 kernel: [    5.269487] e1000: eth1 NIC Link is Up 1000 Mbps Full Duplex, Flow Control: RX
Oct 27 08:24:49 chefnode2 kernel: [    5.269748] IPv6: ADDRCONF(NETDEV_CHANGE): eth1: link becomes ready
Oct 27 08:24:49 chefnode2 kernel: [    5.292832] e1000: eth0 NIC Link is Up 1000 Mbps Full Duplex, Flow Control: RX
Oct 27 08:24:49 chefnode2 kernel: [    5.295667] IPv6: ADDRCONF(NETDEV_UP): eth0: link is not ready
Oct 27 08:24:49 chefnode2 kernel: [    5.295678] IPv6: ADDRCONF(NETDEV_CHANGE): eth0: link becomes ready
Oct 27 08:24:49 chefnode2 dhclient: Listening on LPF/eth0/08:00:27:e0:e1:21
Oct 27 08:24:49 chefnode2 dhclient: Sending on   LPF/eth0/08:00:27:e0:e1:21
Oct 27 08:24:49 chefnode2 dhclient: Sending on   Socket/fallback
Oct 27 08:24:49 chefnode2 dhclient: DHCPDISCOVER on eth0 to 255.255.255.255 port 67 interval 3 (xid=0xb5166339)
Oct 27 08:24:49 chefnode2 dhclient: DHCPREQUEST of 10.0.2.15 on eth0 to 255.255.255.255 port 67 (xid=0x396316b5)
Oct 27 08:24:49 chefnode2 dhclient: DHCPOFFER of 10.0.2.15 from 10.0.2.2
Oct 27 08:24:49 chefnode2 dhclient: DHCPACK of 10.0.2.15 from 10.0.2.2
Oct 27 08:24:49 chefnode2 dhclient: suspect value in domain_name option - discarded
Oct 27 08:24:49 chefnode2 avahi-daemon[462]: Joining mDNS multicast group on interface eth0.IPv4 with address 10.0.2.15.
Oct 27 08:24:49 chefnode2 avahi-daemon[462]: New relevant interface eth0.IPv4 for mDNS.
Oct 27 08:24:49 chefnode2 avahi-daemon[462]: Registering new address record for 10.0.2.15 on eth0.IPv4.
Oct 27 08:24:49 chefnode2 kernel: [    5.355929] intel_rapl: no valid rapl domains found in package 0
Oct 27 08:24:49 chefnode2 dhclient: bound to 10.0.2.15 -- renewal in 38847 seconds.
Oct 27 08:24:49 chefnode2 failsafe: Failsafe of 120 seconds reached.
Oct 27 08:24:49 chefnode2 kernel: [    5.759362] init: failsafe main process (719) killed by TERM signal
Oct 27 08:24:49 chefnode2 ModemManager[928]: <info>  ModemManager (version 1.0.0) starting...
Oct 27 08:24:49 chefnode2 NetworkManager[942]: <info> NetworkManager (version 0.9.8.8) is starting...
Oct 27 08:24:49 chefnode2 NetworkManager[942]: <info> Read config file /etc/NetworkManager/NetworkManager.conf
Oct 27 08:24:49 chefnode2 NetworkManager[942]: <info> WEXT support is enabled
Oct 27 08:24:49 chefnode2 NetworkManager[942]: <info> VPN: loaded org.freedesktop.NetworkManager.pptp
Oct 27 08:24:49 chefnode2 NetworkManager[942]: <info> DNS: loaded plugin dnsmasq
Oct 27 08:24:49 chefnode2 dbus[388]: [system] Activating service name='org.freedesktop.PolicyKit1' (using servicehelper)
Oct 27 08:24:49 chefnode2 polkitd[960]: started daemon version 0.105 using authority implementation `local' version `0.105'
Oct 27 08:24:49 chefnode2 dbus[388]: [system] Successfully activated service 'org.freedesktop.PolicyKit1'
Oct 27 08:24:49 chefnode2 NetworkManager[942]:    SCPlugin-Ifupdown: init!
Oct 27 08:24:49 chefnode2 NetworkManager[942]:    SCPlugin-Ifupdown: update_system_hostname
Oct 27 08:24:49 chefnode2 NetworkManager[942]:       interface-parser: parsing file /etc/network/interfaces
Oct 27 08:24:49 chefnode2 NetworkManager[942]:       interface-parser: finished parsing file /etc/network/interfaces
Oct 27 08:24:49 chefnode2 NetworkManager[942]:    SCPluginIfupdown: guessed connection type (eth0) = 802-3-ethernet
Oct 27 08:24:49 chefnode2 NetworkManager[942]:    SCPlugin-Ifupdown: update_connection_setting_from_if_block: name:eth0, type:802-3-ethernet, id:Ifupdown (eth0), uuid: 681b428f-beaf-8932-dce4-687ed5bae28e
Oct 27 08:24:49 chefnode2 NetworkManager[942]:    SCPlugin-Ifupdown: adding eth0 to connections
Oct 27 08:24:49 chefnode2 NetworkManager[942]:    SCPlugin-Ifupdown: adding iface eth0 to eni_ifaces
Oct 27 08:24:49 chefnode2 NetworkManager[942]:    SCPluginIfupdown: guessed connection type (eth1) = 802-3-ethernet
Oct 27 08:24:49 chefnode2 NetworkManager[942]:    SCPlugin-Ifupdown: update_connection_setting_from_if_block: name:eth1, type:802-3-ethernet, id:Ifupdown (eth1), uuid: 7b635ed6-2640-7ad8-675d-744db12dd9fa
Oct 27 08:24:49 chefnode2 NetworkManager[942]:    SCPlugin-Ifupdown: addresses count: 1
Oct 27 08:24:49 chefnode2 NetworkManager[942]:    SCPlugin-Ifupdown: No dns-nameserver configured in /etc/network/interfaces
Oct 27 08:24:49 chefnode2 NetworkManager[942]:    SCPlugin-Ifupdown: adding eth1 to connections
Oct 27 08:24:49 chefnode2 NetworkManager[942]:    SCPlugin-Ifupdown: adding iface eth1 to eni_ifaces
Oct 27 08:24:49 chefnode2 NetworkManager[942]:    SCPlugin-Ifupdown: autoconnect
Oct 27 08:24:49 chefnode2 NetworkManager[942]:    SCPlugin-Ifupdown: autoconnect
Oct 27 08:24:49 chefnode2 NetworkManager[942]:    SCPluginIfupdown: management mode: unmanaged
Oct 27 08:24:49 chefnode2 NetworkManager[942]:    SCPlugin-Ifupdown: devices added (path: /sys/devices/pci0000:00/0000:00:03.0/net/eth0, iface: eth0)
Oct 27 08:24:49 chefnode2 NetworkManager[942]:    SCPluginIfupdown: locking wired connection setting
Oct 27 08:24:49 chefnode2 NetworkManager[942]:    SCPlugin-Ifupdown: devices added (path: /sys/devices/pci0000:00/0000:00:08.0/net/eth1, iface: eth1)
Oct 27 08:24:49 chefnode2 NetworkManager[942]:    SCPluginIfupdown: locking wired connection setting
Oct 27 08:24:49 chefnode2 NetworkManager[942]:    SCPlugin-Ifupdown: devices added (path: /sys/devices/virtual/net/lo, iface: lo)
Oct 27 08:24:49 chefnode2 NetworkManager[942]:    SCPlugin-Ifupdown: device added (path: /sys/devices/virtual/net/lo, iface: lo): no ifupdown configuration found.
Oct 27 08:24:49 chefnode2 NetworkManager[942]:    SCPlugin-Ifupdown: end _init.
Oct 27 08:24:49 chefnode2 NetworkManager[942]: <info> Loaded plugin ifupdown: (C) 2008 Canonical Ltd.  To report bugs please use the NetworkManager mailing list.
Oct 27 08:24:49 chefnode2 NetworkManager[942]: <info> Loaded plugin keyfile: (c) 2007 - 2010 Red Hat, Inc.  To report bugs please use the NetworkManager mailing list.
Oct 27 08:24:49 chefnode2 NetworkManager[942]:    SCPlugin-Ofono: Acquired D-Bus service com.canonical.NMOfono
Oct 27 08:24:49 chefnode2 NetworkManager[942]:    SCPlugin-Ofono: init!
Oct 27 08:24:49 chefnode2 NetworkManager[942]:    SCPlugin-Ofono: end _init.
Oct 27 08:24:49 chefnode2 NetworkManager[942]: <info> Loaded plugin (null): (null)
Oct 27 08:24:49 chefnode2 NetworkManager[942]:    Ifupdown: get unmanaged devices count: 2
Oct 27 08:24:49 chefnode2 NetworkManager[942]:    SCPlugin-Ifupdown: (40272656) ... get_connections.
Oct 27 08:24:49 chefnode2 NetworkManager[942]:    SCPlugin-Ifupdown: (40272656) ... get_connections (managed=false): return empty list.
Oct 27 08:24:49 chefnode2 NetworkManager[942]:    SCPlugin-Ofono: (268452048) ... get_connections.
Oct 27 08:24:49 chefnode2 NetworkManager[942]:    SCPlugin-Ofono: (268452048) connections count: 0
Oct 27 08:24:49 chefnode2 NetworkManager[942]:    Ifupdown: get unmanaged devices count: 2
Oct 27 08:24:49 chefnode2 NetworkManager[942]: <info> monitoring kernel firmware directory '/lib/firmware'.
Oct 27 08:24:49 chefnode2 NetworkManager[942]: <info> WiFi enabled by radio killswitch; enabled by state file
Oct 27 08:24:49 chefnode2 NetworkManager[942]: <info> WWAN enabled by radio killswitch; enabled by state file
Oct 27 08:24:49 chefnode2 NetworkManager[942]: <info> WiMAX enabled by radio killswitch; enabled by state file
Oct 27 08:24:49 chefnode2 NetworkManager[942]: <info> Networking is enabled by state file
Oct 27 08:24:49 chefnode2 NetworkManager[942]: <warn> failed to allocate link cache: (-12) Object not found
Oct 27 08:24:49 chefnode2 NetworkManager[942]: <info> (eth0): carrier is ON
Oct 27 08:24:49 chefnode2 NetworkManager[942]: <info> (eth0): new Ethernet device (driver: 'e1000' ifindex: 2)
Oct 27 08:24:49 chefnode2 NetworkManager[942]: <info> (eth0): exported as /org/freedesktop/NetworkManager/Devices/0
Oct 27 08:24:49 chefnode2 NetworkManager[942]: <warn> failed to allocate link cache: (-12) Object not found
Oct 27 08:24:49 chefnode2 NetworkManager[942]: <info> (eth1): carrier is ON
Oct 27 08:24:49 chefnode2 NetworkManager[942]: <info> (eth1): new Ethernet device (driver: 'e1000' ifindex: 3)
Oct 27 08:24:49 chefnode2 NetworkManager[942]: <info> (eth1): exported as /org/freedesktop/NetworkManager/Devices/1
Oct 27 08:24:49 chefnode2 NetworkManager[942]: <warn> /sys/devices/virtual/net/lo: couldn't determine device driver; ignoring...
Oct 27 08:24:49 chefnode2 NetworkManager[942]: <warn> /sys/devices/virtual/net/lo: couldn't determine device driver; ignoring...
Oct 27 08:24:49 chefnode2 NetworkManager[942]: <info> urfkill disappeared from the bus
Oct 27 08:24:49 chefnode2 NetworkManager[942]: <info> ModemManager available in the bus
Oct 27 08:24:49 chefnode2 kernel: [    5.929800] audit_printk_skb: 21 callbacks suppressed
Oct 27 08:24:49 chefnode2 kernel: [    5.929803] audit: type=1400 audit(1445952289.968:18): apparmor="STATUS" operation="profile_load" profile="unconfined" name="/usr/lib/lightdm/lightdm-guest-session" pid=997 comm="apparmor_parser"
Oct 27 08:24:49 chefnode2 kernel: [    5.929807] audit: type=1400 audit(1445952289.968:19): apparmor="STATUS" operation="profile_load" profile="unconfined" name="chromium" pid=997 comm="apparmor_parser"
Oct 27 08:24:49 chefnode2 kernel: [    5.929939] audit: type=1400 audit(1445952289.968:20): apparmor="STATUS" operation="profile_replace" profile="unconfined" name="chromium" pid=997 comm="apparmor_parser"
Oct 27 08:24:49 chefnode2 kernel: [    5.936906] audit: type=1400 audit(1445952289.976:21): apparmor="STATUS" operation="profile_replace" profile="unconfined" name="/sbin/dhclient" pid=998 comm="apparmor_parser"
Oct 27 08:24:49 chefnode2 kernel: [    5.936911] audit: type=1400 audit(1445952289.976:22): apparmor="STATUS" operation="profile_replace" profile="unconfined" name="/usr/lib/NetworkManager/nm-dhcp-client.action" pid=998 comm="apparmor_parser"
Oct 27 08:24:49 chefnode2 kernel: [    5.936914] audit: type=1400 audit(1445952289.976:23): apparmor="STATUS" operation="profile_replace" profile="unconfined" name="/usr/lib/connman/scripts/dhclient-script" pid=998 comm="apparmor_parser"
Oct 27 08:24:49 chefnode2 kernel: [    5.937123] audit: type=1400 audit(1445952289.976:24): apparmor="STATUS" operation="profile_replace" profile="unconfined" name="/usr/lib/NetworkManager/nm-dhcp-client.action" pid=998 comm="apparmor_parser"
Oct 27 08:24:49 chefnode2 kernel: [    5.937126] audit: type=1400 audit(1445952289.976:25): apparmor="STATUS" operation="profile_replace" profile="unconfined" name="/usr/lib/connman/scripts/dhclient-script" pid=998 comm="apparmor_parser"
Oct 27 08:24:49 chefnode2 kernel: [    5.937241] audit: type=1400 audit(1445952289.976:26): apparmor="STATUS" operation="profile_replace" profile="unconfined" name="/usr/lib/connman/scripts/dhclient-script" pid=998 comm="apparmor_parser"
Oct 27 08:24:49 chefnode2 kernel: [    5.948192] audit: type=1400 audit(1445952289.988:27): apparmor="STATUS" operation="profile_load" profile="unconfined" name="/usr/bin/evince" pid=1001 comm="apparmor_parser"
Oct 27 08:24:50 chefnode2 /usr/sbin/irqbalance: Balancing is ineffective on systems with a single cache domain.  Shutting down
Oct 27 08:24:50 chefnode2 cron[1061]: (CRON) INFO (pidfile fd = 3)
Oct 27 08:24:50 chefnode2 cron[1133]: (CRON) STARTUP (fork ok)
Oct 27 08:24:50 chefnode2 anacron[1135]: Anacron 2.3 started on 2015-10-27
Oct 27 08:24:50 chefnode2 cron[1133]: (CRON) INFO (Running @reboot jobs)
Oct 27 08:24:50 chefnode2 anacron[1135]: Normal exit (0 jobs run)
Oct 27 08:24:50 chefnode2 kernel: [    6.133117] init: alsa-restore main process (1127) terminated with status 19
Oct 27 08:24:50 chefnode2 kernel: [    6.144064] snd_intel8x0 0000:00:05.0: intel8x0_measure_ac97_clock: measured 54587 usecs (6719 samples)
Oct 27 08:24:50 chefnode2 kernel: [    6.144066] snd_intel8x0 0000:00:05.0: measured clock 123087 rejected
Oct 27 08:24:50 chefnode2 whoopsie[1122]: whoopsie 0.2.24.6 starting up.
Oct 27 08:24:50 chefnode2 whoopsie[1122]: Using lock path: /var/lock/whoopsie/lock
Oct 27 08:24:50 chefnode2 acpid: starting up with netlink and the input layer
Oct 27 08:24:50 chefnode2 acpid: 9 rules loaded
Oct 27 08:24:50 chefnode2 acpid: waiting for events: event logging is off
Oct 27 08:24:50 chefnode2 NetworkManager[942]: <info> Unmanaged Device found; state CONNECTED forced. (see http://bugs.launchpad.net/bugs/191889)
Oct 27 08:24:50 chefnode2 NetworkManager[942]: message repeated 3 times: [ <info> Unmanaged Device found; state CONNECTED forced. (see http://bugs.launchpad.net/bugs/191889)]
Oct 27 08:24:50 chefnode2 NetworkManager[942]: <info> NetworkManager state is now CONNECTED_GLOBAL
Oct 27 08:24:50 chefnode2 NetworkManager[942]: <info> Unmanaged Device found; state CONNECTED forced. (see http://bugs.launchpad.net/bugs/191889)
Oct 27 08:24:50 chefnode2 whoopsie[1151]: offline
Oct 27 08:24:50 chefnode2 kernel: [    6.464049] init: plymouth-upstart-bridge main process (199) killed by TERM signal
Oct 27 08:24:50 chefnode2 dbus[388]: [system] Activating service name='org.freedesktop.Accounts' (using servicehelper)
Oct 27 08:24:50 chefnode2 accounts-daemon[1260]: started daemon version 0.6.35
Oct 27 08:24:50 chefnode2 dbus[388]: [system] Successfully activated service 'org.freedesktop.Accounts'
Oct 27 08:24:50 chefnode2 kernel: [    6.504143] snd_intel8x0 0000:00:05.0: intel8x0_measure_ac97_clock: measured 56123 usecs (7201 samples)
Oct 27 08:24:50 chefnode2 kernel: [    6.504143] snd_intel8x0 0000:00:05.0: measured clock 128307 rejected
Oct 27 08:24:50 chefnode2 avahi-daemon[462]: Joining mDNS multicast group on interface eth0.IPv6 with address fe80::a00:27ff:fee0:e121.
Oct 27 08:24:50 chefnode2 avahi-daemon[462]: New relevant interface eth0.IPv6 for mDNS.
Oct 27 08:24:50 chefnode2 avahi-daemon[462]: Registering new address record for fe80::a00:27ff:fee0:e121 on eth0.*.
Oct 27 08:24:50 chefnode2 kernel: [    6.864087] snd_intel8x0 0000:00:05.0: intel8x0_measure_ac97_clock: measured 55880 usecs (7200 samples)
Oct 27 08:24:50 chefnode2 kernel: [    6.864090] snd_intel8x0 0000:00:05.0: measured clock 128847 rejected
Oct 27 08:24:50 chefnode2 kernel: [    6.864091] snd_intel8x0 0000:00:05.0: clocking to 48000
Oct 27 08:24:51 chefnode2 dbus[388]: [system] Activating service name='org.freedesktop.UPower' (using servicehelper)
Oct 27 08:24:51 chefnode2 dbus[388]: [system] Successfully activated service 'org.freedesktop.UPower'
Oct 27 08:24:51 chefnode2 avahi-daemon[462]: Joining mDNS multicast group on interface eth1.IPv6 with address fe80::a00:27ff:fea7:9087.
Oct 27 08:24:51 chefnode2 avahi-daemon[462]: New relevant interface eth1.IPv6 for mDNS.
Oct 27 08:24:51 chefnode2 avahi-daemon[462]: Registering new address record for fe80::a00:27ff:fea7:9087 on eth1.*.
Oct 27 08:24:51 chefnode2 dbus[388]: [system] Activating service name='org.freedesktop.RealtimeKit1' (using servicehelper)
Oct 27 08:24:51 chefnode2 dbus[388]: [system] Successfully activated service 'org.freedesktop.RealtimeKit1'
Oct 27 08:24:51 chefnode2 rtkit-daemon[1519]: Successfully called chroot.
Oct 27 08:24:51 chefnode2 rtkit-daemon[1519]: Successfully dropped privileges.
Oct 27 08:24:51 chefnode2 rtkit-daemon[1519]: Successfully limited resources.
Oct 27 08:24:51 chefnode2 rtkit-daemon[1519]: Running.
Oct 27 08:24:51 chefnode2 rtkit-daemon[1519]: Successfully made thread 1514 of process 1514 (n/a) owned by '109' high priority at nice level -11.
Oct 27 08:24:51 chefnode2 rtkit-daemon[1519]: Supervising 1 threads of 1 processes of 1 users.
Oct 27 08:24:51 chefnode2 rtkit-daemon[1519]: Watchdog thread running.
Oct 27 08:24:51 chefnode2 rtkit-daemon[1519]: Canary thread running.
Oct 27 08:24:51 chefnode2 pulseaudio[1514]: [pulseaudio] alsa-util.c: Disabling timer-based scheduling because running inside a VM.
Oct 27 08:24:51 chefnode2 rtkit-daemon[1519]: Successfully made thread 1545 of process 1514 (n/a) owned by '109' RT at priority 5.
Oct 27 08:24:51 chefnode2 rtkit-daemon[1519]: Supervising 2 threads of 1 processes of 1 users.
Oct 27 08:24:51 chefnode2 rtkit-daemon[1519]: Successfully made thread 1548 of process 1514 (n/a) owned by '109' RT at priority 5.
Oct 27 08:24:51 chefnode2 rtkit-daemon[1519]: Supervising 3 threads of 1 processes of 1 users.
Oct 27 08:24:51 chefnode2 anacron[1567]: Anacron 2.3 started on 2015-10-27
Oct 27 08:24:51 chefnode2 anacron[1567]: Normal exit (0 jobs run)
Oct 27 08:24:51 chefnode2 dbus[388]: [system] Activating service name='org.freedesktop.systemd1' (using servicehelper)
Oct 27 08:24:51 chefnode2 dbus[388]: [system] Successfully activated service 'org.freedesktop.systemd1'
Oct 27 08:24:51 chefnode2 dbus[388]: [system] Activating service name='org.freedesktop.ColorManager' (using servicehelper)
Oct 27 08:24:51 chefnode2 colord: Using config file /etc/colord.conf
Oct 27 08:24:51 chefnode2 colord: Using mapping database file /var/lib/colord/mapping.db
Oct 27 08:24:51 chefnode2 colord: Using device database file /var/lib/colord/storage.db
Oct 27 08:24:51 chefnode2 colord: loaded plugin libcd_plugin_scanner.so
Oct 27 08:24:51 chefnode2 colord: plugin /usr/lib/x86_64-linux-gnu/colord-plugins/libcd_plugin_sane.so not loaded: plugin refused to load
Oct 27 08:24:51 chefnode2 colord: loaded plugin libcd_plugin_camera.so
Oct 27 08:24:51 chefnode2 colord: Daemon ready for requests
Oct 27 08:24:51 chefnode2 dbus[388]: [system] Successfully activated service 'org.freedesktop.ColorManager'
Oct 27 08:24:51 chefnode2 colord: Profile added: icc-3bd2261b1125a0fd9ebf827a2d1bed84
Oct 27 08:24:51 chefnode2 colord: Profile added: icc-6ad6d63767ce0393245528ada92f1cb2
Oct 27 08:24:52 chefnode2 colord: Profile added: icc-523e494bc2f53c53d51d0758b07f4879
Oct 27 08:24:52 chefnode2 kernel: [    7.968686] floppy0: no floppy controllers found
Oct 27 08:24:52 chefnode2 kernel: [    7.968731] work still pending
Oct 27 08:24:52 chefnode2 colord: Profile added: icc-353a6bcabda00f04b6988f89126ce6f5
Oct 27 08:24:52 chefnode2 colord: Profile added: icc-654b99c87e67edb1c1cfb0dcb7fa9d04
Oct 27 08:24:52 chefnode2 colord: Profile added: icc-0720e7cdbc792b77c0740c39f325ef9e
Oct 27 08:24:52 chefnode2 ModemManager[928]: <warn>  Couldn't find support for device at '/sys/devices/pci0000:00/0000:00:03.0': not supported by any plugin
Oct 27 08:24:52 chefnode2 ModemManager[928]: <warn>  Couldn't find support for device at '/sys/devices/pci0000:00/0000:00:08.0': not supported by any plugin
Oct 27 08:24:52 chefnode2 colord: Profile added: icc-2f1f11ecd613fe5551420fcaf5b11ff8
Oct 27 08:24:52 chefnode2 colord: Profile added: icc-526fbc9bdf0d7156c553998d47a3b5fc
Oct 27 08:24:52 chefnode2 colord: Profile added: icc-72f5b1cba915b68ea75cc843e270df5a
Oct 27 08:24:52 chefnode2 colord: Profile added: icc-6a245ab2d8892e2e56232af93cd48b81
Oct 27 08:24:52 chefnode2 colord: Profile added: icc-0383c34650771ce95ef93fe916867725
Oct 27 08:24:52 chefnode2 colord: Profile added: icc-3a34aa6c3d1fb1ef63ff41e04ee00979
Oct 27 08:24:52 chefnode2 kernel: [    8.099851] init: plymouth-splash main process (1664) terminated with status 1
Oct 27 08:24:52 chefnode2 colord: Profile added: icc-c3e6382fa9b2d31b01b736f6f97aac3a
Oct 27 08:24:52 chefnode2 colord: Profile added: icc-b0701c2ccf059287d0b067464df8bda9
Oct 27 08:24:52 chefnode2 colord: Profile added: icc-fb0ac62618f016ed9b92ce239258efa8
Oct 27 08:24:52 chefnode2 colord: Profile added: icc-57f0d896250f6f98f77ca1b0d19019c0
Oct 27 08:24:52 chefnode2 colord: Profile added: icc-d6490883a866e4059370e1de1d840283
Oct 27 08:24:52 chefnode2 colord: Profile added: icc-a1d13bd5309e0f06ceda6f0d75367823
Oct 27 08:24:52 chefnode2 colord: Profile added: icc-f64a1f19ce07290b35a752b00217b684
Oct 27 08:24:52 chefnode2 colord: Profile added: icc-ea421e3a65cfa796e2732ce36086e327
Oct 27 08:24:52 chefnode2 colord: Profile added: icc-a10be98be58460669fcdc6946939b7cf
Oct 27 08:24:52 chefnode2 colord: Profile added: icc-df7c0067b1eb9bcc9fc9b33bc3a797eb
Oct 27 08:24:52 chefnode2 colord: Profile added: icc-d4a7a2bd8ddaacf10e275e3db31d72b8
Oct 27 08:24:52 chefnode2 colord: Profile added: icc-c227f46f246694ba9971f270cb61a0c1
Oct 27 08:24:52 chefnode2 colord: Device added: xrandr-VBOX monitor-58460032
Oct 27 08:24:52 chefnode2 colord: Automatic metadata add icc-0e02fede1fea5b88558ad2d247aaf672 to xrandr-VBOX monitor-58460032
Oct 27 08:24:52 chefnode2 colord: Profile added: icc-0e02fede1fea5b88558ad2d247aaf672
Oct 27 08:24:52 chefnode2 colord: Profile added: icc-f5291a0204ee5dd761ddf7d654c531bc
Oct 27 08:24:54 chefnode2 ntpdate[648]: Can't find host ntp.ubuntu.com: Name or service not known (-2)
Oct 27 08:24:54 chefnode2 ntpdate[648]: no servers can be used, exiting
Oct 27 08:24:55 chefnode2 kernel: [   11.806800] init: plymouth-stop pre-start process (1717) terminated with status 1
Oct 27 08:24:56 chefnode2 colord: device removed: xrandr-VBOX monitor-58460032
Oct 27 08:24:56 chefnode2 colord: Profile removed: icc-0e02fede1fea5b88558ad2d247aaf672
Oct 27 08:24:56 chefnode2 colord: Profile removed: icc-f5291a0204ee5dd761ddf7d654c531bc
Oct 27 08:24:51 chefnode2 NetworkManager[942]: message repeated 3 times: [ <info> Unmanaged Device found; state CONNECTED forced. (see http://bugs.launchpad.net/bugs/191889)]
Oct 27 08:24:56 chefnode2 NetworkManager[942]: <warn> error requesting auth for org.freedesktop.NetworkManager.enable-disable-wwan: (3) GDBus.Error:org.freedesktop.DBus.Error.NameHasNoOwner: GDBus.Error:org.freedesktop.DBus.Error.NameHasNoOwner: Could not get UID of name ':1.38': no such name
Oct 27 08:24:56 chefnode2 NetworkManager[942]: <warn> error requesting auth for org.freedesktop.NetworkManager.enable-disable-wimax: (3) GDBus.Error:org.freedesktop.DBus.Error.NameHasNoOwner: GDBus.Error:org.freedesktop.DBus.Error.NameHasNoOwner: Could not get UID of name ':1.38': no such name
Oct 27 08:24:56 chefnode2 NetworkManager[942]: <warn> error requesting auth for org.freedesktop.NetworkManager.network-control: (3) GDBus.Error:org.freedesktop.DBus.Error.NameHasNoOwner: GDBus.Error:org.freedesktop.DBus.Error.NameHasNoOwner: Could not get UID of name ':1.38': no such name
Oct 27 08:24:56 chefnode2 NetworkManager[942]: <warn> error requesting auth for org.freedesktop.NetworkManager.wifi.share.protected: (3) GDBus.Error:org.freedesktop.DBus.Error.NameHasNoOwner: GDBus.Error:org.freedesktop.DBus.Error.NameHasNoOwner: Could not get UID of name ':1.38': no such name
Oct 27 08:24:56 chefnode2 NetworkManager[942]: <warn> error requesting auth for org.freedesktop.NetworkManager.wifi.share.open: (3) GDBus.Error:org.freedesktop.DBus.Error.NameHasNoOwner: GDBus.Error:org.freedesktop.DBus.Error.NameHasNoOwner: Could not get UID of name ':1.38': no such name
Oct 27 08:24:56 chefnode2 NetworkManager[942]: <warn> error requesting auth for org.freedesktop.NetworkManager.settings.modify.system: (3) GDBus.Error:org.freedesktop.DBus.Error.NameHasNoOwner: GDBus.Error:org.freedesktop.DBus.Error.NameHasNoOwner: Could not get UID of name ':1.38': no such name
Oct 27 08:24:56 chefnode2 NetworkManager[942]: <warn> error requesting auth for org.freedesktop.NetworkManager.settings.modify.own: (3) GDBus.Error:org.freedesktop.DBus.Error.NameHasNoOwner: GDBus.Error:org.freedesktop.DBus.Error.NameHasNoOwner: Could not get UID of name ':1.38': no such name
Oct 27 08:24:56 chefnode2 NetworkManager[942]: <warn> error requesting auth for org.freedesktop.NetworkManager.settings.modify.hostname: (3) GDBus.Error:org.freedesktop.DBus.Error.NameHasNoOwner: GDBus.Error:org.freedesktop.DBus.Error.NameHasNoOwner: Could not get UID of name ':1.38': no such name
Oct 27 08:24:57 chefnode2 rtkit-daemon[1519]: Successfully made thread 2160 of process 2160 (n/a) owned by '1000' high priority at nice level -11.
Oct 27 08:24:57 chefnode2 rtkit-daemon[1519]: Supervising 4 threads of 2 processes of 2 users.
Oct 27 08:24:57 chefnode2 colord: Device added: xrandr-VBOX monitor-58460032
Oct 27 08:24:57 chefnode2 pulseaudio[2160]: [pulseaudio] alsa-util.c: Disabling timer-based scheduling because running inside a VM.
Oct 27 08:24:57 chefnode2 rtkit-daemon[1519]: Successfully made thread 2186 of process 2160 (n/a) owned by '1000' RT at priority 5.
Oct 27 08:24:57 chefnode2 rtkit-daemon[1519]: Supervising 5 threads of 2 processes of 2 users.
Oct 27 08:24:57 chefnode2 rtkit-daemon[1519]: Successfully made thread 2187 of process 2160 (n/a) owned by '1000' RT at priority 5.
Oct 27 08:24:57 chefnode2 rtkit-daemon[1519]: Supervising 6 threads of 2 processes of 2 users.
Oct 27 08:24:57 chefnode2 rtkit-daemon[1519]: Successfully made thread 2191 of process 2191 (n/a) owned by '1000' high priority at nice level -11.
Oct 27 08:24:57 chefnode2 rtkit-daemon[1519]: Supervising 7 threads of 3 processes of 2 users.
Oct 27 08:24:57 chefnode2 pulseaudio[2191]: [pulseaudio] pid.c: Daemon already running.
Oct 27 08:24:57 chefnode2 rtkit-daemon[1519]: Successfully made thread 2196 of process 2196 (n/a) owned by '1000' high priority at nice level -11.
Oct 27 08:24:57 chefnode2 rtkit-daemon[1519]: Supervising 7 threads of 3 processes of 2 users.
Oct 27 08:24:57 chefnode2 pulseaudio[2196]: [pulseaudio] pid.c: Daemon already running.
Oct 27 08:24:57 chefnode2 dbus[388]: [system] Activating service name='org.freedesktop.locale1' (using servicehelper)
Oct 27 08:24:57 chefnode2 dbus[388]: [system] Successfully activated service 'org.freedesktop.locale1'
Oct 27 08:24:58 chefnode2 colord: Automatic metadata add icc-ef243201b9157cb20a3121af63e030ec to xrandr-VBOX monitor-58460032
Oct 27 08:24:58 chefnode2 colord: Profile added: icc-ef243201b9157cb20a3121af63e030ec
Oct 27 08:24:58 chefnode2 colord: Profile added: icc-3acb5f541cb7e2c78d39dd984be00b3c
Oct 27 08:24:57 chefnode2 pulseaudio[2160]: [pulseaudio] alsa-util.c: Disabling timer-based scheduling because running inside a VM.
Oct 27 08:24:58 chefnode2 pulseaudio[2160]: [alsa-sink-Intel ICH] alsa-sink.c: ALSA woke us up to write new data to the device, but there was actually nothing to write!
Oct 27 08:24:58 chefnode2 pulseaudio[2160]: [alsa-sink-Intel ICH] alsa-sink.c: Most likely this is a bug in the ALSA driver 'snd_intel8x0'. Please report this issue to the ALSA developers.
Oct 27 08:24:58 chefnode2 pulseaudio[2160]: [alsa-sink-Intel ICH] alsa-sink.c: We were woken up with POLLOUT set -- however a subsequent snd_pcm_avail() returned 0 or another value < min_avail.
Oct 27 08:24:58 chefnode2 dbus[388]: [system] Activating service name='org.freedesktop.UDisks2' (using servicehelper)
Oct 27 08:24:58 chefnode2 udisksd[2270]: udisks daemon version 2.1.3 starting
Oct 27 08:24:58 chefnode2 dbus[388]: [system] Successfully activated service 'org.freedesktop.UDisks2'
Oct 27 08:24:58 chefnode2 udisksd[2270]: Acquired the name org.freedesktop.UDisks2 on the system message bus
Oct 27 08:24:58 chefnode2 udisksd[2270]: Cleaning up mount point /media/vishnu/VBOXADDITIONS_4.3.18_96516 (device 11:0 is not mounted)
Oct 27 08:24:58 chefnode2 NetworkManager[942]: <info> Unmanaged Device found; state CONNECTED forced. (see http://bugs.launchpad.net/bugs/191889)
Oct 27 08:24:58 chefnode2 kernel: [   14.713200] ISO 9660 Extensions: Microsoft Joliet Level 3
Oct 27 08:24:58 chefnode2 kernel: [   14.725732] ISO 9660 Extensions: RRIP_1991A
Oct 27 08:24:58 chefnode2 udisksd[2270]: Mounted /dev/sr0 at /media/vishnu/VBOXADDITIONS_4.3.18_96516 on behalf of uid 1000
Oct 27 08:24:58 chefnode2 NetworkManager[942]: <info> Unmanaged Device found; state CONNECTED forced. (see http://bugs.launchpad.net/bugs/191889)
Oct 27 08:25:00 chefnode2 NetworkManager[942]: <info> WiFi hardware radio set enabled
Oct 27 08:25:01 chefnode2 CRON[2360]: (root) CMD (/usr/sbin/diskmon)
Oct 27 08:24:57 chefnode2 ntpdate[1690]: step time server 91.189.94.4 offset -4.217014 sec
Oct 27 08:25:05 chefnode2 NetworkManager[942]: <info> Unmanaged Device found; state CONNECTED forced. (see http://bugs.launchpad.net/bugs/191889)
Oct 27 08:25:07 chefnode2 ntpdate[2378]: adjust time server 91.189.94.4 offset 0.002786 sec
Oct 27 08:26:01 chefnode2 CRON[2590]: (root) CMD (/usr/sbin/diskmon)
Oct 27 08:27:01 chefnode2 CRON[2699]: (root) CMD (/usr/sbin/diskmon)
Oct 27 08:28:01 chefnode2 CRON[3175]: (root) CMD (/usr/sbin/diskmon)
Oct 27 08:29:01 chefnode2 CRON[3214]: (root) CMD (/usr/sbin/diskmon)
Oct 27 08:30:01 chefnode2 CRON[3220]: (root) CMD (/usr/sbin/diskmon)
Oct 27 08:31:01 chefnode2 CRON[3225]: (root) CMD (/usr/sbin/diskmon)
Oct 27 08:32:01 chefnode2 CRON[3230]: (root) CMD (/usr/sbin/diskmon)
Oct 27 08:33:01 chefnode2 CRON[3235]: (root) CMD (/usr/sbin/diskmon)
Oct 27 08:34:01 chefnode2 CRON[3239]: (root) CMD (/usr/sbin/diskmon)
Oct 27 08:35:01 chefnode2 CRON[3246]: (root) CMD (/usr/sbin/diskmon)
Oct 27 08:36:01 chefnode2 CRON[3256]: (root) CMD (/usr/sbin/diskmon)
Oct 27 08:37:01 chefnode2 CRON[3261]: (root) CMD (/usr/sbin/diskmon)
Oct 27 08:38:01 chefnode2 CRON[3265]: (root) CMD (/usr/sbin/diskmon)
Oct 27 08:39:01 chefnode2 CRON[3269]: (root) CMD (/usr/sbin/diskmon)
Oct 27 08:40:01 chefnode2 CRON[3275]: (root) CMD (/usr/sbin/diskmon)
Oct 27 08:41:01 chefnode2 CRON[3280]: (root) CMD (/usr/sbin/diskmon)
Oct 27 08:41:03 chefnode2 kernel: [  984.116497] atkbd_interrupt: 120 callbacks suppressed
Oct 27 08:41:03 chefnode2 kernel: [  984.116503] atkbd serio0: Spurious NAK on isa0060/serio0. Some program might be trying to access hardware directly.
Oct 27 08:42:01 chefnode2 CRON[3297]: (root) CMD (/usr/sbin/diskmon)
Oct 27 08:43:01 chefnode2 CRON[3301]: (root) CMD (/usr/sbin/diskmon)
Oct 27 08:44:01 chefnode2 CRON[3308]: (root) CMD (/usr/sbin/diskmon)
Oct 27 08:45:01 chefnode2 CRON[3313]: (root) CMD (/usr/sbin/diskmon)
Oct 27 08:46:01 chefnode2 CRON[3317]: (root) CMD (/usr/sbin/diskmon)
Oct 27 08:47:01 chefnode2 CRON[3324]: (root) CMD (/usr/sbin/diskmon)
Oct 27 08:48:01 chefnode2 CRON[3329]: (root) CMD (/usr/sbin/diskmon)
Oct 27 08:49:01 chefnode2 CRON[3333]: (root) CMD (/usr/sbin/diskmon)
Oct 27 08:50:01 chefnode2 CRON[3338]: (root) CMD (/usr/sbin/diskmon)
Oct 27 08:51:01 chefnode2 CRON[3343]: (root) CMD (/usr/sbin/diskmon)
Oct 27 08:52:01 chefnode2 CRON[3349]: (root) CMD (/usr/sbin/diskmon)
Oct 27 08:53:01 chefnode2 CRON[3353]: (root) CMD (/usr/sbin/diskmon)
Oct 27 08:54:01 chefnode2 CRON[3357]: (root) CMD (/usr/sbin/diskmon)
Oct 27 08:55:01 chefnode2 CRON[3362]: (root) CMD (/usr/sbin/diskmon)
Oct 27 08:56:01 chefnode2 CRON[3366]: (root) CMD (/usr/sbin/diskmon)
Oct 27 08:57:01 chefnode2 CRON[3371]: (root) CMD (/usr/sbin/diskmon)
Oct 27 08:58:01 chefnode2 CRON[3379]: (root) CMD (/usr/sbin/diskmon)
Oct 27 08:59:01 chefnode2 CRON[3383]: (root) CMD (/usr/sbin/diskmon)
Oct 27 09:00:01 chefnode2 CRON[3387]: (root) CMD (/usr/sbin/diskmon)
Oct 27 09:01:01 chefnode2 CRON[3391]: (root) CMD (/usr/sbin/diskmon)
Oct 27 09:02:01 chefnode2 CRON[3396]: (root) CMD (/usr/sbin/diskmon)
Oct 27 09:03:01 chefnode2 CRON[3400]: (root) CMD (/usr/sbin/diskmon)
Oct 27 09:04:01 chefnode2 CRON[3404]: (root) CMD (/usr/sbin/diskmon)
Oct 27 09:05:01 chefnode2 CRON[3409]: (root) CMD (/usr/sbin/diskmon)
Oct 27 09:06:01 chefnode2 CRON[3414]: (root) CMD (/usr/sbin/diskmon)
Oct 27 09:07:01 chefnode2 CRON[3419]: (root) CMD (/usr/sbin/diskmon)
Oct 27 09:08:01 chefnode2 CRON[3423]: (root) CMD (/usr/sbin/diskmon)
Oct 27 09:09:01 chefnode2 CRON[3427]: (root) CMD (/usr/sbin/diskmon)
Oct 27 09:10:01 chefnode2 CRON[3432]: (root) CMD (/usr/sbin/diskmon)
Oct 27 09:11:01 chefnode2 CRON[3437]: (root) CMD (/usr/sbin/diskmon)
Oct 27 09:12:01 chefnode2 CRON[3442]: (root) CMD (/usr/sbin/diskmon)
Oct 27 09:13:01 chefnode2 CRON[3446]: (root) CMD (/usr/sbin/diskmon)
Oct 27 09:14:01 chefnode2 CRON[3450]: (root) CMD (/usr/sbin/diskmon)
Oct 27 09:15:01 chefnode2 CRON[3455]: (root) CMD (/usr/sbin/diskmon)
Oct 27 09:16:01 chefnode2 CRON[3459]: (root) CMD (/usr/sbin/diskmon)
Oct 27 09:17:01 chefnode2 CRON[3465]: (root) CMD (   cd / && run-parts --report /etc/cron.hourly)
Oct 27 09:17:01 chefnode2 CRON[3466]: (root) CMD (/usr/sbin/diskmon)
Oct 27 09:18:01 chefnode2 CRON[3471]: (root) CMD (/usr/sbin/diskmon)
Oct 27 09:19:01 chefnode2 CRON[3475]: (root) CMD (/usr/sbin/diskmon)
Oct 27 09:20:01 chefnode2 CRON[3479]: (root) CMD (/usr/sbin/diskmon)
Oct 27 09:21:01 chefnode2 CRON[3489]: (root) CMD (/usr/sbin/diskmon)
Oct 27 09:22:01 chefnode2 CRON[3494]: (root) CMD (/usr/sbin/diskmon)
Oct 27 09:23:01 chefnode2 CRON[3498]: (root) CMD (/usr/sbin/diskmon)
Oct 27 09:24:01 chefnode2 CRON[3502]: (root) CMD (/usr/sbin/diskmon)
Oct 27 09:25:01 chefnode2 CRON[3517]: (root) CMD (/usr/sbin/diskmon)
Oct 27 09:26:01 chefnode2 CRON[3521]: (root) CMD (/usr/sbin/diskmon)
Oct 27 09:27:01 chefnode2 CRON[3526]: (root) CMD (/usr/sbin/diskmon)
Oct 27 09:28:01 chefnode2 CRON[3530]: (root) CMD (/usr/sbin/diskmon)
Oct 27 09:29:01 chefnode2 CRON[3534]: (root) CMD (/usr/sbin/diskmon)
Oct 27 09:30:01 chefnode2 CRON[3538]: (root) CMD (/usr/sbin/diskmon)
Oct 27 09:31:01 chefnode2 CRON[3542]: (root) CMD (/usr/sbin/diskmon)
Oct 27 09:32:01 chefnode2 CRON[3547]: (root) CMD (/usr/sbin/diskmon)
Oct 27 09:33:01 chefnode2 CRON[3551]: (root) CMD (/usr/sbin/diskmon)
Oct 27 09:34:01 chefnode2 CRON[3555]: (root) CMD (/usr/sbin/diskmon)
Oct 27 09:35:01 chefnode2 CRON[3560]: (root) CMD (/usr/sbin/diskmon)
Oct 27 09:36:01 chefnode2 CRON[3564]: (root) CMD (/usr/sbin/diskmon)
Oct 27 09:37:01 chefnode2 CRON[3569]: (root) CMD (/usr/sbin/diskmon)
Oct 27 09:38:01 chefnode2 CRON[3573]: (root) CMD (/usr/sbin/diskmon)
Oct 27 09:39:01 chefnode2 CRON[3577]: (root) CMD (/usr/sbin/diskmon)
Oct 27 09:40:01 chefnode2 CRON[3581]: (root) CMD (/usr/sbin/diskmon)
Oct 27 09:41:01 chefnode2 CRON[3585]: (root) CMD (/usr/sbin/diskmon)
Oct 27 09:42:01 chefnode2 CRON[3590]: (root) CMD (/usr/sbin/diskmon)
Oct 27 09:43:01 chefnode2 CRON[3594]: (root) CMD (/usr/sbin/diskmon)
Oct 27 09:44:01 chefnode2 CRON[3598]: (root) CMD (/usr/sbin/diskmon)
Oct 27 09:45:01 chefnode2 CRON[3603]: (root) CMD (/usr/sbin/diskmon)
Oct 27 09:46:01 chefnode2 CRON[3607]: (root) CMD (/usr/sbin/diskmon)
Oct 27 09:47:01 chefnode2 CRON[3612]: (root) CMD (/usr/sbin/diskmon)
Oct 27 09:48:01 chefnode2 CRON[3616]: (root) CMD (/usr/sbin/diskmon)
Oct 27 09:49:01 chefnode2 CRON[3620]: (root) CMD (/usr/sbin/diskmon)
Oct 27 09:50:01 chefnode2 CRON[3624]: (root) CMD (/usr/sbin/diskmon)
Oct 27 09:51:01 chefnode2 CRON[3628]: (root) CMD (/usr/sbin/diskmon)
Oct 27 09:52:01 chefnode2 CRON[3633]: (root) CMD (/usr/sbin/diskmon)
Oct 27 09:53:01 chefnode2 CRON[3637]: (root) CMD (/usr/sbin/diskmon)
Oct 27 09:54:01 chefnode2 CRON[3641]: (root) CMD (/usr/sbin/diskmon)
Oct 27 09:55:01 chefnode2 CRON[3647]: (root) CMD (/usr/sbin/diskmon)
Oct 27 09:56:01 chefnode2 CRON[3651]: (root) CMD (/usr/sbin/diskmon)
Oct 27 09:57:01 chefnode2 CRON[3656]: (root) CMD (/usr/sbin/diskmon)
Oct 27 09:58:01 chefnode2 CRON[3660]: (root) CMD (/usr/sbin/diskmon)
Oct 27 09:59:01 chefnode2 CRON[3664]: (root) CMD (/usr/sbin/diskmon)
Oct 27 10:00:01 chefnode2 CRON[3671]: (root) CMD (/usr/sbin/diskmon)
Oct 27 10:01:01 chefnode2 CRON[3675]: (root) CMD (/usr/sbin/diskmon)
Oct 27 10:02:01 chefnode2 CRON[3680]: (root) CMD (/usr/sbin/diskmon)
Oct 27 10:03:01 chefnode2 CRON[3684]: (root) CMD (/usr/sbin/diskmon)
Oct 27 10:04:01 chefnode2 CRON[3688]: (root) CMD (/usr/sbin/diskmon)
Oct 27 10:05:01 chefnode2 CRON[3693]: (root) CMD (/usr/sbin/diskmon)
Oct 27 10:06:01 chefnode2 CRON[3697]: (root) CMD (/usr/sbin/diskmon)
Oct 27 10:07:01 chefnode2 CRON[3702]: (root) CMD (/usr/sbin/diskmon)
Oct 27 10:08:01 chefnode2 CRON[3706]: (root) CMD (/usr/sbin/diskmon)
Oct 27 10:09:02 chefnode2 CRON[3710]: (root) CMD (/usr/sbin/diskmon)
Oct 27 10:10:01 chefnode2 CRON[3714]: (root) CMD (/usr/sbin/diskmon)
Oct 27 10:11:01 chefnode2 CRON[3718]: (root) CMD (/usr/sbin/diskmon)
Oct 27 10:12:01 chefnode2 CRON[3723]: (root) CMD (/usr/sbin/diskmon)
Oct 27 10:13:01 chefnode2 CRON[3727]: (root) CMD (/usr/sbin/diskmon)
Oct 27 10:14:01 chefnode2 CRON[3731]: (root) CMD (/usr/sbin/diskmon)
Oct 27 10:15:01 chefnode2 CRON[3736]: (root) CMD (/usr/sbin/diskmon)
Oct 27 10:16:01 chefnode2 CRON[3740]: (root) CMD (/usr/sbin/diskmon)
Oct 27 10:17:01 chefnode2 CRON[3746]: (root) CMD (/usr/sbin/diskmon)
Oct 27 10:17:01 chefnode2 CRON[3747]: (root) CMD (   cd / && run-parts --report /etc/cron.hourly)
Oct 27 10:18:01 chefnode2 CRON[3752]: (root) CMD (/usr/sbin/diskmon)
Oct 27 10:19:01 chefnode2 CRON[3756]: (root) CMD (/usr/sbin/diskmon)
Oct 27 10:20:01 chefnode2 CRON[3760]: (root) CMD (/usr/sbin/diskmon)
Oct 27 10:21:01 chefnode2 CRON[3764]: (root) CMD (/usr/sbin/diskmon)
Oct 27 10:22:01 chefnode2 CRON[3769]: (root) CMD (/usr/sbin/diskmon)
Oct 27 10:23:01 chefnode2 CRON[3773]: (root) CMD (/usr/sbin/diskmon)
Oct 27 10:24:01 chefnode2 CRON[3777]: (root) CMD (/usr/sbin/diskmon)
Oct 27 10:25:01 chefnode2 CRON[3782]: (root) CMD (/usr/sbin/diskmon)
Oct 27 10:26:01 chefnode2 CRON[3786]: (root) CMD (/usr/sbin/diskmon)
Oct 27 10:27:01 chefnode2 CRON[3791]: (root) CMD (/usr/sbin/diskmon)
Oct 27 10:28:01 chefnode2 CRON[3795]: (root) CMD (/usr/sbin/diskmon)
Oct 27 10:29:01 chefnode2 CRON[3799]: (root) CMD (/usr/sbin/diskmon)
Oct 27 10:30:01 chefnode2 CRON[3803]: (root) CMD (/usr/sbin/diskmon)
Oct 27 10:31:01 chefnode2 CRON[3810]: (root) CMD (/usr/sbin/diskmon)
Oct 27 10:32:01 chefnode2 CRON[3815]: (root) CMD (/usr/sbin/diskmon)
Oct 27 10:33:01 chefnode2 CRON[3819]: (root) CMD (/usr/sbin/diskmon)
Oct 27 10:34:01 chefnode2 CRON[3836]: (root) CMD (/usr/sbin/diskmon)
Oct 27 10:35:01 chefnode2 CRON[3843]: (root) CMD (/usr/sbin/diskmon)
Oct 27 10:36:01 chefnode2 CRON[3847]: (root) CMD (/usr/sbin/diskmon)
Oct 27 10:37:01 chefnode2 CRON[3852]: (root) CMD (/usr/sbin/diskmon)
Oct 27 10:38:01 chefnode2 CRON[3856]: (root) CMD (/usr/sbin/diskmon)
Oct 27 10:39:01 chefnode2 CRON[3860]: (root) CMD (/usr/sbin/diskmon)
Oct 27 10:40:01 chefnode2 CRON[3866]: (root) CMD (/usr/sbin/diskmon)
Oct 27 10:41:01 chefnode2 CRON[3870]: (root) CMD (/usr/sbin/diskmon)
Oct 27 10:42:01 chefnode2 CRON[3876]: (root) CMD (/usr/sbin/diskmon)
Oct 27 10:43:01 chefnode2 CRON[3880]: (root) CMD (/usr/sbin/diskmon)
Oct 27 10:44:01 chefnode2 CRON[3884]: (root) CMD (/usr/sbin/diskmon)
Oct 27 10:45:01 chefnode2 CRON[3889]: (root) CMD (/usr/sbin/diskmon)
Oct 27 10:46:01 chefnode2 CRON[3894]: (root) CMD (/usr/sbin/diskmon)
Oct 27 10:47:01 chefnode2 CRON[3899]: (root) CMD (/usr/sbin/diskmon)
Oct 27 10:48:01 chefnode2 CRON[3903]: (root) CMD (/usr/sbin/diskmon)
Oct 27 10:49:01 chefnode2 CRON[3907]: (root) CMD (/usr/sbin/diskmon)
Oct 27 10:50:01 chefnode2 CRON[3923]: (root) CMD (/usr/sbin/diskmon)
Oct 27 10:51:01 chefnode2 CRON[3930]: (root) CMD (/usr/sbin/diskmon)
Oct 27 10:52:01 chefnode2 CRON[3935]: (root) CMD (/usr/sbin/diskmon)
Oct 27 10:53:01 chefnode2 CRON[3939]: (root) CMD (/usr/sbin/diskmon)
Oct 27 10:54:01 chefnode2 CRON[3943]: (root) CMD (/usr/sbin/diskmon)
Oct 27 10:55:01 chefnode2 CRON[3948]: (root) CMD (/usr/sbin/diskmon)
Oct 27 10:56:01 chefnode2 CRON[3952]: (root) CMD (/usr/sbin/diskmon)
Oct 27 10:57:01 chefnode2 CRON[3960]: (root) CMD (/usr/sbin/diskmon)
Oct 27 10:58:01 chefnode2 CRON[3964]: (root) CMD (/usr/sbin/diskmon)
Oct 27 10:59:01 chefnode2 CRON[3968]: (root) CMD (/usr/sbin/diskmon)
Oct 27 11:00:01 chefnode2 CRON[3972]: (root) CMD (/usr/sbin/diskmon)
Oct 27 11:01:01 chefnode2 CRON[3976]: (root) CMD (/usr/sbin/diskmon)
Oct 27 11:02:01 chefnode2 CRON[3984]: (root) CMD (/usr/sbin/diskmon)
Oct 27 11:03:01 chefnode2 CRON[3989]: (root) CMD (/usr/sbin/diskmon)
Oct 27 11:04:01 chefnode2 CRON[3993]: (root) CMD (/usr/sbin/diskmon)
Oct 27 11:05:01 chefnode2 CRON[3998]: (root) CMD (/usr/sbin/diskmon)
Oct 27 11:06:01 chefnode2 CRON[4002]: (root) CMD (/usr/sbin/diskmon)
Oct 27 11:07:01 chefnode2 CRON[4007]: (root) CMD (/usr/sbin/diskmon)
Oct 27 11:08:01 chefnode2 CRON[4012]: (root) CMD (/usr/sbin/diskmon)
Oct 27 11:09:01 chefnode2 CRON[4016]: (root) CMD (/usr/sbin/diskmon)
Oct 27 11:10:01 chefnode2 CRON[4020]: (root) CMD (/usr/sbin/diskmon)
Oct 27 11:11:01 chefnode2 CRON[4024]: (root) CMD (/usr/sbin/diskmon)
Oct 27 11:12:01 chefnode2 CRON[4029]: (root) CMD (/usr/sbin/diskmon)
Oct 27 11:13:01 chefnode2 CRON[4033]: (root) CMD (/usr/sbin/diskmon)
Oct 27 11:14:01 chefnode2 CRON[4040]: (root) CMD (/usr/sbin/diskmon)
Oct 27 11:14:51 chefnode2 kernel: [10211.716265] e1000: eth0 NIC Link is Down
Oct 27 11:14:55 chefnode2 kernel: [10215.724557] e1000: eth0 NIC Link is Up 1000 Mbps Full Duplex, Flow Control: RX
Oct 27 11:15:01 chefnode2 CRON[4045]: (root) CMD (/usr/sbin/diskmon)
Oct 27 11:16:01 chefnode2 CRON[4049]: (root) CMD (/usr/sbin/diskmon)
Oct 27 11:17:01 chefnode2 CRON[4055]: (root) CMD (/usr/sbin/diskmon)
Oct 27 11:17:01 chefnode2 CRON[4056]: (root) CMD (   cd / && run-parts --report /etc/cron.hourly)
Oct 27 11:18:01 chefnode2 CRON[4061]: (root) CMD (/usr/sbin/diskmon)
Oct 27 11:19:01 chefnode2 CRON[4068]: (root) CMD (/usr/sbin/diskmon)
Oct 27 11:20:01 chefnode2 CRON[4072]: (root) CMD (/usr/sbin/diskmon)
Oct 27 11:21:01 chefnode2 CRON[4076]: (root) CMD (/usr/sbin/diskmon)
Oct 27 11:22:01 chefnode2 CRON[4081]: (root) CMD (/usr/sbin/diskmon)
Oct 27 11:23:01 chefnode2 CRON[4085]: (root) CMD (/usr/sbin/diskmon)
Oct 27 11:24:01 chefnode2 CRON[4089]: (root) CMD (/usr/sbin/diskmon)
Oct 27 11:25:01 chefnode2 CRON[4097]: (root) CMD (/usr/sbin/diskmon)
Oct 27 11:26:01 chefnode2 CRON[4101]: (root) CMD (/usr/sbin/diskmon)
Oct 27 11:27:01 chefnode2 CRON[4106]: (root) CMD (/usr/sbin/diskmon)
Oct 27 11:28:01 chefnode2 CRON[4110]: (root) CMD (/usr/sbin/diskmon)
Oct 27 11:29:01 chefnode2 CRON[4114]: (root) CMD (/usr/sbin/diskmon)
Oct 27 11:30:01 chefnode2 CRON[4121]: (root) CMD (/usr/sbin/diskmon)
Oct 27 11:31:01 chefnode2 CRON[4125]: (root) CMD (/usr/sbin/diskmon)
Oct 27 11:32:01 chefnode2 CRON[4130]: (root) CMD (/usr/sbin/diskmon)
Oct 27 11:33:01 chefnode2 CRON[4134]: (root) CMD (/usr/sbin/diskmon)
Oct 27 11:34:01 chefnode2 CRON[4138]: (root) CMD (/usr/sbin/diskmon)
Oct 27 11:35:01 chefnode2 CRON[4143]: (root) CMD (/usr/sbin/diskmon)
Oct 27 11:36:01 chefnode2 CRON[4150]: (root) CMD (/usr/sbin/diskmon)
Oct 27 11:37:01 chefnode2 CRON[4155]: (root) CMD (/usr/sbin/diskmon)
Oct 27 11:38:01 chefnode2 CRON[4159]: (root) CMD (/usr/sbin/diskmon)
Oct 27 11:39:01 chefnode2 CRON[4163]: (root) CMD (/usr/sbin/diskmon)
Oct 27 11:40:01 chefnode2 CRON[4167]: (root) CMD (/usr/sbin/diskmon)
Oct 27 11:41:01 chefnode2 CRON[4174]: (root) CMD (/usr/sbin/diskmon)
Oct 27 11:42:01 chefnode2 CRON[4179]: (root) CMD (/usr/sbin/diskmon)
Oct 27 11:43:01 chefnode2 CRON[4183]: (root) CMD (/usr/sbin/diskmon)
Oct 27 11:44:01 chefnode2 CRON[4187]: (root) CMD (/usr/sbin/diskmon)
Oct 27 11:45:01 chefnode2 CRON[4192]: (root) CMD (/usr/sbin/diskmon)
Oct 27 11:46:01 chefnode2 CRON[4196]: (root) CMD (/usr/sbin/diskmon)
Oct 27 11:47:01 chefnode2 CRON[4204]: (root) CMD (/usr/sbin/diskmon)
Oct 27 11:48:01 chefnode2 CRON[4208]: (root) CMD (/usr/sbin/diskmon)
Oct 27 11:49:01 chefnode2 CRON[4212]: (root) CMD (/usr/sbin/diskmon)
Oct 27 11:50:02 chefnode2 CRON[4216]: (root) CMD (/usr/sbin/diskmon)
Oct 27 11:51:01 chefnode2 CRON[4220]: (root) CMD (/usr/sbin/diskmon)
Oct 27 11:52:01 chefnode2 CRON[4225]: (root) CMD (/usr/sbin/diskmon)
Oct 27 11:53:01 chefnode2 CRON[4232]: (root) CMD (/usr/sbin/diskmon)
Oct 27 11:54:01 chefnode2 CRON[4236]: (root) CMD (/usr/sbin/diskmon)
Oct 27 11:55:01 chefnode2 CRON[4241]: (root) CMD (/usr/sbin/diskmon)
Oct 27 11:56:01 chefnode2 CRON[4245]: (root) CMD (/usr/sbin/diskmon)
Oct 27 11:57:01 chefnode2 CRON[4250]: (root) CMD (/usr/sbin/diskmon)
Oct 27 11:58:01 chefnode2 CRON[4257]: (root) CMD (/usr/sbin/diskmon)
Oct 27 11:59:01 chefnode2 CRON[4261]: (root) CMD (/usr/sbin/diskmon)
Oct 27 12:00:01 chefnode2 CRON[4265]: (root) CMD (/usr/sbin/diskmon)
Oct 27 12:01:01 chefnode2 CRON[4269]: (root) CMD (/usr/sbin/diskmon)
Oct 27 12:02:01 chefnode2 CRON[4274]: (root) CMD (/usr/sbin/diskmon)
Oct 27 12:03:01 chefnode2 CRON[4278]: (root) CMD (/usr/sbin/diskmon)
Oct 27 12:04:01 chefnode2 CRON[4286]: (root) CMD (/usr/sbin/diskmon)
Oct 27 12:05:01 chefnode2 CRON[4291]: (root) CMD (/usr/sbin/diskmon)
Oct 27 12:06:01 chefnode2 CRON[4295]: (root) CMD (/usr/sbin/diskmon)
Oct 27 12:07:01 chefnode2 CRON[4300]: (root) CMD (/usr/sbin/diskmon)
Oct 27 12:08:01 chefnode2 CRON[4304]: (root) CMD (/usr/sbin/diskmon)
Oct 27 12:09:01 chefnode2 CRON[4309]: (root) CMD (/usr/sbin/diskmon)
Oct 27 12:10:01 chefnode2 CRON[4313]: (root) CMD (/usr/sbin/diskmon)
Oct 27 12:11:01 chefnode2 CRON[4317]: (root) CMD (/usr/sbin/diskmon)
Oct 27 12:12:01 chefnode2 CRON[4322]: (root) CMD (/usr/sbin/diskmon)
Oct 27 12:13:01 chefnode2 CRON[4326]: (root) CMD (/usr/sbin/diskmon)
Oct 27 12:14:01 chefnode2 CRON[4330]: (root) CMD (/usr/sbin/diskmon)
Oct 27 12:15:01 chefnode2 CRON[4338]: (root) CMD (/usr/sbin/diskmon)
Oct 27 12:16:01 chefnode2 CRON[4342]: (root) CMD (/usr/sbin/diskmon)
